Archive member included to satisfy reference by file (symbol)

c:/program files (x86)/gnu arm embedded toolchain/10 2021.10/bin/../lib/gcc/arm-none-eabi/10.3.1/../../../../arm-none-eabi/lib/thumb/v7e-m+fp/hard\libc_nano.a(lib_a-ctype_.o)
                              _build/nrf52840_xxaa/nrf_log_str_formatter.c.o (_ctype_)
c:/program files (x86)/gnu arm embedded toolchain/10 2021.10/bin/../lib/gcc/arm-none-eabi/10.3.1/../../../../arm-none-eabi/lib/thumb/v7e-m+fp/hard\libc_nano.a(lib_a-exit.o)
                              c:/program files (x86)/gnu arm embedded toolchain/10 2021.10/bin/../lib/gcc/arm-none-eabi/10.3.1/../../../../arm-none-eabi/lib/thumb/v7e-m+fp/hard/crt0.o (exit)
c:/program files (x86)/gnu arm embedded toolchain/10 2021.10/bin/../lib/gcc/arm-none-eabi/10.3.1/../../../../arm-none-eabi/lib/thumb/v7e-m+fp/hard\libc_nano.a(lib_a-impure.o)
                              c:/program files (x86)/gnu arm embedded toolchain/10 2021.10/bin/../lib/gcc/arm-none-eabi/10.3.1/../../../../arm-none-eabi/lib/thumb/v7e-m+fp/hard\libc_nano.a(lib_a-exit.o) (_global_impure_ptr)
c:/program files (x86)/gnu arm embedded toolchain/10 2021.10/bin/../lib/gcc/arm-none-eabi/10.3.1/../../../../arm-none-eabi/lib/thumb/v7e-m+fp/hard\libc_nano.a(lib_a-init.o)
                              c:/program files (x86)/gnu arm embedded toolchain/10 2021.10/bin/../lib/gcc/arm-none-eabi/10.3.1/../../../../arm-none-eabi/lib/thumb/v7e-m+fp/hard/crt0.o (__libc_init_array)
c:/program files (x86)/gnu arm embedded toolchain/10 2021.10/bin/../lib/gcc/arm-none-eabi/10.3.1/../../../../arm-none-eabi/lib/thumb/v7e-m+fp/hard\libc_nano.a(lib_a-memcmp.o)
                              _build/nrf52840_xxaa/ble_advdata.c.o (memcmp)
c:/program files (x86)/gnu arm embedded toolchain/10 2021.10/bin/../lib/gcc/arm-none-eabi/10.3.1/../../../../arm-none-eabi/lib/thumb/v7e-m+fp/hard\libc_nano.a(lib_a-memcpy-stub.o)
                              _build/nrf52840_xxaa/nrf_log_frontend.c.o (memcpy)
c:/program files (x86)/gnu arm embedded toolchain/10 2021.10/bin/../lib/gcc/arm-none-eabi/10.3.1/../../../../arm-none-eabi/lib/thumb/v7e-m+fp/hard\libc_nano.a(lib_a-memset.o)
                              c:/program files (x86)/gnu arm embedded toolchain/10 2021.10/bin/../lib/gcc/arm-none-eabi/10.3.1/../../../../arm-none-eabi/lib/thumb/v7e-m+fp/hard/crt0.o (memset)
c:/program files (x86)/gnu arm embedded toolchain/10 2021.10/bin/../lib/gcc/arm-none-eabi/10.3.1/../../../../arm-none-eabi/lib/thumb/v7e-m+fp/hard\libc_nano.a(lib_a-printf.o)
                              _build/nrf52840_xxaa/main.c.o (printf)
c:/program files (x86)/gnu arm embedded toolchain/10 2021.10/bin/../lib/gcc/arm-none-eabi/10.3.1/../../../../arm-none-eabi/lib/thumb/v7e-m+fp/hard\libc_nano.a(lib_a-strcpy.o)
                              _build/nrf52840_xxaa/SEGGER_RTT.c.o (strcpy)
c:/program files (x86)/gnu arm embedded toolchain/10 2021.10/bin/../lib/gcc/arm-none-eabi/10.3.1/../../../../arm-none-eabi/lib/thumb/v7e-m+fp/hard\libc_nano.a(lib_a-strlen.o)
                              _build/nrf52840_xxaa/nrf_log_frontend.c.o (strlen)
c:/program files (x86)/gnu arm embedded toolchain/10 2021.10/bin/../lib/gcc/arm-none-eabi/10.3.1/../../../../arm-none-eabi/lib/thumb/v7e-m+fp/hard\libc_nano.a(lib_a-findfp.o)
                              c:/program files (x86)/gnu arm embedded toolchain/10 2021.10/bin/../lib/gcc/arm-none-eabi/10.3.1/../../../../arm-none-eabi/lib/thumb/v7e-m+fp/hard\libc_nano.a(lib_a-printf.o) (__sinit)
c:/program files (x86)/gnu arm embedded toolchain/10 2021.10/bin/../lib/gcc/arm-none-eabi/10.3.1/../../../../arm-none-eabi/lib/thumb/v7e-m+fp/hard\libc_nano.a(lib_a-fwalk.o)
                              c:/program files (x86)/gnu arm embedded toolchain/10 2021.10/bin/../lib/gcc/arm-none-eabi/10.3.1/../../../../arm-none-eabi/lib/thumb/v7e-m+fp/hard\libc_nano.a(lib_a-findfp.o) (_fwalk)
c:/program files (x86)/gnu arm embedded toolchain/10 2021.10/bin/../lib/gcc/arm-none-eabi/10.3.1/../../../../arm-none-eabi/lib/thumb/v7e-m+fp/hard\libc_nano.a(lib_a-lock.o)
                              c:/program files (x86)/gnu arm embedded toolchain/10 2021.10/bin/../lib/gcc/arm-none-eabi/10.3.1/../../../../arm-none-eabi/lib/thumb/v7e-m+fp/hard\libc_nano.a(lib_a-findfp.o) (__retarget_lock_init_recursive)
c:/program files (x86)/gnu arm embedded toolchain/10 2021.10/bin/../lib/gcc/arm-none-eabi/10.3.1/../../../../arm-none-eabi/lib/thumb/v7e-m+fp/hard\libc_nano.a(lib_a-nano-mallocr.o)
                              c:/program files (x86)/gnu arm embedded toolchain/10 2021.10/bin/../lib/gcc/arm-none-eabi/10.3.1/../../../../arm-none-eabi/lib/thumb/v7e-m+fp/hard\libc_nano.a(lib_a-findfp.o) (_malloc_r)
c:/program files (x86)/gnu arm embedded toolchain/10 2021.10/bin/../lib/gcc/arm-none-eabi/10.3.1/../../../../arm-none-eabi/lib/thumb/v7e-m+fp/hard\libc_nano.a(lib_a-nano-vfprintf.o)
[...]
Memory Configuration

Name             Origin             Length             Attributes
FLASH            0x00026000         0x000ce000         xr
RAM              0x20002ae8         0x0003d518         xrw
*default*        0x00000000         0xffffffff

Linker script and memory map


.text           0x00026000     0xa9e0
 *(.isr_vector)
 .isr_vector    0x00026000      0x200 _build/nrf52840_xxaa/gcc_startup_nrf52840.S.o
                0x00026000                __isr_vector
 *(.text*)
 .text          0x00026200       0x40 c:/program files (x86)/gnu arm embedded toolchain/10 2021.10/bin/../lib/gcc/arm-none-eabi/10.3.1/thumb/v7e-m+fp/hard/crtbegin.o
 .text          0x00026240       0x7c c:/program files (x86)/gnu arm embedded toolchain/10 2021.10/bin/../lib/gcc/arm-none-eabi/10.3.1/../../../../arm-none-eabi/lib/thumb/v7e-m+fp/hard/crt0.o
                0x00026240                _stack_init
                0x00026248                _start
                0x00026248                _mainCRTStartup
 .text          0x000262bc       0x3c _build/nrf52840_xxaa/gcc_startup_nrf52840.S.o
                0x000262bc                Reset_Handler
                0x000262e4                NMI_Handler
                0x000262e6                HardFault_Handler
                0x000262e8                MemoryManagement_Handler
                0x000262ea                BusFault_Handler
                0x000262ec                UsageFault_Handler
                0x000262ee                SVC_Handler
                0x000262f0                DebugMon_Handler
                0x000262f2                PendSV_Handler
                0x000262f4                SysTick_Handler
                0x000262f6                TEMP_IRQHandler
                0x000262f6                QDEC_IRQHandler
                0x000262f6                PWM3_IRQHandler
                0x000262f6                FPU_IRQHandler
                0x000262f6                USBD_IRQHandler
                0x000262f6                PDM_IRQHandler
                0x000262f6                TIMER4_IRQHandler
                0x000262f6                CRYPTOCELL_IRQHandler
                0x000262f6                I2S_IRQHandler
                0x000262f6                SWI4_EGU4_IRQHandler
                0x000262f6                TIMER0_IRQHandler
                0x000262f6                RADIO_IRQHandler
                0x000262f6                RTC0_IRQHandler
                0x000262f6                TIMER1_IRQHandler
                0x000262f6                SPIM3_IRQHandler
                0x000262f6                PWM2_IRQHandler
                0x000262f6                ECB_IRQHandler
                0x000262f6                Default_Handler
                0x000262f6                CCM_AAR_IRQHandler
                0x000262f6                WDT_IRQHandler
                0x000262f6                PWM1_IRQHandler
                0x000262f6                SWI5_EGU5_IRQHandler
                0x000262f6                RNG_IRQHandler
                0x000262f6                RTC2_IRQHandler
                0x000262f6                PWM0_IRQHandler
                0x000262f6                SWI3_EGU3_IRQHandler
                0x000262f6                SWI1_EGU1_IRQHandler
                0x000262f6                SPIM2_SPIS2_SPI2_IRQHandler
                0x000262f6                NFCT_IRQHandler
                0x000262f6                UARTE1_IRQHandler
                0x000262f6                MWU_IRQHandler
                0x000262f6                TIMER2_IRQHandler
                0x000262f6                QSPI_IRQHandler
                0x000262f6                COMP_LPCOMP_IRQHandler
 .text.nrf_log_backend_rtt_flush
                0x000262f8        0x4 _build/nrf52840_xxaa/nrf_log_backend_rtt.c.o
 .text.nrf_log_backend_rtt_put
                0x000262fc       0x20 _build/nrf52840_xxaa/nrf_log_backend_rtt.c.o
 .text.serial_tx
                0x0002631c       0x54 _build/nrf52840_xxaa/nrf_log_backend_rtt.c.o
 .text.nrf_log_backend_rtt_panic_set
                0x00026370        0x4 _build/nrf52840_xxaa/nrf_log_backend_rtt.c.o
 .text.nrf_log_backend_rtt_init
                0x00026374        0x4 _build/nrf52840_xxaa/nrf_log_backend_rtt.c.o
                0x00026374                nrf_log_backend_rtt_init
 .text.nrf_log_backend_serial_put
                0x00026378       0xd8 _build/nrf52840_xxaa/nrf_log_backend_serial.c.o
                0x00026378                nrf_log_backend_serial_put
 .text.nrf_log_default_backends_init
                0x00026450       0x20 _build/nrf52840_xxaa/nrf_log_default_backends.c.o
                0x00026450                nrf_log_default_backends_init
 .text.nrf_log_init
                0x00026470       0x28 _build/nrf52840_xxaa/nrf_log_frontend.c.o
                0x00026470                nrf_log_init
 .text.nrf_log_module_name_get
                0x00026498       0x48 _build/nrf52840_xxaa/nrf_log_frontend.c.o
                0x00026498                nrf_log_module_name_get
 .text.nrf_log_color_id_get
                0x000264e0       0x2c _build/nrf52840_xxaa/nrf_log_frontend.c.o
                0x000264e0                nrf_log_color_id_get
 .text.nrf_log_frontend_dequeue
                0x0002650c      0x260 _build/nrf52840_xxaa/nrf_log_frontend.c.o
                0x0002650c                nrf_log_frontend_dequeue
 .text.nrf_log_frontend_std_0
                0x0002676c      0x1a8 _build/nrf52840_xxaa/nrf_log_frontend.c.o
                0x0002676c                nrf_log_frontend_std_0
 .text.nrf_log_frontend_std_1
                0x00026914      0x1b8 _build/nrf52840_xxaa/nrf_log_frontend.c.o
                0x00026914                nrf_log_frontend_std_1
 .text.nrf_log_frontend_std_2
                0x00026acc      0x1c4 _build/nrf52840_xxaa/nrf_log_frontend.c.o
                0x00026acc                nrf_log_frontend_std_2
 .text.nrf_log_backend_add
                0x00026c90       0x5c _build/nrf52840_xxaa/nrf_log_frontend.c.o
                0x00026c90                nrf_log_backend_add
 .text.nrf_log_panic
                0x00026cec       0x28 _build/nrf52840_xxaa/nrf_log_frontend.c.o
                0x00026cec                nrf_log_panic
 .text.prefix_process
                0x00026d14       0x84 _build/nrf52840_xxaa/nrf_log_str_formatter.c.o
 .text.nrf_log_std_entry_process
                0x00026d98       0xec _build/nrf52840_xxaa/nrf_log_str_formatter.c.o
                0x00026d98                nrf_log_std_entry_process
 .text.nrf_log_hexdump_entry_process
                0x00026e84      0x104 _build/nrf52840_xxaa/nrf_log_str_formatter.c.o
                0x00026e84                nrf_log_hexdump_entry_process
 .text.gpiote_event_handler
                0x00026f88       0x74 _build/nrf52840_xxaa/app_button.c.o
 .text.detection_delay_timeout_handler
                0x00026ffc      0x288 _build/nrf52840_xxaa/app_button.c.o
 .text.app_button_init
                0x00027284       0xb8 _build/nrf52840_xxaa/app_button.c.o
                0x00027284                app_button_init
 .text.app_button_enable
                0x0002733c       0x2c _build/nrf52840_xxaa/app_button.c.o
                0x0002733c                app_button_enable
 .text.app_error_handler_bare
                0x00027368       0x20 _build/nrf52840_xxaa/app_error.c.o
                0x00027368                app_error_handler_bare
 .text.app_error_fault_handler
                0x00027388       0x6c _build/nrf52840_xxaa/app_error_weak.c.o
                0x00027388                app_error_fault_handler
 .text.app_fifo_init
                0x000273f4       0x20 _build/nrf52840_xxaa/app_fifo.c.o
                0x000273f4                app_fifo_init
 .text.app_fifo_put
                0x00027414       0x30 _build/nrf52840_xxaa/app_fifo.c.o
                0x00027414                app_fifo_put
 .text.app_fifo_get
                0x00027444       0x2c _build/nrf52840_xxaa/app_fifo.c.o
                0x00027444                app_fifo_get
 .text.RTC1_IRQHandler
                0x00027470       0xa0 _build/nrf52840_xxaa/app_timer.c.o
                0x00027470                RTC1_IRQHandler
 .text.SWI0_EGU0_IRQHandler
                0x00027510      0x3d0 _build/nrf52840_xxaa/app_timer.c.o
                0x00027510                SWI0_EGU0_IRQHandler
 .text.app_timer_init
                0x000278e0       0xb0 _build/nrf52840_xxaa/app_timer.c.o
                0x000278e0                app_timer_init
 .text.app_timer_create
                0x00027990       0x24 _build/nrf52840_xxaa/app_timer.c.o
                0x00027990                app_timer_create
 .text.app_timer_start
                0x000279b4       0xb8 _build/nrf52840_xxaa/app_timer.c.o
                0x000279b4                app_timer_start
 .text.app_timer_stop
                0x00027a6c       0x78 _build/nrf52840_xxaa/app_timer.c.o
                0x00027a6c                app_timer_stop
 .text.uart_event_handler
                0x00027ae4      0x120 _build/nrf52840_xxaa/app_uart_fifo.c.o
 .text.app_uart_init
                0x00027c04       0xe8 _build/nrf52840_xxaa/app_uart_fifo.c.o
                0x00027c04                app_uart_init
 .text.app_uart_get
                0x00027cec       0x58 _build/nrf52840_xxaa/app_uart_fifo.c.o
                0x00027cec                app_uart_get
 .text.app_uart_put
                0x00027d44       0x74 _build/nrf52840_xxaa/app_uart_fifo.c.o
                0x00027d44                app_uart_put
 .text.app_util_critical_region_enter
                0x00027db8       0x4c _build/nrf52840_xxaa/app_util_platform.c.o
                0x00027db8                app_util_critical_region_enter
 .text.app_util_critical_region_exit
                0x00027e04       0x30 _build/nrf52840_xxaa/app_util_platform.c.o
                0x00027e04                app_util_critical_region_exit
 .text.twi_handler
                0x00027e34       0x10 _build/nrf52840_xxaa/mpu6050s.c.o
                0x00027e34                twi_handler
 *fill*         0x00027e44        0x4 
 .text.twi_master_init
                0x00027e48       0x54 _build/nrf52840_xxaa/mpu6050s.c.o
                0x00027e48                twi_master_init
 .text.mpu6050_init
                0x00027e9c      0x164 _build/nrf52840_xxaa/mpu6050s.c.o
                0x00027e9c                mpu6050_init
 .text.MPU6050_ReadAcc
                0x00028000       0xb8 _build/nrf52840_xxaa/mpu6050s.c.o
                0x00028000                MPU6050_ReadAcc
 .text.si7021_read_sensor_data
                0x000280b8       0x68 _build/nrf52840_xxaa/Si7021.c.o
                0x000280b8                si7021_read_sensor_data
 .text.max_twi_init
                0x00028120       0x50 _build/nrf52840_xxaa/Max30100_3.c.o
                0x00028120                max_twi_init
 .text.max30100_init
                0x00028170       0x54 _build/nrf52840_xxaa/Max30100_3.c.o
                0x00028170                max30100_init
 .text.max30100_read_sensor_data
                0x000281c4       0x44 _build/nrf52840_xxaa/Max30100_3.c.o
                0x000281c4                max30100_read_sensor_data
 .text.nrf_atflags_set
                0x00028208       0x18 _build/nrf52840_xxaa/nrf_atflags.c.o
                0x00028208                nrf_atflags_set
 .text.nrf_atflags_clear
                0x00028220       0x18 _build/nrf52840_xxaa/nrf_atflags.c.o
                0x00028220                nrf_atflags_clear
 .text.nrf_atflags_get
                0x00028238       0x14 _build/nrf52840_xxaa/nrf_atflags.c.o
                0x00028238                nrf_atflags_get
 .text.nrf_atomic_u32_fetch_store
                0x0002824c       0x14 _build/nrf52840_xxaa/nrf_atomic.c.o
                0x0002824c                nrf_atomic_u32_fetch_store
 .text.nrf_atomic_u32_or
                0x00028260       0x18 _build/nrf52840_xxaa/nrf_atomic.c.o
                0x00028260                nrf_atomic_u32_or
 .text.nrf_atomic_u32_and
                0x00028278       0x18 _build/nrf52840_xxaa/nrf_atomic.c.o
                0x00028278                nrf_atomic_u32_and
 .text.nrf_atomic_u32_add
                0x00028290       0x18 _build/nrf52840_xxaa/nrf_atomic.c.o
                0x00028290                nrf_atomic_u32_add
 .text.nrf_atomic_u32_sub
                0x000282a8       0x18 _build/nrf52840_xxaa/nrf_atomic.c.o
                0x000282a8                nrf_atomic_u32_sub
 .text.nrf_atomic_flag_set
                0x000282c0       0x18 _build/nrf52840_xxaa/nrf_atomic.c.o
                0x000282c0                nrf_atomic_flag_set
 .text.nrf_atomic_flag_clear_fetch
                0x000282d8       0x18 _build/nrf52840_xxaa/nrf_atomic.c.o
                0x000282d8                nrf_atomic_flag_clear_fetch
 .text.nrf_balloc_init
                0x000282f0       0x3c _build/nrf52840_xxaa/nrf_balloc.c.o
                0x000282f0                nrf_balloc_init
 .text.nrf_balloc_alloc
                0x0002832c       0x50 _build/nrf52840_xxaa/nrf_balloc.c.o
                0x0002832c                nrf_balloc_alloc
 .text.nrf_balloc_free
                0x0002837c       0x38 _build/nrf52840_xxaa/nrf_balloc.c.o
                0x0002837c                nrf_balloc_free
 .text.nrf_fprintf_buffer_flush
                0x000283b4       0x18 _build/nrf52840_xxaa/nrf_fprintf.c.o
                0x000283b4                nrf_fprintf_buffer_flush
 .text.nrf_fprintf
                0x000283cc       0x20 _build/nrf52840_xxaa/nrf_fprintf.c.o
                0x000283cc                nrf_fprintf
 .text.unsigned_print
                0x000283ec      0x148 _build/nrf52840_xxaa/nrf_fprintf_format.c.o
 .text.nrf_fprintf_fmt
                0x00028534      0x4ac _build/nrf52840_xxaa/nrf_fprintf_format.c.o
                0x00028534                nrf_fprintf_fmt
 .text.nrf_memobj_pool_init
                0x000289e0        0x4 _build/nrf52840_xxaa/nrf_memobj.c.o
                0x000289e0                nrf_memobj_pool_init
 .text.nrf_memobj_alloc
                0x000289e4       0x94 _build/nrf52840_xxaa/nrf_memobj.c.o
                0x000289e4                nrf_memobj_alloc
 .text.nrf_memobj_get
                0x00028a78        0x8 _build/nrf52840_xxaa/nrf_memobj.c.o
                0x00028a78                nrf_memobj_get
 .text.nrf_memobj_put
                0x00028a80       0x58 _build/nrf52840_xxaa/nrf_memobj.c.o
                0x00028a80                nrf_memobj_put
 .text.nrf_memobj_write
                0x00028ad8       0x68 _build/nrf52840_xxaa/nrf_memobj.c.o
                0x00028ad8                nrf_memobj_write
 .text.nrf_memobj_read
                0x00028b40       0x68 _build/nrf52840_xxaa/nrf_memobj.c.o
                0x00028b40                nrf_memobj_read
 .text.sd_app_evt_wait
                0x00028ba8        0x4 _build/nrf52840_xxaa/nrf_pwr_mgmt.c.o
 .text.nrf_pwr_mgmt_init
                0x00028bac       0x2c _build/nrf52840_xxaa/nrf_pwr_mgmt.c.o
                0x00028bac                nrf_pwr_mgmt_init
 .text.nrf_pwr_mgmt_run
                0x00028bd8       0x54 _build/nrf52840_xxaa/nrf_pwr_mgmt.c.o
                0x00028bd8                nrf_pwr_mgmt_run
 .text.nrf_ringbuf_init
                0x00028c2c       0x1c _build/nrf52840_xxaa/nrf_ringbuf.c.o
                0x00028c2c                nrf_ringbuf_init
 .text.nrf_section_iter_init
                0x00028c48       0x14 _build/nrf52840_xxaa/nrf_section_iter.c.o
                0x00028c48                nrf_section_iter_init
 .text.nrf_section_iter_next
                0x00028c5c       0x18 _build/nrf52840_xxaa/nrf_section_iter.c.o
                0x00028c5c                nrf_section_iter_next
 .text.nrf_strerror_get
                0x00028c74       0x4c _build/nrf52840_xxaa/nrf_strerror.c.o
                0x00028c74                nrf_strerror_get
 .text._write   0x00028cc0       0x1c _build/nrf52840_xxaa/retarget.c.o
                0x00028cc0                _write
 .text._read    0x00028cdc       0x14 _build/nrf52840_xxaa/retarget.c.o
                0x00028cdc                _read
 .text.SystemInit
                0x00028cf0      0x224 _build/nrf52840_xxaa/system_nrf52840.c.o
                0x00028cf0                SystemInit
 .text.bsp_board_led_state_get
                0x00028f14       0x28 _build/nrf52840_xxaa/boards.c.o
                0x00028f14                bsp_board_led_state_get
 .text.bsp_board_led_on
                0x00028f3c       0x24 _build/nrf52840_xxaa/boards.c.o
                0x00028f3c                bsp_board_led_on
 .text.bsp_board_led_off
                0x00028f60       0x24 _build/nrf52840_xxaa/boards.c.o
                0x00028f60                bsp_board_led_off
 .text.bsp_board_leds_off
                0x00028f84       0x14 _build/nrf52840_xxaa/boards.c.o
                0x00028f84                bsp_board_leds_off
 .text.bsp_board_leds_on
                0x00028f98       0x14 _build/nrf52840_xxaa/boards.c.o
                0x00028f98                bsp_board_leds_on
 .text.bsp_board_led_invert
                0x00028fac       0x34 _build/nrf52840_xxaa/boards.c.o
                0x00028fac                bsp_board_led_invert
 .text.bsp_board_button_state_get
                0x00028fe0       0x14 _build/nrf52840_xxaa/boards.c.o
                0x00028fe0                bsp_board_button_state_get
 .text.bsp_board_pin_to_button_idx
                0x00028ff4        0xc _build/nrf52840_xxaa/boards.c.o
                0x00028ff4                bsp_board_pin_to_button_idx
 .text.bsp_board_button_idx_to_pin
                0x00029000        0x4 _build/nrf52840_xxaa/boards.c.o
                0x00029000                bsp_board_button_idx_to_pin
 .text.bsp_board_init
                0x00029004       0x48 _build/nrf52840_xxaa/boards.c.o
                0x00029004                bsp_board_init
 .text.clock_irq_handler
                0x0002904c       0x44 _build/nrf52840_xxaa/nrf_drv_clock.c.o
 .text.soc_evt_handler
                0x00029090       0x28 _build/nrf52840_xxaa/nrf_drv_clock.c.o
 .text.sd_state_evt_handler
                0x000290b8       0xc8 _build/nrf52840_xxaa/nrf_drv_clock.c.o
 .text.uarte_evt_handler
                0x00029180       0x34 _build/nrf52840_xxaa/nrf_drv_uart.c.o
 .text.uart_evt_handler
                0x000291b4       0x34 _build/nrf52840_xxaa/nrf_drv_uart.c.o
 .text.nrf_drv_uart_init
                0x000291e8       0x78 _build/nrf52840_xxaa/nrf_drv_uart.c.o
                0x000291e8                nrf_drv_uart_init
 .text.nrf_drv_ppi_init
                0x00029260       0x14 _build/nrf52840_xxaa/nrf_drv_ppi.c.o
                0x00029260                nrf_drv_ppi_init
 .text.twim_evt_handler
                0x00029274       0x44 _build/nrf52840_xxaa/nrf_drv_twi.c.o
 .text.nrf_drv_twi_init
                0x000292b8      0x16c _build/nrf52840_xxaa/nrf_drv_twi.c.o
                0x000292b8                nrf_drv_twi_init
 .text.nrfx_clock_init
                0x00029424       0x18 _build/nrf52840_xxaa/nrfx_clock.c.o
                0x00029424                nrfx_clock_init
 .text.nrfx_clock_enable
                0x0002943c       0x24 _build/nrf52840_xxaa/nrfx_clock.c.o
                0x0002943c                nrfx_clock_enable
 .text.nrfx_clock_lfclk_stop
                0x00029460       0x2c _build/nrf52840_xxaa/nrfx_clock.c.o
                0x00029460                nrfx_clock_lfclk_stop
 .text.POWER_CLOCK_IRQHandler
                0x0002948c       0x70 _build/nrf52840_xxaa/nrfx_clock.c.o
                0x0002948c                POWER_CLOCK_IRQHandler
 .text.nrfx_gpiote_init
                0x000294fc       0xb4 _build/nrf52840_xxaa/nrfx_gpiote.c.o
                0x000294fc                nrfx_gpiote_init
 .text.nrfx_gpiote_is_init
                0x000295b0       0x14 _build/nrf52840_xxaa/nrfx_gpiote.c.o
                0x000295b0                nrfx_gpiote_is_init
 .text.nrfx_gpiote_in_init
                0x000295c4      0x204 _build/nrf52840_xxaa/nrfx_gpiote.c.o
                0x000295c4                nrfx_gpiote_in_init
 .text.nrfx_gpiote_in_event_enable
                0x000297c8       0xe0 _build/nrf52840_xxaa/nrfx_gpiote.c.o
                0x000297c8                nrfx_gpiote_in_event_enable
 .text.nrfx_gpiote_in_is_set
                0x000298a8       0x20 _build/nrf52840_xxaa/nrfx_gpiote.c.o
                0x000298a8                nrfx_gpiote_in_is_set
 .text.GPIOTE_IRQHandler
                0x000298c8      0x510 _build/nrf52840_xxaa/nrfx_gpiote.c.o
                0x000298c8                GPIOTE_IRQHandler
 .text.UARTE0_UART0_IRQHandler
                0x00029dd8        0xc _build/nrf52840_xxaa/nrfx_prs.c.o
                0x00029dd8                UARTE0_UART0_IRQHandler
 .text.nrfx_prs_acquire
                0x00029de4       0x4c _build/nrf52840_xxaa/nrfx_prs.c.o
                0x00029de4                nrfx_prs_acquire
 .text.nrfx_ppi_channel_alloc
                0x00029e30       0x78 _build/nrf52840_xxaa/nrfx_ppi.c.o
                0x00029e30                nrfx_ppi_channel_alloc
 .text.nrfx_ppi_channel_assign
                0x00029ea8       0x4c _build/nrf52840_xxaa/nrfx_ppi.c.o
                0x00029ea8                nrfx_ppi_channel_assign
 .text.nrfx_ppi_channel_enable
                0x00029ef4       0x30 _build/nrf52840_xxaa/nrfx_ppi.c.o
                0x00029ef4                nrfx_ppi_channel_enable
 .text.nrfx_timer_init
                0x00029f24      0x104 _build/nrf52840_xxaa/nrfx_timer.c.o
                0x00029f24                nrfx_timer_init
 .text.nrfx_timer_enable
                0x0002a028       0x1c _build/nrf52840_xxaa/nrfx_timer.c.o
                0x0002a028                nrfx_timer_enable
 .text.nrfx_timer_extended_compare
                0x0002a044       0x64 _build/nrf52840_xxaa/nrfx_timer.c.o
                0x0002a044                nrfx_timer_extended_compare
 .text.TIMER3_IRQHandler
                0x0002a0a8       0x58 _build/nrf52840_xxaa/nrfx_timer.c.o
                0x0002a0a8                TIMER3_IRQHandler
 .text.nrfx_uart_0_irq_handler
                0x0002a100      0x1d0 _build/nrf52840_xxaa/nrfx_uart.c.o
                0x0002a100                nrfx_uart_0_irq_handler
 .text.nrfx_uart_init
                0x0002a2d0      0x1ec _build/nrf52840_xxaa/nrfx_uart.c.o
                0x0002a2d0                nrfx_uart_init
 .text.nrfx_uart_tx
                0x0002a4bc       0xd8 _build/nrf52840_xxaa/nrfx_uart.c.o
                0x0002a4bc                nrfx_uart_tx
 .text.nrfx_uart_tx_in_progress
                0x0002a594       0x18 _build/nrf52840_xxaa/nrfx_uart.c.o
                0x0002a594                nrfx_uart_tx_in_progress
 .text.nrfx_uart_rx
                0x0002a5ac      0x15c _build/nrf52840_xxaa/nrfx_uart.c.o
                0x0002a5ac                nrfx_uart_rx
 .text.nrfx_uarte_0_irq_handler
                0x0002a708      0x178 _build/nrf52840_xxaa/nrfx_uarte.c.o
                0x0002a708                nrfx_uarte_0_irq_handler
 .text.nrfx_uarte_init
                0x0002a880      0x21c _build/nrf52840_xxaa/nrfx_uarte.c.o
                0x0002a880                nrfx_uarte_init
 .text.nrfx_uarte_tx
                0x0002aa9c       0xb0 _build/nrf52840_xxaa/nrfx_uarte.c.o
                0x0002aa9c                nrfx_uarte_tx
 .text.nrfx_uarte_tx_in_progress
                0x0002ab4c       0x1c _build/nrf52840_xxaa/nrfx_uarte.c.o
                0x0002ab4c                nrfx_uarte_tx_in_progress
 .text.nrfx_uarte_rx
                0x0002ab68      0x138 _build/nrf52840_xxaa/nrfx_uarte.c.o
                0x0002ab68                nrfx_uarte_rx
 .text.xfer_completeness_check
                0x0002aca0       0x70 _build/nrf52840_xxaa/nrfx_twim.c.o
 .text.SPIM0_SPIS0_TWIM0_TWIS0_SPI0_TWI0_IRQHandler
                0x0002ad10      0x1d4 _build/nrf52840_xxaa/nrfx_twim.c.o
                0x0002ad10                SPIM0_SPIS0_TWIM0_TWIS0_SPI0_TWI0_IRQHandler
 .text.SPIM1_SPIS1_TWIM1_TWIS1_SPI1_TWI1_IRQHandler
                0x0002aee4      0x1dc _build/nrf52840_xxaa/nrfx_twim.c.o
                0x0002aee4                SPIM1_SPIS1_TWIM1_TWIS1_SPI1_TWI1_IRQHandler
 .text.nrfx_twim_init
                0x0002b0c0      0x11c _build/nrf52840_xxaa/nrfx_twim.c.o
                0x0002b0c0                nrfx_twim_init
 .text.nrfx_twim_enable
                0x0002b1dc       0x20 _build/nrf52840_xxaa/nrfx_twim.c.o
                0x0002b1dc                nrfx_twim_enable
 .text.nrfx_twim_tx
                0x0002b1fc      0x1f0 _build/nrf52840_xxaa/nrfx_twim.c.o
                0x0002b1fc                nrfx_twim_tx
 .text.nrfx_twim_rx
                0x0002b3ec      0x1e4 _build/nrf52840_xxaa/nrfx_twim.c.o
                0x0002b3ec                nrfx_twim_rx
 .text.SAADC_IRQHandler
                0x0002b5d0      0x1ac _build/nrf52840_xxaa/nrfx_saadc.c.o
                0x0002b5d0                SAADC_IRQHandler
 .text.nrfx_saadc_init
                0x0002b77c       0xa8 _build/nrf52840_xxaa/nrfx_saadc.c.o
                0x0002b77c                nrfx_saadc_init
 .text.nrfx_saadc_channel_init
                0x0002b824       0xb0 _build/nrf52840_xxaa/nrfx_saadc.c.o
                0x0002b824                nrfx_saadc_channel_init
 .text.nrfx_saadc_sample_task_get
                0x0002b8d4       0x20 _build/nrf52840_xxaa/nrfx_saadc.c.o
                0x0002b8d4                nrfx_saadc_sample_task_get
 .text.nrfx_saadc_buffer_convert
                0x0002b8f4       0xc8 _build/nrf52840_xxaa/nrfx_saadc.c.o
                0x0002b8f4                nrfx_saadc_buffer_convert
 .text.alert_timer_handler
                0x0002b9bc        0x8 _build/nrf52840_xxaa/bsp.c.o
 .text.bsp_button_event_handler
                0x0002b9c4       0x84 _build/nrf52840_xxaa/bsp.c.o
 .text.button_timer_handler
                0x0002ba48       0x28 _build/nrf52840_xxaa/bsp.c.o
 .text.bsp_led_indication
                0x0002ba70      0x2dc _build/nrf52840_xxaa/bsp.c.o
 .text.leds_timer_handler
                0x0002bd4c       0x1c _build/nrf52840_xxaa/bsp.c.o
 .text.bsp_button_is_pressed
                0x0002bd68        0xc _build/nrf52840_xxaa/bsp.c.o
                0x0002bd68                bsp_button_is_pressed
 .text.bsp_indication_set
                0x0002bd74       0x18 _build/nrf52840_xxaa/bsp.c.o
                0x0002bd74                bsp_indication_set
 .text.bsp_init
                0x0002bd8c       0xb0 _build/nrf52840_xxaa/bsp.c.o
                0x0002bd8c                bsp_init
 .text.bsp_event_to_button_action_assign
                0x0002be3c       0x3c _build/nrf52840_xxaa/bsp.c.o
                0x0002be3c                bsp_event_to_button_action_assign
 .text.bsp_wakeup_button_enable
                0x0002be78       0x40 _build/nrf52840_xxaa/bsp.c.o
                0x0002be78                bsp_wakeup_button_enable
 .text.ble_evt_handler
                0x0002beb8       0xac _build/nrf52840_xxaa/bsp_btn_ble.c.o
 .text.bsp_btn_ble_sleep_mode_prepare
                0x0002bf64       0x24 _build/nrf52840_xxaa/bsp_btn_ble.c.o
                0x0002bf64                bsp_btn_ble_sleep_mode_prepare
 .text.bsp_btn_ble_init
                0x0002bf88       0x6c _build/nrf52840_xxaa/bsp_btn_ble.c.o
                0x0002bf88                bsp_btn_ble_init
 .text.sd_power_system_off
                0x0002bff4        0x4 _build/nrf52840_xxaa/main.c.o
 .text.sd_ble_gap_disconnect
                0x0002bff8        0x4 _build/nrf52840_xxaa/main.c.o
 .text.sd_ble_gap_ppcp_set
                0x0002bffc        0x4 _build/nrf52840_xxaa/main.c.o
 .text.sd_ble_gap_device_name_set
                0x0002c000        0x4 _build/nrf52840_xxaa/main.c.o
 .text.sd_ble_gap_sec_params_reply
                0x0002c004        0x4 _build/nrf52840_xxaa/main.c.o
 .text.sd_ble_gap_phy_update
                0x0002c008        0x4 _build/nrf52840_xxaa/main.c.o
 .text.sd_ble_gatts_sys_attr_set
                0x0002c00c        0x4 _build/nrf52840_xxaa/main.c.o
 .text.timer_handler
                0x0002c010        0x4 _build/nrf52840_xxaa/main.c.o
                0x0002c010                timer_handler
 .text.nrf_qwr_error_handler
                0x0002c014        0x4 _build/nrf52840_xxaa/main.c.o
 .text.saadc_callback
                0x0002c018       0x64 _build/nrf52840_xxaa/main.c.o
                0x0002c018                saadc_callback
 .text.ble_evt_handler
                0x0002c07c      0x100 _build/nrf52840_xxaa/main.c.o
 .text.on_conn_params_evt
                0x0002c17c       0x24 _build/nrf52840_xxaa/main.c.o
 .text.bsp_event_handler
                0x0002c1a0       0x70 _build/nrf52840_xxaa/main.c.o
                0x0002c1a0                bsp_event_handler
 .text.uart_event_handle
                0x0002c210       0x98 _build/nrf52840_xxaa/main.c.o
                0x0002c210                uart_event_handle
 .text.nus_data_handler
                0x0002c2a8       0x80 _build/nrf52840_xxaa/main.c.o
 .text.gatt_evt_handler
                0x0002c328       0x4c _build/nrf52840_xxaa/main.c.o
                0x0002c328                gatt_evt_handler
 .text.conn_params_error_handler
                0x0002c374        0x4 _build/nrf52840_xxaa/main.c.o
 .text.on_adv_evt
                0x0002c378       0x40 _build/nrf52840_xxaa/main.c.o
 .text.gatt_init
                0x0002c3b8       0x38 _build/nrf52840_xxaa/main.c.o
                0x0002c3b8                gatt_init
 .text.saadc_sampling_event_init
                0x0002c3f0       0x98 _build/nrf52840_xxaa/main.c.o
                0x0002c3f0                saadc_sampling_event_init
 .text.saadc_sampling_event_enable
                0x0002c488       0x1c _build/nrf52840_xxaa/main.c.o
                0x0002c488                saadc_sampling_event_enable
 .text.saadc_init
                0x0002c4a4       0x94 _build/nrf52840_xxaa/main.c.o
                0x0002c4a4                saadc_init
 .text.startup.main
                0x0002c538      0x3b0 _build/nrf52840_xxaa/main.c.o
                0x0002c538                main
 .text.SEGGER_RTT_WriteNoLock
                0x0002c8e8      0x1ac _build/nrf52840_xxaa/SEGGER_RTT.c.o
                0x0002c8e8                SEGGER_RTT_WriteNoLock
 .text.SEGGER_RTT_Init
                0x0002ca94       0x60 _build/nrf52840_xxaa/SEGGER_RTT.c.o
                0x0002ca94                SEGGER_RTT_Init
 .text.sd_ble_gap_addr_get
                0x0002caf4        0x4 _build/nrf52840_xxaa/ble_advdata.c.o
 .text.sd_ble_gap_appearance_get
                0x0002caf8        0x4 _build/nrf52840_xxaa/ble_advdata.c.o
 .text.sd_ble_gap_device_name_get
                0x0002cafc        0x4 _build/nrf52840_xxaa/ble_advdata.c.o
 .text.sd_ble_uuid_encode
                0x0002cb00        0x4 _build/nrf52840_xxaa/ble_advdata.c.o
 .text.uuid_list_sized_encode
                0x0002cb04       0xe4 _build/nrf52840_xxaa/ble_advdata.c.o
 .text.ble_advdata_encode
                0x0002cbe8      0x3f0 _build/nrf52840_xxaa/ble_advdata.c.o
                0x0002cbe8                ble_advdata_encode
 .text.ble_advdata_parse
                0x0002cfd8       0x4c _build/nrf52840_xxaa/ble_advdata.c.o
                0x0002cfd8                ble_advdata_parse
 .text.sd_ble_gap_adv_set_configure
                0x0002d024        0x4 _build/nrf52840_xxaa/ble_advertising.c.o
 .text.sd_ble_gap_adv_start
                0x0002d028        0x4 _build/nrf52840_xxaa/ble_advertising.c.o
 .text.sd_ble_gap_adv_stop
                0x0002d02c        0x4 _build/nrf52840_xxaa/ble_advertising.c.o
 .text.ble_advertising_start.part.0
                0x0002d030      0x2f0 _build/nrf52840_xxaa/ble_advertising.c.o
 .text.ble_advertising_conn_cfg_tag_set
                0x0002d320        0x8 _build/nrf52840_xxaa/ble_advertising.c.o
                0x0002d320                ble_advertising_conn_cfg_tag_set
 .text.ble_advertising_init
                0x0002d328      0x104 _build/nrf52840_xxaa/ble_advertising.c.o
                0x0002d328                ble_advertising_init
 .text.ble_advertising_start
                0x0002d42c        0xc _build/nrf52840_xxaa/ble_advertising.c.o
                0x0002d42c                ble_advertising_start
 .text.ble_advertising_on_ble_evt
                0x0002d438       0x8c _build/nrf52840_xxaa/ble_advertising.c.o
                0x0002d438                ble_advertising_on_ble_evt
 .text.ble_advertising_restart_without_whitelist
                0x0002d4c4       0x60 _build/nrf52840_xxaa/ble_advertising.c.o
                0x0002d4c4                ble_advertising_restart_without_whitelist
 .text.sd_ble_gap_conn_param_update
                0x0002d524        0x4 _build/nrf52840_xxaa/ble_conn_params.c.o
 .text.sd_ble_gap_disconnect
                0x0002d528        0x4 _build/nrf52840_xxaa/ble_conn_params.c.o
 .text.sd_ble_gap_ppcp_set
                0x0002d52c        0x4 _build/nrf52840_xxaa/ble_conn_params.c.o
 .text.sd_ble_gap_ppcp_get
                0x0002d530        0x4 _build/nrf52840_xxaa/ble_conn_params.c.o
 .text.update_timeout_handler
                0x0002d534       0x80 _build/nrf52840_xxaa/ble_conn_params.c.o
 .text.ble_evt_handler
                0x0002d5b4      0x1cc _build/nrf52840_xxaa/ble_conn_params.c.o
 .text.ble_conn_params_init
                0x0002d780       0x78 _build/nrf52840_xxaa/ble_conn_params.c.o
                0x0002d780                ble_conn_params_init
 .text.ble_evt_handler
                0x0002d7f8      0x160 _build/nrf52840_xxaa/ble_conn_state.c.o
 .text.ble_conn_state_conn_idx
                0x0002d958       0x24 _build/nrf52840_xxaa/ble_conn_state.c.o
                0x0002d958                ble_conn_state_conn_idx
 .text.blcm_link_ctx_get
                0x0002d97c       0x50 _build/nrf52840_xxaa/ble_link_ctx_manager.c.o
                0x0002d97c                blcm_link_ctx_get
 .text.sd_ble_gatts_characteristic_add
                0x0002d9cc        0x4 _build/nrf52840_xxaa/ble_srv_common.c.o
 .text.ble_srv_is_notification_enabled
                0x0002d9d0        0x8 _build/nrf52840_xxaa/ble_srv_common.c.o
                0x0002d9d0                ble_srv_is_notification_enabled
 .text.characteristic_add
                0x0002d9d8      0x278 _build/nrf52840_xxaa/ble_srv_common.c.o
                0x0002d9d8                characteristic_add
 .text.sd_ble_gap_data_length_update
                0x0002dc50        0x4 _build/nrf52840_xxaa/nrf_ble_gatt.c.o
 .text.sd_ble_gattc_exchange_mtu_request
                0x0002dc54        0x4 _build/nrf52840_xxaa/nrf_ble_gatt.c.o
 .text.sd_ble_gatts_exchange_mtu_reply
                0x0002dc58        0x4 _build/nrf52840_xxaa/nrf_ble_gatt.c.o
 .text.data_length_update
                0x0002dc5c       0x8c _build/nrf52840_xxaa/nrf_ble_gatt.c.o
 .text.nrf_ble_gatt_init
                0x0002dce8       0x30 _build/nrf52840_xxaa/nrf_ble_gatt.c.o
                0x0002dce8                nrf_ble_gatt_init
 .text.nrf_ble_gatt_att_mtu_periph_set
                0x0002dd18       0x18 _build/nrf52840_xxaa/nrf_ble_gatt.c.o
                0x0002dd18                nrf_ble_gatt_att_mtu_periph_set
 .text.nrf_ble_gatt_on_ble_evt
                0x0002dd30      0x1e4 _build/nrf52840_xxaa/nrf_ble_gatt.c.o
                0x0002dd30                nrf_ble_gatt_on_ble_evt
 .text.sd_ble_gatts_rw_authorize_reply
                0x0002df14        0x4 _build/nrf52840_xxaa/nrf_ble_qwr.c.o
 .text.sd_ble_user_mem_reply
                0x0002df18        0x4 _build/nrf52840_xxaa/nrf_ble_qwr.c.o
 .text.nrf_ble_qwr_init
                0x0002df1c       0x24 _build/nrf52840_xxaa/nrf_ble_qwr.c.o
                0x0002df1c                nrf_ble_qwr_init
 .text.nrf_ble_qwr_conn_handle_assign
                0x0002df40       0x18 _build/nrf52840_xxaa/nrf_ble_qwr.c.o
                0x0002df40                nrf_ble_qwr_conn_handle_assign
 .text.nrf_ble_qwr_on_ble_evt
                0x0002df58       0xec _build/nrf52840_xxaa/nrf_ble_qwr.c.o
                0x0002df58                nrf_ble_qwr_on_ble_evt
 .text.sd_ble_gatts_service_add
                0x0002e044        0x4 _build/nrf52840_xxaa/ble_nus.c.o
 .text.sd_ble_gatts_value_get
                0x0002e048        0x4 _build/nrf52840_xxaa/ble_nus.c.o
 .text.sd_ble_gatts_hvx
                0x0002e04c        0x4 _build/nrf52840_xxaa/ble_nus.c.o
 .text.sd_ble_uuid_vs_add
                0x0002e050        0x4 _build/nrf52840_xxaa/ble_nus.c.o
 .text.ble_nus_on_ble_evt
                0x0002e054      0x138 _build/nrf52840_xxaa/ble_nus.c.o
                0x0002e054                ble_nus_on_ble_evt
 .text.ble_nus_init
                0x0002e18c       0xe4 _build/nrf52840_xxaa/ble_nus.c.o
                0x0002e18c                ble_nus_init
 .text.ble_nus_data_send
                0x0002e270       0x6c _build/nrf52840_xxaa/ble_nus.c.o
                0x0002e270                ble_nus_data_send
 .text.sd_softdevice_enable
                0x0002e2dc        0x4 _build/nrf52840_xxaa/nrf_sdh.c.o
 .text.nrf_sdh_enable_request
                0x0002e2e0      0x11c _build/nrf52840_xxaa/nrf_sdh.c.o
                0x0002e2e0                nrf_sdh_enable_request
 .text.nrf_sdh_is_enabled
                0x0002e3fc        0xc _build/nrf52840_xxaa/nrf_sdh.c.o
                0x0002e3fc                nrf_sdh_is_enabled
 .text.SWI2_EGU2_IRQHandler
                0x0002e408       0x2c _build/nrf52840_xxaa/nrf_sdh.c.o
                0x0002e408                SWI2_EGU2_IRQHandler
 .text.sd_ble_enable
                0x0002e434        0x4 _build/nrf52840_xxaa/nrf_sdh_ble.c.o
 .text.sd_ble_cfg_set
                0x0002e438        0x4 _build/nrf52840_xxaa/nrf_sdh_ble.c.o
 .text.sd_ble_evt_get
                0x0002e43c        0x4 _build/nrf52840_xxaa/nrf_sdh_ble.c.o
 .text.nrf_sdh_ble_evts_poll.part.0
                0x0002e440       0x5c _build/nrf52840_xxaa/nrf_sdh_ble.c.o
 .text.nrf_sdh_ble_evts_poll
                0x0002e49c       0x10 _build/nrf52840_xxaa/nrf_sdh_ble.c.o
 .text.nrf_sdh_ble_default_cfg_set
                0x0002e4ac      0x1bc _build/nrf52840_xxaa/nrf_sdh_ble.c.o
                0x0002e4ac                nrf_sdh_ble_default_cfg_set
 .text.nrf_sdh_ble_enable
                0x0002e668       0xa0 _build/nrf52840_xxaa/nrf_sdh_ble.c.o
                0x0002e668                nrf_sdh_ble_enable
 .text.sd_evt_get
                0x0002e708        0x4 _build/nrf52840_xxaa/nrf_sdh_soc.c.o
 .text.nrf_sdh_soc_evts_poll
                0x0002e70c       0x50 _build/nrf52840_xxaa/nrf_sdh_soc.c.o
 .text.exit     0x0002e75c       0x28 c:/program files (x86)/gnu arm embedded toolchain/10 2021.10/bin/../lib/gcc/arm-none-eabi/10.3.1/../../../../arm-none-eabi/lib/thumb/v7e-m+fp/hard\libc_nano.a(lib_a-exit.o)
                0x0002e75c                exit
 .text.__libc_init_array
                0x0002e784       0x48 c:/program files (x86)/gnu arm embedded toolchain/10 2021.10/bin/../lib/gcc/arm-none-eabi/10.3.1/../../../../arm-none-eabi/lib/thumb/v7e-m+fp/hard\libc_nano.a(lib_a-init.o)
                0x0002e784                __libc_init_array
 .text.memcpy   0x0002e7cc       0x1c c:/program files (x86)/gnu arm embedded toolchain/10 2021.10/bin/../lib/gcc/arm-none-eabi/10.3.1/../../../../arm-none-eabi/lib/thumb/v7e-m+fp/hard\libc_nano.a(lib_a-memcpy-stub.o)
                0x0002e7cc                memcpy
 .text.memset   0x0002e7e8       0x10 c:/program files (x86)/gnu arm embedded toolchain/10 2021.10/bin/../lib/gcc/arm-none-eabi/10.3.1/../../../../arm-none-eabi/lib/thumb/v7e-m+fp/hard\libc_nano.a(lib_a-memset.o)
                0x0002e7e8                memset
 .text.printf   0x0002e7f8       0x30 c:/program files (x86)/gnu arm embedded toolchain/10 2021.10/bin/../lib/gcc/arm-none-eabi/10.3.1/../../../../arm-none-eabi/lib/thumb/v7e-m+fp/hard\libc_nano.a(lib_a-printf.o)
                0x0002e7f8                iprintf
                0x0002e7f8                printf
 .text.strcpy   0x0002e828       0x10 c:/program files (x86)/gnu arm embedded toolchain/10 2021.10/bin/../lib/gcc/arm-none-eabi/10.3.1/../../../../arm-none-eabi/lib/thumb/v7e-m+fp/hard\libc_nano.a(lib_a-strcpy.o)
                0x0002e828                strcpy
 .text          0x0002e838       0x10 c:/program files (x86)/gnu arm embedded toolchain/10 2021.10/bin/../lib/gcc/arm-none-eabi/10.3.1/../../../../arm-none-eabi/lib/thumb/v7e-m+fp/hard\libc_nano.a(lib_a-strlen.o)
                0x0002e838                strlen
 .text.std      0x0002e848       0x48 c:/program files (x86)/gnu arm embedded toolchain/10 2021.10/bin/../lib/gcc/arm-none-eabi/10.3.1/../../../../arm-none-eabi/lib/thumb/v7e-m+fp/hard\libc_nano.a(lib_a-findfp.o)
 .text._cleanup_r
                0x0002e890        0xc c:/program files (x86)/gnu arm embedded toolchain/10 2021.10/bin/../lib/gcc/arm-none-eabi/10.3.1/../../../../arm-none-eabi/lib/thumb/v7e-m+fp/hard\libc_nano.a(lib_a-findfp.o)
                0x0002e890                _cleanup_r
 .text.__sfmoreglue
                0x0002e89c       0x2c c:/program files (x86)/gnu arm embedded toolchain/10 2021.10/bin/../lib/gcc/arm-none-eabi/10.3.1/../../../../arm-none-eabi/lib/thumb/v7e-m+fp/hard\libc_nano.a(lib_a-findfp.o)
                0x0002e89c                __sfmoreglue
 .text.__sfp_lock_acquire
                0x0002e8c8        0xc c:/program files (x86)/gnu arm embedded toolchain/10 2021.10/bin/../lib/gcc/arm-none-eabi/10.3.1/../../../../arm-none-eabi/lib/thumb/v7e-m+fp/hard\libc_nano.a(lib_a-findfp.o)
                0x0002e8c8                __sfp_lock_acquire
 .text.__sfp_lock_release
                0x0002e8d4        0xc c:/program files (x86)/gnu arm embedded toolchain/10 2021.10/bin/../lib/gcc/arm-none-eabi/10.3.1/../../../../arm-none-eabi/lib/thumb/v7e-m+fp/hard\libc_nano.a(lib_a-findfp.o)
                0x0002e8d4                __sfp_lock_release
 .text.__sinit_lock_acquire
                0x0002e8e0        0xc c:/program files (x86)/gnu arm embedded toolchain/10 2021.10/bin/../lib/gcc/arm-none-eabi/10.3.1/../../../../arm-none-eabi/lib/thumb/v7e-m+fp/hard\libc_nano.a(lib_a-findfp.o)
                0x0002e8e0                __sinit_lock_acquire
 .text.__sinit_lock_release
                0x0002e8ec        0xc c:/program files (x86)/gnu arm embedded toolchain/10 2021.10/bin/../lib/gcc/arm-none-eabi/10.3.1/../../../../arm-none-eabi/lib/thumb/v7e-m+fp/hard\libc_nano.a(lib_a-findfp.o)
                0x0002e8ec                __sinit_lock_release
 .text.__sinit  0x0002e8f8       0x70 c:/program files (x86)/gnu arm embedded toolchain/10 2021.10/bin/../lib/gcc/arm-none-eabi/10.3.1/../../../../arm-none-eabi/lib/thumb/v7e-m+fp/hard\libc_nano.a(lib_a-findfp.o)
                0x0002e8f8                __sinit
 .text.__sfp    0x0002e968       0x8c c:/program files (x86)/gnu arm embedded toolchain/10 2021.10/bin/../lib/gcc/arm-none-eabi/10.3.1/../../../../arm-none-eabi/lib/thumb/v7e-m+fp/hard\libc_nano.a(lib_a-findfp.o)
                0x0002e968                __sfp
 .text._fwalk_reent
                0x0002e9f4       0x3e c:/program files (x86)/gnu arm embedded toolchain/10 2021.10/bin/../lib/gcc/arm-none-eabi/10.3.1/../../../../arm-none-eabi/lib/thumb/v7e-m+fp/hard\libc_nano.a(lib_a-fwalk.o)
                0x0002e9f4                _fwalk_reent
 .text.__retarget_lock_init_recursive
                0x0002ea32        0x2 c:/program files (x86)/gnu arm embedded toolchain/10 2021.10/bin/../lib/gcc/arm-none-eabi/10.3.1/../../../../arm-none-eabi/lib/thumb/v7e-m+fp/hard\libc_nano.a(lib_a-lock.o)
                0x0002ea32                __retarget_lock_init_recursive
 .text.__retarget_lock_acquire_recursive
                0x0002ea34        0x2 c:/program files (x86)/gnu arm embedded toolchain/10 2021.10/bin/../lib/gcc/arm-none-eabi/10.3.1/../../../../arm-none-eabi/lib/thumb/v7e-m+fp/hard\libc_nano.a(lib_a-lock.o)
                0x0002ea34                __retarget_lock_acquire_recursive
 .text.__retarget_lock_release_recursive
                0x0002ea36        0x2 c:/program files (x86)/gnu arm embedded toolchain/10 2021.10/bin/../lib/gcc/arm-none-eabi/10.3.1/../../../../arm-none-eabi/lib/thumb/v7e-m+fp/hard\libc_nano.a(lib_a-lock.o)
                0x0002ea36                __retarget_lock_release_recursive
 .text.sbrk_aligned
                0x0002ea38       0x40 c:/program files (x86)/gnu arm embedded toolchain/10 2021.10/bin/../lib/gcc/arm-none-eabi/10.3.1/../../../../arm-none-eabi/lib/thumb/v7e-m+fp/hard\libc_nano.a(lib_a-nano-mallocr.o)
 .text._malloc_r
                0x0002ea78       0xe8 c:/program files (x86)/gnu arm embedded toolchain/10 2021.10/bin/../lib/gcc/arm-none-eabi/10.3.1/../../../../arm-none-eabi/lib/thumb/v7e-m+fp/hard\libc_nano.a(lib_a-nano-mallocr.o)
                0x0002ea78                _malloc_r
 .text.__sfputc_r
                0x0002eb60       0x2e c:/program files (x86)/gnu arm embedded toolchain/10 2021.10/bin/../lib/gcc/arm-none-eabi/10.3.1/../../../../arm-none-eabi/lib/thumb/v7e-m+fp/hard\libc_nano.a(lib_a-nano-vfprintf.o)
 .text.__sfputs_r
                0x0002eb8e       0x24 c:/program files (x86)/gnu arm embedded toolchain/10 2021.10/bin/../lib/gcc/arm-none-eabi/10.3.1/../../../../arm-none-eabi/lib/thumb/v7e-m+fp/hard\libc_nano.a(lib_a-nano-vfprintf.o)
                0x0002eb8e                __sfputs_r
 *fill*         0x0002ebb2        0x2 
 .text._vfprintf_r
                0x0002ebb4      0x260 c:/program files (x86)/gnu arm embedded toolchain/10 2021.10/bin/../lib/gcc/arm-none-eabi/10.3.1/../../../../arm-none-eabi/lib/thumb/v7e-m+fp/hard\libc_nano.a(lib_a-nano-vfprintf.o)
                0x0002ebb4                _vfprintf_r
                0x0002ebb4                _vfiprintf_r
 .text._printf_common
                0x0002ee14       0xda c:/program files (x86)/gnu arm embedded toolchain/10 2021.10/bin/../lib/gcc/arm-none-eabi/10.3.1/../../../../arm-none-eabi/lib/thumb/v7e-m+fp/hard\libc_nano.a(lib_a-nano-vfprintf_i.o)
                0x0002ee14                _printf_common
 *fill*         0x0002eeee        0x2 
 .text._printf_i
                0x0002eef0      0x24c c:/program files (x86)/gnu arm embedded toolchain/10 2021.10/bin/../lib/gcc/arm-none-eabi/10.3.1/../../../../arm-none-eabi/lib/thumb/v7e-m+fp/hard\libc_nano.a(lib_a-nano-vfprintf_i.o)
                0x0002eef0                _printf_i
 .text._sbrk_r  0x0002f13c       0x20 c:/program files (x86)/gnu arm embedded toolchain/10 2021.10/bin/../lib/gcc/arm-none-eabi/10.3.1/../../../../arm-none-eabi/lib/thumb/v7e-m+fp/hard\libc_nano.a(lib_a-sbrkr.o)
                0x0002f13c                _sbrk_r
 .text.__sread  0x0002f15c       0x22 c:/program files (x86)/gnu arm embedded toolchain/10 2021.10/bin/../lib/gcc/arm-none-eabi/10.3.1/../../../../arm-none-eabi/lib/thumb/v7e-m+fp/hard\libc_nano.a(lib_a-stdio.o)
                0x0002f15c                __sread
 .text.__swrite
                0x0002f17e       0x38 c:/program files (x86)/gnu arm embedded toolchain/10 2021.10/bin/../lib/gcc/arm-none-eabi/10.3.1/../../../../arm-none-eabi/lib/thumb/v7e-m+fp/hard\libc_nano.a(lib_a-stdio.o)
                0x0002f17e                __swrite
 .text.__sseek  0x0002f1b6       0x24 c:/program files (x86)/gnu arm embedded toolchain/10 2021.10/bin/../lib/gcc/arm-none-eabi/10.3.1/../../../../arm-none-eabi/lib/thumb/v7e-m+fp/hard\libc_nano.a(lib_a-stdio.o)
                0x0002f1b6                __sseek
 .text.__sclose
                0x0002f1da        0x8 c:/program files (x86)/gnu arm embedded toolchain/10 2021.10/bin/../lib/gcc/arm-none-eabi/10.3.1/../../../../arm-none-eabi/lib/thumb/v7e-m+fp/hard\libc_nano.a(lib_a-stdio.o)
                0x0002f1da                __sclose
 *fill*         0x0002f1e2        0x2 
 .text.__swbuf_r
                0x0002f1e4       0xa4 c:/program files (x86)/gnu arm embedded toolchain/10 2021.10/bin/../lib/gcc/arm-none-eabi/10.3.1/../../../../arm-none-eabi/lib/thumb/v7e-m+fp/hard\libc_nano.a(lib_a-wbuf.o)
                0x0002f1e4                __swbuf_r
 .text._write_r
                0x0002f288       0x24 c:/program files (x86)/gnu arm embedded toolchain/10 2021.10/bin/../lib/gcc/arm-none-eabi/10.3.1/../../../../arm-none-eabi/lib/thumb/v7e-m+fp/hard\libc_nano.a(lib_a-writer.o)
                0x0002f288                _write_r
 .text.__swsetup_r
                0x0002f2ac       0xdc c:/program files (x86)/gnu arm embedded toolchain/10 2021.10/bin/../lib/gcc/arm-none-eabi/10.3.1/../../../../arm-none-eabi/lib/thumb/v7e-m+fp/hard\libc_nano.a(lib_a-wsetup.o)
                0x0002f2ac                __swsetup_r
 .text._close_r
                0x0002f388       0x20 c:/program files (x86)/gnu arm embedded toolchain/10 2021.10/bin/../lib/gcc/arm-none-eabi/10.3.1/../../../../arm-none-eabi/lib/thumb/v7e-m+fp/hard\libc_nano.a(lib_a-closer.o)
                0x0002f388                _close_r
 .text.__sflush_r
                0x0002f3a8      0x10c c:/program files (x86)/gnu arm embedded toolchain/10 2021.10/bin/../lib/gcc/arm-none-eabi/10.3.1/../../../../arm-none-eabi/lib/thumb/v7e-m+fp/hard\libc_nano.a(lib_a-fflush.o)
                0x0002f3a8                __sflush_r
 .text._fflush_r
                0x0002f4b4       0x78 c:/program files (x86)/gnu arm embedded toolchain/10 2021.10/bin/../lib/gcc/arm-none-eabi/10.3.1/../../../../arm-none-eabi/lib/thumb/v7e-m+fp/hard\libc_nano.a(lib_a-fflush.o)
                0x0002f4b4                _fflush_r
 .text._lseek_r
                0x0002f52c       0x24 c:/program files (x86)/gnu arm embedded toolchain/10 2021.10/bin/../lib/gcc/arm-none-eabi/10.3.1/../../../../arm-none-eabi/lib/thumb/v7e-m+fp/hard\libc_nano.a(lib_a-lseekr.o)
                0x0002f52c                _lseek_r
 .text.__swhatbuf_r
                0x0002f550       0x4a c:/program files (x86)/gnu arm embedded toolchain/10 2021.10/bin/../lib/gcc/arm-none-eabi/10.3.1/../../../../arm-none-eabi/lib/thumb/v7e-m+fp/hard\libc_nano.a(lib_a-makebuf.o)
                0x0002f550                __swhatbuf_r
 *fill*         0x0002f59a        0x2 
 .text.__smakebuf_r
                0x0002f59c       0x80 c:/program files (x86)/gnu arm embedded toolchain/10 2021.10/bin/../lib/gcc/arm-none-eabi/10.3.1/../../../../arm-none-eabi/lib/thumb/v7e-m+fp/hard\libc_nano.a(lib_a-makebuf.o)
                0x0002f59c                __smakebuf_r
 *fill*         0x0002f61c        0x4 
 .text          0x0002f620       0xa0 c:/program files (x86)/gnu arm embedded toolchain/10 2021.10/bin/../lib/gcc/arm-none-eabi/10.3.1/../../../../arm-none-eabi/lib/thumb/v7e-m+fp/hard\libc_nano.a(lib_a-memchr.o)
                0x0002f620                memchr
 .text.__malloc_lock
                0x0002f6c0        0xc c:/program files (x86)/gnu arm embedded toolchain/10 2021.10/bin/../lib/gcc/arm-none-eabi/10.3.1/../../../../arm-none-eabi/lib/thumb/v7e-m+fp/hard\libc_nano.a(lib_a-mlock.o)
                0x0002f6c0                __malloc_lock
 .text.__malloc_unlock
                0x0002f6cc        0xc c:/program files (x86)/gnu arm embedded toolchain/10 2021.10/bin/../lib/gcc/arm-none-eabi/10.3.1/../../../../arm-none-eabi/lib/thumb/v7e-m+fp/hard\libc_nano.a(lib_a-mlock.o)
                0x0002f6cc                __malloc_unlock
 .text._free_r  0x0002f6d8       0x98 c:/program files (x86)/gnu arm embedded toolchain/10 2021.10/bin/../lib/gcc/arm-none-eabi/10.3.1/../../../../arm-none-eabi/lib/thumb/v7e-m+fp/hard\libc_nano.a(lib_a-nano-freer.o)
                0x0002f6d8                _free_r
 .text._read_r  0x0002f770       0x24 c:/program files (x86)/gnu arm embedded toolchain/10 2021.10/bin/../lib/gcc/arm-none-eabi/10.3.1/../../../../arm-none-eabi/lib/thumb/v7e-m+fp/hard\libc_nano.a(lib_a-readr.o)
                0x0002f770                _read_r
 .text._fstat_r
                0x0002f794       0x24 c:/program files (x86)/gnu arm embedded toolchain/10 2021.10/bin/../lib/gcc/arm-none-eabi/10.3.1/../../../../arm-none-eabi/lib/thumb/v7e-m+fp/hard\libc_nano.a(lib_a-fstatr.o)
                0x0002f794                _fstat_r
 .text._isatty_r
                0x0002f7b8       0x20 c:/program files (x86)/gnu arm embedded toolchain/10 2021.10/bin/../lib/gcc/arm-none-eabi/10.3.1/../../../../arm-none-eabi/lib/thumb/v7e-m+fp/hard\libc_nano.a(lib_a-isattyr.o)
                0x0002f7b8                _isatty_r
 .text._close   0x0002f7d8       0x10 c:/program files (x86)/gnu arm embedded toolchain/10 2021.10/bin/../lib/gcc/arm-none-eabi/10.3.1/../../../../arm-none-eabi/lib/thumb/v7e-m+fp/hard\libnosys.a(close.o)
                0x0002f7d8                _close
 .text._fstat   0x0002f7e8       0x10 c:/program files (x86)/gnu arm embedded toolchain/10 2021.10/bin/../lib/gcc/arm-none-eabi/10.3.1/../../../../arm-none-eabi/lib/thumb/v7e-m+fp/hard\libnosys.a(fstat.o)
                0x0002f7e8                _fstat
 .text._isatty  0x0002f7f8       0x10 c:/program files (x86)/gnu arm embedded toolchain/10 2021.10/bin/../lib/gcc/arm-none-eabi/10.3.1/../../../../arm-none-eabi/lib/thumb/v7e-m+fp/hard\libnosys.a(isatty.o)
                0x0002f7f8                _isatty
 .text._lseek   0x0002f808       0x10 c:/program files (x86)/gnu arm embedded toolchain/10 2021.10/bin/../lib/gcc/arm-none-eabi/10.3.1/../../../../arm-none-eabi/lib/thumb/v7e-m+fp/hard\libnosys.a(lseek.o)
                0x0002f808                _lseek
 .text._sbrk    0x0002f818       0x1c c:/program files (x86)/gnu arm embedded toolchain/10 2021.10/bin/../lib/gcc/arm-none-eabi/10.3.1/../../../../arm-none-eabi/lib/thumb/v7e-m+fp/hard\libnosys.a(sbrk.o)
                0x0002f818                _sbrk
 .text._exit    0x0002f834        0x4 c:/program files (x86)/gnu arm embedded toolchain/10 2021.10/bin/../lib/gcc/arm-none-eabi/10.3.1/../../../../arm-none-eabi/lib/thumb/v7e-m+fp/hard\libnosys.a(_exit.o)
                0x0002f834                _exit
 .text          0x0002f838       0x30 c:/program files (x86)/gnu arm embedded toolchain/10 2021.10/bin/../lib/gcc/arm-none-eabi/10.3.1/thumb/v7e-m+fp/hard\libgcc.a(_aeabi_uldivmod.o)
                0x0002f838                __aeabi_uldivmod
 .text          0x0002f868      0x2d0 c:/program files (x86)/gnu arm embedded toolchain/10 2021.10/bin/../lib/gcc/arm-none-eabi/10.3.1/thumb/v7e-m+fp/hard\libgcc.a(_udivmoddi4.o)
                0x0002f868                __udivmoddi4
 .text          0x0002fb38        0x4 c:/program files (x86)/gnu arm embedded toolchain/10 2021.10/bin/../lib/gcc/arm-none-eabi/10.3.1/thumb/v7e-m+fp/hard\libgcc.a(_dvmd_tls.o)
                0x0002fb38                __aeabi_idiv0
                0x0002fb38                __aeabi_ldiv0
 *(.init)
 .init          0x0002fb3c        0x4 c:/program files (x86)/gnu arm embedded toolchain/10 2021.10/bin/../lib/gcc/arm-none-eabi/10.3.1/thumb/v7e-m+fp/hard/crti.o
                0x0002fb3c                _init
 .init          0x0002fb40        0x8 c:/program files (x86)/gnu arm embedded toolchain/10 2021.10/bin/../lib/gcc/arm-none-eabi/10.3.1/thumb/v7e-m+fp/hard/crtn.o
 *(.fini)
 .fini          0x0002fb48        0x4 c:/program files (x86)/gnu arm embedded toolchain/10 2021.10/bin/../lib/gcc/arm-none-eabi/10.3.1/thumb/v7e-m+fp/hard/crti.o
                0x0002fb48                _fini
 .fini          0x0002fb4c        0x8 c:/program files (x86)/gnu arm embedded toolchain/10 2021.10/bin/../lib/gcc/arm-none-eabi/10.3.1/thumb/v7e-m+fp/hard/crtn.o
 *crtbegin.o(.ctors)
 *crtbegin?.o(.ctors)
 *(EXCLUDE_FILE(*crtend.o *crtend?.o) .ctors)
 *(SORT_BY_NAME(.ctors.*))
 *(.ctors)
 *crtbegin.o(.dtors)
 *crtbegin?.o(.dtors)
 *(EXCLUDE_FILE(*crtend.o *crtend?.o) .dtors)
 *(SORT_BY_NAME(.dtors.*))
 *(.dtors)
 *(.rodata*)
 *fill*         0x0002fb54        0xc 
 .rodata.delay_machine_code.0
                0x0002fb60        0x6 _build/nrf52840_xxaa/nrf_log_backend_rtt.c.o
 *fill*         0x0002fb66        0x2 
 .rodata.nrf_log_backend_rtt_api
                0x0002fb68        0xc _build/nrf52840_xxaa/nrf_log_backend_rtt.c.o
                0x0002fb68                nrf_log_backend_rtt_api
 .rodata.str1.4
                0x0002fb74       0x10 _build/nrf52840_xxaa/nrf_log_default_backends.c.o
 .rodata.nrf_log_frontend_dequeue.str1.4
                0x0002fb84       0x11 _build/nrf52840_xxaa/nrf_log_frontend.c.o
 *fill*         0x0002fb95        0x3 
 .rodata.str1.4
                0x0002fb98        0x4 _build/nrf52840_xxaa/nrf_log_frontend.c.o
 .rodata.m_log_push_ringbuf
                0x0002fb9c        0xc _build/nrf52840_xxaa/nrf_log_frontend.c.o
 .rodata.prefix_process.str1.4
                0x0002fba8       0x36 _build/nrf52840_xxaa/nrf_log_str_formatter.c.o
 *fill*         0x0002fbde        0x2 
 .rodata.nrf_log_std_entry_process.str1.4
                0x0002fbe0        0x3 _build/nrf52840_xxaa/nrf_log_str_formatter.c.o
 *fill*         0x0002fbe3        0x1 
 .rodata.nrf_log_hexdump_entry_process.str1.4
                0x0002fbe4       0x13 _build/nrf52840_xxaa/nrf_log_str_formatter.c.o
                                 0x16 (size before relaxing)
 *fill*         0x0002fbf7        0x1 
 .rodata.str1.4
                0x0002fbf8       0x56 _build/nrf52840_xxaa/nrf_log_str_formatter.c.o
 *fill*         0x0002fc4e        0x2 
 .rodata.m_colors
                0x0002fc50       0x24 _build/nrf52840_xxaa/nrf_log_str_formatter.c.o
 .rodata.severity_names
                0x0002fc74       0x14 _build/nrf52840_xxaa/nrf_log_str_formatter.c.o
 .rodata.str1.4
                0x0002fc88        0xb _build/nrf52840_xxaa/app_button.c.o
 *fill*         0x0002fc93        0x1 
 .rodata.m_detection_delay_timer_id
                0x0002fc94        0x4 _build/nrf52840_xxaa/app_button.c.o
 .rodata.app_error_fault_handler.str1.4
                0x0002fc98       0x19 _build/nrf52840_xxaa/app_error_weak.c.o
 *fill*         0x0002fcb1        0xf 
 .rodata.delay_machine_code.0
                0x0002fcc0        0x6 _build/nrf52840_xxaa/app_timer.c.o
 *fill*         0x0002fcc6        0x2 
 .rodata        0x0002fcc8       0x20 _build/nrf52840_xxaa/app_uart_fifo.c.o
 .rodata.m_twi  0x0002fce8       0x10 _build/nrf52840_xxaa/mpu6050s.c.o
 .rodata.m_twi  0x0002fcf8       0x10 _build/nrf52840_xxaa/Si7021.c.o
 .rodata.m_twi  0x0002fd08       0x10 _build/nrf52840_xxaa/Max30100_3.c.o
 .rodata._aV2C.0
                0x0002fd18       0x10 _build/nrf52840_xxaa/nrf_fprintf_format.c.o
 .rodata.str1.4
                0x0002fd28        0x9 _build/nrf52840_xxaa/nrf_pwr_mgmt.c.o
 *fill*         0x0002fd31        0x3 
 .rodata.pwr_mgmt_data
                0x0002fd34        0xc _build/nrf52840_xxaa/nrf_pwr_mgmt.c.o
 .rodata.str1.4
                0x0002fd40      0x3e9 _build/nrf52840_xxaa/nrf_strerror.c.o
 *fill*         0x00030129        0x3 
 .rodata.m_unknown_str
                0x0003012c       0x13 _build/nrf52840_xxaa/nrf_strerror.c.o
 *fill*         0x0003013f        0x1 
 .rodata.nrf_strerror_array
                0x00030140      0x128 _build/nrf52840_xxaa/nrf_strerror.c.o
 .rodata.CSWTCH.6
                0x00030268        0x4 _build/nrf52840_xxaa/system_nrf52840.c.o
 .rodata.m_board_led_list
                0x0003026c        0x2 _build/nrf52840_xxaa/boards.c.o
 *fill*         0x0003026e        0x2 
 .rodata.str1.4
                0x00030270        0x6 _build/nrf52840_xxaa/nrf_drv_clock.c.o
 *fill*         0x00030276        0xa 
 .rodata.delay_machine_code.0
                0x00030280        0x6 _build/nrf52840_xxaa/nrf_drv_twi.c.o
 *fill*         0x00030286        0x2 
 .rodata.str1.4
                0x00030288        0x6 _build/nrf52840_xxaa/nrfx_clock.c.o
 *fill*         0x0003028e        0x2 
 .rodata.str1.4
                0x00030290        0x7 _build/nrf52840_xxaa/nrfx_gpiote.c.o
 *fill*         0x00030297        0x1 
 .rodata.str1.4
                0x00030298        0x4 _build/nrf52840_xxaa/nrfx_prs.c.o
 .rodata.str1.4
                0x0003029c        0x4 _build/nrf52840_xxaa/nrfx_ppi.c.o
 .rodata.str1.4
                0x000302a0        0x6 _build/nrf52840_xxaa/nrfx_timer.c.o
 *fill*         0x000302a6        0x2 
 .rodata.str1.4
                0x000302a8        0x5 _build/nrf52840_xxaa/nrfx_uart.c.o
 *fill*         0x000302ad        0x3 
 .rodata.str1.4
                0x000302b0        0x6 _build/nrf52840_xxaa/nrfx_uarte.c.o
 *fill*         0x000302b6        0x2 
 .rodata.str1.4
                0x000302b8        0x5 _build/nrf52840_xxaa/nrfx_twim.c.o
 *fill*         0x000302bd        0x3 
 .rodata.irq_handlers.0
                0x000302c0        0x8 _build/nrf52840_xxaa/nrfx_twim.c.o
 .rodata.str1.4
                0x000302c8        0x6 _build/nrf52840_xxaa/nrfx_saadc.c.o
 *fill*         0x000302ce        0x2 
 .rodata.app_buttons
                0x000302d0        0x8 _build/nrf52840_xxaa/bsp.c.o
 .rodata.m_bsp_alert_tmr
                0x000302d8        0x4 _build/nrf52840_xxaa/bsp.c.o
 .rodata.m_bsp_button_tmr
                0x000302dc        0x4 _build/nrf52840_xxaa/bsp.c.o
 .rodata.m_bsp_leds_tmr
                0x000302e0        0x4 _build/nrf52840_xxaa/bsp.c.o
 .rodata.ble_evt_handler.str1.4
                0x000302e4       0x19 _build/nrf52840_xxaa/main.c.o
 *fill*         0x000302fd        0x3 
 .rodata.nus_data_handler.str1.4
                0x00030300       0x2b _build/nrf52840_xxaa/main.c.o
 *fill*         0x0003032b        0x1 
 .rodata.gatt_evt_handler.str1.4
                0x0003032c       0x1c _build/nrf52840_xxaa/main.c.o
 .rodata.main.str1.4
                0x00030348       0x5d _build/nrf52840_xxaa/main.c.o
 *fill*         0x000303a5        0x3 
 .rodata        0x000303a8       0x28 _build/nrf52840_xxaa/main.c.o
 .rodata.m_timer
                0x000303d0        0x8 _build/nrf52840_xxaa/main.c.o
 .rodata.SEGGER_RTT_ReadNoLock.str1.4
                0x000303d8       0x17 _build/nrf52840_xxaa/SEGGER_RTT.c.o
 *fill*         0x000303ef        0x1 
 .rodata.data_length_update.str1.4
                0x000303f0       0xe2 _build/nrf52840_xxaa/nrf_ble_gatt.c.o
 *fill*         0x000304d2        0x2 
 .rodata.nrf_ble_gatt_on_ble_evt.str1.4
                0x000304d4       0x63 _build/nrf52840_xxaa/nrf_ble_gatt.c.o
 *fill*         0x00030537        0x1 
 .rodata.str1.4
                0x00030538        0xd _build/nrf52840_xxaa/nrf_ble_gatt.c.o
 *fill*         0x00030545        0x3 
 .rodata.str1.4
                0x00030548        0x8 _build/nrf52840_xxaa/ble_nus.c.o
 .rodata        0x00030550       0x10 _build/nrf52840_xxaa/ble_nus.c.o
 .rodata.str1.4
                0x00030560        0x8 _build/nrf52840_xxaa/nrf_sdh.c.o
 .rodata        0x00030568        0x4 _build/nrf52840_xxaa/nrf_sdh.c.o
 .rodata.sdh_req_observers
                0x0003056c        0xc _build/nrf52840_xxaa/nrf_sdh.c.o
 .rodata.sdh_stack_observers
                0x00030578        0xc _build/nrf52840_xxaa/nrf_sdh.c.o
 .rodata.sdh_state_observers
                0x00030584        0xc _build/nrf52840_xxaa/nrf_sdh.c.o
 .rodata.nrf_sdh_ble_default_cfg_set.str1.4
                0x00030590      0x1cf _build/nrf52840_xxaa/nrf_sdh_ble.c.o
 *fill*         0x0003075f        0x1 
 .rodata.nrf_sdh_ble_enable.str1.4
                0x00030760       0xad _build/nrf52840_xxaa/nrf_sdh_ble.c.o
 *fill*         0x0003080d        0x3 
 .rodata.str1.4
                0x00030810        0xc _build/nrf52840_xxaa/nrf_sdh_ble.c.o
 .rodata.sdh_ble_observers
                0x0003081c        0xc _build/nrf52840_xxaa/nrf_sdh_ble.c.o
 .rodata.str1.4
                0x00030828        0xc _build/nrf52840_xxaa/nrf_sdh_soc.c.o
 .rodata.sdh_soc_observers
                0x00030834        0xc _build/nrf52840_xxaa/nrf_sdh_soc.c.o
 .rodata._ctype_
                0x00030840      0x101 c:/program files (x86)/gnu arm embedded toolchain/10 2021.10/bin/../lib/gcc/arm-none-eabi/10.3.1/../../../../arm-none-eabi/lib/thumb/v7e-m+fp/hard\libc_nano.a(lib_a-ctype_.o)
                0x00030840                _ctype_
 *fill*         0x00030941        0x3 
 .rodata._global_impure_ptr
                0x00030944        0x4 c:/program files (x86)/gnu arm embedded toolchain/10 2021.10/bin/../lib/gcc/arm-none-eabi/10.3.1/../../../../arm-none-eabi/lib/thumb/v7e-m+fp/hard\libc_nano.a(lib_a-impure.o)
                0x00030944                _global_impure_ptr
 .rodata.__sf_fake_stderr
                0x00030948       0x20 c:/program files (x86)/gnu arm embedded toolchain/10 2021.10/bin/../lib/gcc/arm-none-eabi/10.3.1/../../../../arm-none-eabi/lib/thumb/v7e-m+fp/hard\libc_nano.a(lib_a-findfp.o)
                0x00030948                __sf_fake_stderr
 .rodata.__sf_fake_stdin
                0x00030968       0x20 c:/program files (x86)/gnu arm embedded toolchain/10 2021.10/bin/../lib/gcc/arm-none-eabi/10.3.1/../../../../arm-none-eabi/lib/thumb/v7e-m+fp/hard\libc_nano.a(lib_a-findfp.o)
                0x00030968                __sf_fake_stdin
 .rodata.__sf_fake_stdout
                0x00030988       0x20 c:/program files (x86)/gnu arm embedded toolchain/10 2021.10/bin/../lib/gcc/arm-none-eabi/10.3.1/../../../../arm-none-eabi/lib/thumb/v7e-m+fp/hard\libc_nano.a(lib_a-findfp.o)
                0x00030988                __sf_fake_stdout
 .rodata._vfprintf_r.str1.1
                0x000309a8       0x11 c:/program files (x86)/gnu arm embedded toolchain/10 2021.10/bin/../lib/gcc/arm-none-eabi/10.3.1/../../../../arm-none-eabi/lib/thumb/v7e-m+fp/hard\libc_nano.a(lib_a-nano-vfprintf.o)
 .rodata._printf_i.str1.1
                0x000309b9       0x22 c:/program files (x86)/gnu arm embedded toolchain/10 2021.10/bin/../lib/gcc/arm-none-eabi/10.3.1/../../../../arm-none-eabi/lib/thumb/v7e-m+fp/hard\libc_nano.a(lib_a-nano-vfprintf_i.o)
 *(.eh_frame*)
 *fill*         0x000309db        0x1 
 .eh_frame      0x000309dc        0x0 c:/program files (x86)/gnu arm embedded toolchain/10 2021.10/bin/../lib/gcc/arm-none-eabi/10.3.1/thumb/v7e-m+fp/hard/crtbegin.o
 .eh_frame      0x000309dc        0x4 c:/program files (x86)/gnu arm embedded toolchain/10 2021.10/bin/../lib/gcc/arm-none-eabi/10.3.1/thumb/v7e-m+fp/hard/crtend.o

.glue_7         0x000309e0        0x0
 .glue_7        0x000309e0        0x0 linker stubs

.glue_7t        0x000309e0        0x0
 .glue_7t       0x000309e0        0x0 linker stubs

.vfp11_veneer   0x000309e0        0x0
 .vfp11_veneer  0x000309e0        0x0 linker stubs

.v4_bx          0x000309e0        0x0
 .v4_bx         0x000309e0        0x0 linker stubs

.iplt           0x000309e0        0x0
 .iplt          0x000309e0        0x0 c:/program files (x86)/gnu arm embedded toolchain/10 2021.10/bin/../lib/gcc/arm-none-eabi/10.3.1/thumb/v7e-m+fp/hard/crtbegin.o

.mem_section_dummy_rom

.sdh_soc_observers
                0x000309e0        0x8
                0x000309e0                PROVIDE (__start_sdh_soc_observers = .)
 *(SORT_BY_NAME(.sdh_soc_observers*))
 .sdh_soc_observers0
                0x000309e0        0x8 _build/nrf52840_xxaa/nrf_drv_clock.c.o
                0x000309e8                PROVIDE (__stop_sdh_soc_observers = .)

.sdh_ble_observers
                0x000309e8       0x40
                0x000309e8                PROVIDE (__start_sdh_ble_observers = .)
 *(SORT_BY_NAME(.sdh_ble_observers*))
 .sdh_ble_observers0
                0x000309e8        0x8 _build/nrf52840_xxaa/ble_conn_state.c.o
 .sdh_ble_observers1
                0x000309f0        0x8 _build/nrf52840_xxaa/bsp_btn_ble.c.o
 .sdh_ble_observers1
                0x000309f8       0x10 _build/nrf52840_xxaa/main.c.o
 .sdh_ble_observers1
                0x00030a08        0x8 _build/nrf52840_xxaa/ble_conn_params.c.o
 .sdh_ble_observers2
                0x00030a10       0x10 _build/nrf52840_xxaa/main.c.o
 .sdh_ble_observers3
                0x00030a20        0x8 _build/nrf52840_xxaa/main.c.o
                0x00030a28                PROVIDE (__stop_sdh_ble_observers = .)

.pwr_mgmt_data  0x00030a28        0x0
                0x00030a28                PROVIDE (__start_pwr_mgmt_data = .)
 *(SORT_BY_NAME(.pwr_mgmt_data*))
                0x00030a28                PROVIDE (__stop_pwr_mgmt_data = .)

.sdh_req_observers
                0x00030a28        0x0
                0x00030a28                PROVIDE (__start_sdh_req_observers = .)
 *(SORT_BY_NAME(.sdh_req_observers*))
                0x00030a28                PROVIDE (__stop_sdh_req_observers = .)

.sdh_state_observers
                0x00030a28        0x8
                0x00030a28                PROVIDE (__start_sdh_state_observers = .)
 *(SORT_BY_NAME(.sdh_state_observers*))
 .sdh_state_observers0
                0x00030a28        0x8 _build/nrf52840_xxaa/nrf_drv_clock.c.o
                0x00030a30                PROVIDE (__stop_sdh_state_observers = .)

.sdh_stack_observers
                0x00030a30       0x10
                0x00030a30                PROVIDE (__start_sdh_stack_observers = .)
 *(SORT_BY_NAME(.sdh_stack_observers*))
 .sdh_stack_observers0
                0x00030a30        0x8 _build/nrf52840_xxaa/nrf_sdh_ble.c.o
 .sdh_stack_observers0
                0x00030a38        0x8 _build/nrf52840_xxaa/nrf_sdh_soc.c.o
                0x00030a40                PROVIDE (__stop_sdh_stack_observers = .)

.nrf_queue      0x00030a40        0x0
                [!provide]                PROVIDE (__start_nrf_queue = .)
 *(.nrf_queue)
                [!provide]                PROVIDE (__stop_nrf_queue = .)

.nrf_balloc     0x00030a40       0x14
                [!provide]                PROVIDE (__start_nrf_balloc = .)
 *(.nrf_balloc)
 .nrf_balloc    0x00030a40       0x14 _build/nrf52840_xxaa/nrf_log_frontend.c.o
                0x00030a40                log_mempool
                [!provide]                PROVIDE (__stop_nrf_balloc = .)

.cli_command    0x00030a54        0x0
                [!provide]                PROVIDE (__start_cli_command = .)
 *(.cli_command)
                [!provide]                PROVIDE (__stop_cli_command = .)

.crypto_data    0x00030a54        0x0
                [!provide]                PROVIDE (__start_crypto_data = .)
 *(SORT_BY_NAME(.crypto_data*))
                [!provide]                PROVIDE (__stop_crypto_data = .)

.log_const_data
                0x00030a54       0x90
                0x00030a54                PROVIDE (__start_log_const_data = .)
 *(SORT_BY_NAME(.log_const_data*))
 .log_const_data_CLOCK
                0x00030a54        0x8 _build/nrf52840_xxaa/nrfx_clock.c.o
                0x00030a54                m_nrf_log_CLOCK_logs_data_const
 .log_const_data_GPIOTE
                0x00030a5c        0x8 _build/nrf52840_xxaa/nrfx_gpiote.c.o
                0x00030a5c                m_nrf_log_GPIOTE_logs_data_const
 .log_const_data_PPI
                0x00030a64        0x8 _build/nrf52840_xxaa/nrfx_ppi.c.o
                0x00030a64                m_nrf_log_PPI_logs_data_const
 .log_const_data_PRS
                0x00030a6c        0x8 _build/nrf52840_xxaa/nrfx_prs.c.o
                0x00030a6c                m_nrf_log_PRS_logs_data_const
 .log_const_data_SAADC
                0x00030a74        0x8 _build/nrf52840_xxaa/nrfx_saadc.c.o
                0x00030a74                m_nrf_log_SAADC_logs_data_const
 .log_const_data_TIMER
                0x00030a7c        0x8 _build/nrf52840_xxaa/nrfx_timer.c.o
                0x00030a7c                m_nrf_log_TIMER_logs_data_const
 .log_const_data_TWIM
                0x00030a84        0x8 _build/nrf52840_xxaa/nrfx_twim.c.o
                0x00030a84                m_nrf_log_TWIM_logs_data_const
 .log_const_data_UART
                0x00030a8c        0x8 _build/nrf52840_xxaa/nrfx_uart.c.o
                0x00030a8c                m_nrf_log_UART_logs_data_const
 .log_const_data_UARTE
                0x00030a94        0x8 _build/nrf52840_xxaa/nrfx_uarte.c.o
                0x00030a94                m_nrf_log_UARTE_logs_data_const
 .log_const_data_app
                0x00030a9c        0x8 _build/nrf52840_xxaa/nrf_log_frontend.c.o
                0x00030a9c                m_nrf_log_app_logs_data_const
 .log_const_data_app_button
                0x00030aa4        0x8 _build/nrf52840_xxaa/app_button.c.o
                0x00030aa4                m_nrf_log_app_button_logs_data_const
 .log_const_data_ble_nus
                0x00030aac        0x8 _build/nrf52840_xxaa/ble_nus.c.o
                0x00030aac                m_nrf_log_ble_nus_logs_data_const
 .log_const_data_clock
                0x00030ab4        0x8 _build/nrf52840_xxaa/nrf_drv_clock.c.o
                0x00030ab4                m_nrf_log_clock_logs_data_const
 .log_const_data_nrf_ble_gatt
                0x00030abc        0x8 _build/nrf52840_xxaa/nrf_ble_gatt.c.o
                0x00030abc                m_nrf_log_nrf_ble_gatt_logs_data_const
 .log_const_data_nrf_sdh
                0x00030ac4        0x8 _build/nrf52840_xxaa/nrf_sdh.c.o
                0x00030ac4                m_nrf_log_nrf_sdh_logs_data_const
 .log_const_data_nrf_sdh_ble
                0x00030acc        0x8 _build/nrf52840_xxaa/nrf_sdh_ble.c.o
                0x00030acc                m_nrf_log_nrf_sdh_ble_logs_data_const
 .log_const_data_nrf_sdh_soc
                0x00030ad4        0x8 _build/nrf52840_xxaa/nrf_sdh_soc.c.o
                0x00030ad4                m_nrf_log_nrf_sdh_soc_logs_data_const
 .log_const_data_pwr_mgmt
                0x00030adc        0x8 _build/nrf52840_xxaa/nrf_pwr_mgmt.c.o
                0x00030adc                m_nrf_log_pwr_mgmt_logs_data_const
                0x00030ae4                PROVIDE (__stop_log_const_data = .)

.log_backends   0x00030ae4       0x10
                [!provide]                PROVIDE (__start_log_backends = .)
 *(SORT_BY_NAME(.log_backends*))
 .log_backends  0x00030ae4       0x10 _build/nrf52840_xxaa/nrf_log_default_backends.c.o
                [!provide]                PROVIDE (__stop_log_backends = .)

.ARM.extab
 *(.ARM.extab* .gnu.linkonce.armextab.*)
                0x00030af4                __exidx_start = .

.ARM.exidx      0x00030af4        0x8
 *(.ARM.exidx* .gnu.linkonce.armexidx.*)
 .ARM.exidx     0x00030af4        0x8 c:/program files (x86)/gnu arm embedded toolchain/10 2021.10/bin/../lib/gcc/arm-none-eabi/10.3.1/../../../../arm-none-eabi/lib/thumb/v7e-m+fp/hard/crt0.o
                                 0x10 (size before relaxing)
 .ARM.exidx     0x00030afc        0x0 c:/program files (x86)/gnu arm embedded toolchain/10 2021.10/bin/../lib/gcc/arm-none-eabi/10.3.1/thumb/v7e-m+fp/hard\libgcc.a(_udivmoddi4.o)
                                  0x8 (size before relaxing)
                0x00030afc                __exidx_end = .

.rel.dyn        0x00030afc        0x0
 .rel.iplt      0x00030afc        0x0 c:/program files (x86)/gnu arm embedded toolchain/10 2021.10/bin/../lib/gcc/arm-none-eabi/10.3.1/thumb/v7e-m+fp/hard/crtbegin.o
                0x00030afc                . = ALIGN (0x4)
                0x00030afc                __etext = .

.data           0x20002ae8       0xbc load address 0x00030afc
                0x20002ae8                __data_start__ = .
 *(vtable)
 *(.data*)
 .data.log_backend_cb_rtt_log_backend
                0x20002ae8        0x8 _build/nrf52840_xxaa/nrf_log_default_backends.c.o
 .data.app_uart_inst
                0x20002af0       0x14 _build/nrf52840_xxaa/app_uart_fifo.c.o
 .data.SystemCoreClock
                0x20002b04        0x4 _build/nrf52840_xxaa/system_nrf52840.c.o
                0x20002b04                SystemCoreClock
 .data.length   0x20002b08        0x2 _build/nrf52840_xxaa/main.c.o
                0x20002b08                length
 *fill*         0x20002b0a        0x2 
 .data.m_adv_uuids
                0x20002b0c        0x4 _build/nrf52840_xxaa/main.c.o
 .data.m_ble_nus_max_data_len
                0x20002b10        0x2 _build/nrf52840_xxaa/main.c.o
 .data.m_conn_handle
                0x20002b12        0x2 _build/nrf52840_xxaa/main.c.o
 .data.m_nus    0x20002b14       0x1c _build/nrf52840_xxaa/main.c.o
 .data.m_nus_link_ctx_storage
                0x20002b30        0x8 _build/nrf52840_xxaa/main.c.o
 .data._impure_ptr
                0x20002b38        0x4 c:/program files (x86)/gnu arm embedded toolchain/10 2021.10/bin/../lib/gcc/arm-none-eabi/10.3.1/../../../../arm-none-eabi/lib/thumb/v7e-m+fp/hard\libc_nano.a(lib_a-impure.o)
                0x20002b38                _impure_ptr
 .data.impure_data
                0x20002b3c       0x60 c:/program files (x86)/gnu arm embedded toolchain/10 2021.10/bin/../lib/gcc/arm-none-eabi/10.3.1/../../../../arm-none-eabi/lib/thumb/v7e-m+fp/hard\libc_nano.a(lib_a-impure.o)
                0x20002b9c                . = ALIGN (0x4)
                0x20002b9c                PROVIDE (__preinit_array_start = .)
 *(.preinit_array)
                0x20002b9c                PROVIDE (__preinit_array_end = .)
                0x20002b9c                . = ALIGN (0x4)
                0x20002b9c                PROVIDE (__init_array_start = .)
 *(SORT_BY_NAME(.init_array.*))
 *(.init_array)
 .init_array    0x20002b9c        0x4 c:/program files (x86)/gnu arm embedded toolchain/10 2021.10/bin/../lib/gcc/arm-none-eabi/10.3.1/thumb/v7e-m+fp/hard/crtbegin.o
                0x20002ba0                PROVIDE (__init_array_end = .)
                0x20002ba0                . = ALIGN (0x4)
                [!provide]                PROVIDE (__fini_array_start = .)
 *(SORT_BY_NAME(.fini_array.*))
 *(.fini_array)
 .fini_array    0x20002ba0        0x4 c:/program files (x86)/gnu arm embedded toolchain/10 2021.10/bin/../lib/gcc/arm-none-eabi/10.3.1/thumb/v7e-m+fp/hard/crtbegin.o
                [!provide]                PROVIDE (__fini_array_end = .)
 *(.jcr*)
                0x20002ba4                . = ALIGN (0x4)
                0x20002ba4                __data_end__ = .
LOAD c:/program files (x86)/gnu arm embedded toolchain/10 2021.10/bin/../lib/gcc/arm-none-eabi/10.3.1/thumb/v7e-m+fp/hard/crti.o
LOAD c:/program files (x86)/gnu arm embedded toolchain/10 2021.10/bin/../lib/gcc/arm-none-eabi/10.3.1/thumb/v7e-m+fp/hard/crtbegin.o
LOAD c:/program files (x86)/gnu arm embedded toolchain/10 2021.10/bin/../lib/gcc/arm-none-eabi/10.3.1/../../../../arm-none-eabi/lib/thumb/v7e-m+fp/hard/crt0.o
LOAD _build/nrf52840_xxaa/gcc_startup_nrf52840.S.o
LOAD _build/nrf52840_xxaa/nrf_log_backend_rtt.c.o
LOAD _build/nrf52840_xxaa/nrf_log_backend_serial.c.o
LOAD _build/nrf52840_xxaa/nrf_log_default_backends.c.o
LOAD _build/nrf52840_xxaa/nrf_log_frontend.c.o
LOAD _build/nrf52840_xxaa/nrf_log_str_formatter.c.o
LOAD _build/nrf52840_xxaa/app_button.c.o
LOAD _build/nrf52840_xxaa/app_error.c.o
LOAD _build/nrf52840_xxaa/app_error_handler_gcc.c.o
LOAD _build/nrf52840_xxaa/app_error_weak.c.o
LOAD _build/nrf52840_xxaa/app_fifo.c.o
LOAD _build/nrf52840_xxaa/app_scheduler.c.o
LOAD _build/nrf52840_xxaa/app_timer.c.o
LOAD _build/nrf52840_xxaa/app_uart_fifo.c.o
LOAD _build/nrf52840_xxaa/app_util_platform.c.o
LOAD _build/nrf52840_xxaa/hardfault_implementation.c.o
LOAD _build/nrf52840_xxaa/nrf_assert.c.o
LOAD _build/nrf52840_xxaa/mpu6050s.c.o
LOAD _build/nrf52840_xxaa/Si7021.c.o
LOAD _build/nrf52840_xxaa/Max30100_3.c.o
LOAD _build/nrf52840_xxaa/nrf_atfifo.c.o
LOAD _build/nrf52840_xxaa/nrf_atflags.c.o
LOAD _build/nrf52840_xxaa/nrf_atomic.c.o
LOAD _build/nrf52840_xxaa/nrf_balloc.c.o
LOAD _build/nrf52840_xxaa/nrf_fprintf.c.o
LOAD _build/nrf52840_xxaa/nrf_fprintf_format.c.o
LOAD _build/nrf52840_xxaa/nrf_memobj.c.o
LOAD _build/nrf52840_xxaa/nrf_pwr_mgmt.c.o
LOAD _build/nrf52840_xxaa/nrf_ringbuf.c.o
LOAD _build/nrf52840_xxaa/nrf_section_iter.c.o
LOAD _build/nrf52840_xxaa/nrf_strerror.c.o
LOAD _build/nrf52840_xxaa/retarget.c.o
LOAD _build/nrf52840_xxaa/system_nrf52840.c.o
LOAD _build/nrf52840_xxaa/boards.c.o
LOAD _build/nrf52840_xxaa/nrf_drv_clock.c.o
LOAD _build/nrf52840_xxaa/nrf_drv_uart.c.o
LOAD _build/nrf52840_xxaa/nrf_drv_ppi.c.o
LOAD _build/nrf52840_xxaa/nrf_drv_twi.c.o
LOAD _build/nrf52840_xxaa/nrfx_clock.c.o
LOAD _build/nrf52840_xxaa/nrfx_gpiote.c.o
LOAD _build/nrf52840_xxaa/nrfx_power.c.o
LOAD _build/nrf52840_xxaa/nrfx_prs.c.o
LOAD _build/nrf52840_xxaa/nrfx_ppi.c.o
LOAD _build/nrf52840_xxaa/nrfx_timer.c.o
LOAD _build/nrf52840_xxaa/nrfx_uart.c.o
LOAD _build/nrf52840_xxaa/nrfx_uarte.c.o
LOAD _build/nrf52840_xxaa/nrfx_twi.c.o
LOAD _build/nrf52840_xxaa/nrfx_twim.c.o
LOAD _build/nrf52840_xxaa/nrfx_saadc.c.o
LOAD _build/nrf52840_xxaa/bsp.c.o
LOAD _build/nrf52840_xxaa/bsp_btn_ble.c.o
LOAD _build/nrf52840_xxaa/main.c.o
LOAD _build/nrf52840_xxaa/SEGGER_RTT.c.o
LOAD _build/nrf52840_xxaa/SEGGER_RTT_Syscalls_GCC.c.o
LOAD _build/nrf52840_xxaa/SEGGER_RTT_printf.c.o
LOAD _build/nrf52840_xxaa/ble_advdata.c.o
LOAD _build/nrf52840_xxaa/ble_advertising.c.o
LOAD _build/nrf52840_xxaa/ble_conn_params.c.o
LOAD _build/nrf52840_xxaa/ble_conn_state.c.o
LOAD _build/nrf52840_xxaa/ble_link_ctx_manager.c.o
LOAD _build/nrf52840_xxaa/ble_srv_common.c.o
LOAD _build/nrf52840_xxaa/nrf_ble_gatt.c.o
LOAD _build/nrf52840_xxaa/nrf_ble_qwr.c.o
LOAD _build/nrf52840_xxaa/utf.c.o
LOAD _build/nrf52840_xxaa/ble_nus.c.o
LOAD _build/nrf52840_xxaa/nrf_sdh.c.o
LOAD _build/nrf52840_xxaa/nrf_sdh_ble.c.o
LOAD _build/nrf52840_xxaa/nrf_sdh_soc.c.o
LOAD c:/program files (x86)/gnu arm embedded toolchain/10 2021.10/bin/../lib/gcc/arm-none-eabi/10.3.1/../../../../arm-none-eabi/lib/thumb/v7e-m+fp/hard\libc_nano.a
LOAD c:/program files (x86)/gnu arm embedded toolchain/10 2021.10/bin/../lib/gcc/arm-none-eabi/10.3.1/../../../../arm-none-eabi/lib/thumb/v7e-m+fp/hard\libnosys.a
LOAD c:/program files (x86)/gnu arm embedded toolchain/10 2021.10/bin/../lib/gcc/arm-none-eabi/10.3.1/../../../../arm-none-eabi/lib/thumb/v7e-m+fp/hard\libm.a
START GROUP
LOAD c:/program files (x86)/gnu arm embedded toolchain/10 2021.10/bin/../lib/gcc/arm-none-eabi/10.3.1/thumb/v7e-m+fp/hard\libgcc.a
LOAD c:/program files (x86)/gnu arm embedded toolchain/10 2021.10/bin/../lib/gcc/arm-none-eabi/10.3.1/../../../../arm-none-eabi/lib/thumb/v7e-m+fp/hard\libg_nano.a
LOAD c:/program files (x86)/gnu arm embedded toolchain/10 2021.10/bin/../lib/gcc/arm-none-eabi/10.3.1/../../../../arm-none-eabi/lib/thumb/v7e-m+fp/hard\libc_nano.a
END GROUP
START GROUP
LOAD c:/program files (x86)/gnu arm embedded toolchain/10 2021.10/bin/../lib/gcc/arm-none-eabi/10.3.1/thumb/v7e-m+fp/hard\libgcc.a
LOAD c:/program files (x86)/gnu arm embedded toolchain/10 2021.10/bin/../lib/gcc/arm-none-eabi/10.3.1/../../../../arm-none-eabi/lib/thumb/v7e-m+fp/hard\libc_nano.a
END GROUP
LOAD c:/program files (x86)/gnu arm embedded toolchain/10 2021.10/bin/../lib/gcc/arm-none-eabi/10.3.1/thumb/v7e-m+fp/hard/crtend.o
LOAD c:/program files (x86)/gnu arm embedded toolchain/10 2021.10/bin/../lib/gcc/arm-none-eabi/10.3.1/thumb/v7e-m+fp/hard/crtn.o
START GROUP
LOAD c:/program files (x86)/gnu arm embedded toolchain/10 2021.10/bin/../lib/gcc/arm-none-eabi/10.3.1/thumb/v7e-m+fp/hard\libgcc.a
LOAD c:/program files (x86)/gnu arm embedded toolchain/10 2021.10/bin/../lib/gcc/arm-none-eabi/10.3.1/../../../../arm-none-eabi/lib/thumb/v7e-m+fp/hard\libc.a
LOAD c:/program files (x86)/gnu arm embedded toolchain/10 2021.10/bin/../lib/gcc/arm-none-eabi/10.3.1/../../../../arm-none-eabi/lib/thumb/v7e-m+fp/hard\libnosys.a
END GROUP

.igot.plt       0x20002ba4        0x0 load address 0x00030bb8
 .igot.plt      0x20002ba4        0x0 c:/program files (x86)/gnu arm embedded toolchain/10 2021.10/bin/../lib/gcc/arm-none-eabi/10.3.1/thumb/v7e-m+fp/hard/crtbegin.o
                0x20002ba4                . = ALIGN (0x4)

.mem_section_dummy_ram

.cli_sorted_cmd_ptrs
                0x20002ba4        0x0
                [!provide]                PROVIDE (__start_cli_sorted_cmd_ptrs = .)
 *(.cli_sorted_cmd_ptrs)
                [!provide]                PROVIDE (__stop_cli_sorted_cmd_ptrs = .)

.fs_data        0x20002ba4        0x0
                [!provide]                PROVIDE (__start_fs_data = .)
 *(.fs_data)
                [!provide]                PROVIDE (__stop_fs_data = .)

.log_dynamic_data
                0x20002ba4        0x0
                0x20002ba4                PROVIDE (__start_log_dynamic_data = .)
 *(SORT_BY_NAME(.log_dynamic_data*))
                [!provide]                PROVIDE (__stop_log_dynamic_data = .)

.log_filter_data
                0x20002ba4        0x0
                [!provide]                PROVIDE (__start_log_filter_data = .)
 *(SORT_BY_NAME(.log_filter_data*))
                [!provide]                PROVIDE (__stop_log_filter_data = .)

.bss            0x20002ba8     0x165c load address 0x00030bc0
                0x20002ba8                . = ALIGN (0x4)
                0x20002ba8                __bss_start__ = .
 *(.bss*)
 .bss           0x20002ba8       0x1c c:/program files (x86)/gnu arm embedded toolchain/10 2021.10/bin/../lib/gcc/arm-none-eabi/10.3.1/thumb/v7e-m+fp/hard/crtbegin.o
 .bss.m_host_present
                0x20002bc4        0x1 _build/nrf52840_xxaa/nrf_log_backend_rtt.c.o
 *fill*         0x20002bc5        0x3 
 .bss.m_string_buff
                0x20002bc8       0x40 _build/nrf52840_xxaa/nrf_log_backend_rtt.c.o
 .bss.log_mempool_nrf_balloc_cb
                0x20002c08        0x8 _build/nrf52840_xxaa/nrf_log_frontend.c.o
 .bss.log_mempool_nrf_balloc_pool_mem
                0x20002c10       0xc0 _build/nrf52840_xxaa/nrf_log_frontend.c.o
 .bss.log_mempool_nrf_balloc_pool_stack
                0x20002cd0        0x8 _build/nrf52840_xxaa/nrf_log_frontend.c.o
 .bss.m_log_data
                0x20002cd8      0x420 _build/nrf52840_xxaa/nrf_log_frontend.c.o
 .bss.m_log_push_ringbuf_buf
                0x200030f8       0x80 _build/nrf52840_xxaa/nrf_log_frontend.c.o
 .bss.m_log_push_ringbuf_cb
                0x20003178       0x18 _build/nrf52840_xxaa/nrf_log_frontend.c.o
 .bss.m_button_count
                0x20003190        0x1 _build/nrf52840_xxaa/app_button.c.o
 *fill*         0x20003191        0x3 
 .bss.m_detection_delay
                0x20003194        0x4 _build/nrf52840_xxaa/app_button.c.o
 .bss.m_detection_delay_timer_id_data
                0x20003198       0x20 _build/nrf52840_xxaa/app_button.c.o
 .bss.m_pin_active
                0x200031b8        0x8 _build/nrf52840_xxaa/app_button.c.o
 .bss.m_pin_states
                0x200031c0       0x20 _build/nrf52840_xxaa/app_button.c.o
 .bss.mp_buttons
                0x200031e0        0x4 _build/nrf52840_xxaa/app_button.c.o
 .bss.m_op_queue
                0x200031e4      0x10c _build/nrf52840_xxaa/app_timer.c.o
 .bss.m_rtc1_reset
                0x200032f0        0x1 _build/nrf52840_xxaa/app_timer.c.o
 .bss.m_rtc1_running
                0x200032f1        0x1 _build/nrf52840_xxaa/app_timer.c.o
 *fill*         0x200032f2        0x2 
 .bss.m_ticks_elapsed
                0x200032f4        0x8 _build/nrf52840_xxaa/app_timer.c.o
 .bss.m_ticks_elapsed_q_read_ind
                0x200032fc        0x1 _build/nrf52840_xxaa/app_timer.c.o
 .bss.m_ticks_elapsed_q_write_ind
                0x200032fd        0x1 _build/nrf52840_xxaa/app_timer.c.o
 *fill*         0x200032fe        0x2 
 .bss.m_ticks_latest
                0x20003300        0x4 _build/nrf52840_xxaa/app_timer.c.o
 .bss.mp_timer_id_head
                0x20003304        0x4 _build/nrf52840_xxaa/app_timer.c.o
 .bss.m_event_handler
                0x20003308        0x4 _build/nrf52840_xxaa/app_uart_fifo.c.o
 .bss.m_rx_fifo
                0x2000330c       0x10 _build/nrf52840_xxaa/app_uart_fifo.c.o
 .bss.m_rx_ovf  0x2000331c        0x1 _build/nrf52840_xxaa/app_uart_fifo.c.o
 *fill*         0x2000331d        0x3 
 .bss.m_tx_fifo
                0x20003320       0x10 _build/nrf52840_xxaa/app_uart_fifo.c.o
 .bss.rx_buffer
                0x20003330        0x1 _build/nrf52840_xxaa/app_uart_fifo.c.o
 *fill*         0x20003331        0x3 
 .bss.tx_buffer
                0x20003334        0x1 _build/nrf52840_xxaa/app_uart_fifo.c.o
 *fill*         0x20003335        0x3 
 .bss.nrf_nvic_state
                0x20003338        0xc _build/nrf52840_xxaa/app_util_platform.c.o
                0x20003338                nrf_nvic_state
 .bss.m_xfer_done
                0x20003344        0x1 _build/nrf52840_xxaa/mpu6050s.c.o
 *fill*         0x20003345        0x3 
 .bss.m_handlers_iter
                0x20003348        0x8 _build/nrf52840_xxaa/nrf_pwr_mgmt.c.o
 .bss.m_shutdown_started
                0x20003350        0x1 _build/nrf52840_xxaa/nrf_pwr_mgmt.c.o
 *fill*         0x20003351        0x3 
 .bss.m_sysoff_mtx
                0x20003354        0x4 _build/nrf52840_xxaa/nrf_pwr_mgmt.c.o
 .bss.m_clock_cb
                0x20003358       0x14 _build/nrf52840_xxaa/nrf_drv_clock.c.o
 .bss.m_contexts
                0x2000336c        0x8 _build/nrf52840_xxaa/nrf_drv_uart.c.o
 .bss.m_handlers
                0x20003374        0x8 _build/nrf52840_xxaa/nrf_drv_uart.c.o
 .bss.nrf_drv_uart_use_easy_dma
                0x2000337c        0x2 _build/nrf52840_xxaa/nrf_drv_uart.c.o
                0x2000337c                nrf_drv_uart_use_easy_dma
 .bss.m_drv_state
                0x2000337e        0x1 _build/nrf52840_xxaa/nrf_drv_ppi.c.o
 *fill*         0x2000337f        0x1 
 .bss.m_contexts
                0x20003380        0x8 _build/nrf52840_xxaa/nrf_drv_twi.c.o
 .bss.m_handlers
                0x20003388        0x8 _build/nrf52840_xxaa/nrf_drv_twi.c.o
 .bss.m_clock_cb
                0x20003390        0x8 _build/nrf52840_xxaa/nrfx_clock.c.o
 .bss.m_cb      0x20003398       0x6c _build/nrf52840_xxaa/nrfx_gpiote.c.o
 .bss.m_prs_box_4
                0x20003404        0x8 _build/nrf52840_xxaa/nrfx_prs.c.o
 .bss.m_channels_allocated
                0x2000340c        0x4 _build/nrf52840_xxaa/nrfx_ppi.c.o
 .bss.m_cb      0x20003410        0xc _build/nrf52840_xxaa/nrfx_timer.c.o
 *fill*         0x2000341c        0x4 
 .bss.m_cb      0x20003420       0x2c _build/nrf52840_xxaa/nrfx_uart.c.o
 *fill*         0x2000344c        0x4 
 .bss.m_cb      0x20003450       0x24 _build/nrf52840_xxaa/nrfx_uarte.c.o
 .bss.m_cb      0x20003474       0x68 _build/nrf52840_xxaa/nrfx_twim.c.o
 .bss.m_cb      0x200034dc       0x30 _build/nrf52840_xxaa/nrfx_saadc.c.o
 .bss.current_long_push_pin_no.1
                0x2000350c        0x1 _build/nrf52840_xxaa/bsp.c.o
 .bss.m_alert_on
                0x2000350d        0x1 _build/nrf52840_xxaa/bsp.c.o
 *fill*         0x2000350e        0x2 
 .bss.m_bsp_alert_tmr_data
                0x20003510       0x20 _build/nrf52840_xxaa/bsp.c.o
 .bss.m_bsp_button_tmr_data
                0x20003530       0x20 _build/nrf52840_xxaa/bsp.c.o
 .bss.m_bsp_leds_tmr_data
                0x20003550       0x20 _build/nrf52840_xxaa/bsp.c.o
 .bss.m_events_list
                0x20003570        0x3 _build/nrf52840_xxaa/bsp.c.o
 *fill*         0x20003573        0x1 
 .bss.m_indication_type
                0x20003574        0x4 _build/nrf52840_xxaa/bsp.c.o
 .bss.m_leds_clear
                0x20003578        0x1 _build/nrf52840_xxaa/bsp.c.o
 *fill*         0x20003579        0x3 
 .bss.m_registered_callback
                0x2000357c        0x4 _build/nrf52840_xxaa/bsp.c.o
 .bss.m_stable_state
                0x20003580        0x1 _build/nrf52840_xxaa/bsp.c.o
 *fill*         0x20003581        0x3 
 .bss.release_event_at_push.0
                0x20003584        0x1 _build/nrf52840_xxaa/bsp.c.o
 *fill*         0x20003585        0x3 
 .bss.m_error_handler
                0x20003588        0x4 _build/nrf52840_xxaa/bsp_btn_ble.c.o
 .bss.m_num_connections
                0x2000358c        0x4 _build/nrf52840_xxaa/bsp_btn_ble.c.o
 .bss.AccValue  0x20003590        0x6 _build/nrf52840_xxaa/main.c.o
                0x20003590                AccValue
 *fill*         0x20003596        0x2 
 .bss.adc_buffer
                0x20003598       0x64 _build/nrf52840_xxaa/main.c.o
                0x20003598                adc_buffer
 .bss.data_array.9
                0x200035fc       0xf4 _build/nrf52840_xxaa/main.c.o
 .bss.data_ready
                0x200036f0        0x1 _build/nrf52840_xxaa/main.c.o
                0x200036f0                data_ready
 .bss.index.10  0x200036f1        0x1 _build/nrf52840_xxaa/main.c.o
 .bss.ir_data   0x200036f2        0x2 _build/nrf52840_xxaa/main.c.o
                0x200036f2                ir_data
 .bss.m_adc_evt_counter
                0x200036f4        0x4 _build/nrf52840_xxaa/main.c.o
 .bss.m_advertising
                0x200036f8      0x434 _build/nrf52840_xxaa/main.c.o
 .bss.m_buffer_pool
                0x20003b2c       0xc0 _build/nrf52840_xxaa/main.c.o
 .bss.m_gatt    0x20003bec       0x14 _build/nrf52840_xxaa/main.c.o
 .bss.m_nus_link_ctx_storage_ctx_data_pool
                0x20003c00        0x4 _build/nrf52840_xxaa/main.c.o
 .bss.m_ppi_channel
                0x20003c04        0x1 _build/nrf52840_xxaa/main.c.o
 *fill*         0x20003c05        0x3 
 .bss.m_qwr     0x20003c08        0xc _build/nrf52840_xxaa/main.c.o
 .bss.printf_buffer
                0x20003c14       0x74 _build/nrf52840_xxaa/main.c.o
                0x20003c14                printf_buffer
 .bss.red_data  0x20003c88        0x2 _build/nrf52840_xxaa/main.c.o
                0x20003c88                red_data
 *fill*         0x20003c8a        0x2 
 .bss.rx_buf.7  0x20003c8c      0x100 _build/nrf52840_xxaa/main.c.o
 .bss.tx_buf.6  0x20003d8c      0x100 _build/nrf52840_xxaa/main.c.o
 .bss._SEGGER_RTT
                0x20003e8c       0x78 _build/nrf52840_xxaa/SEGGER_RTT.c.o
                0x20003e8c                _SEGGER_RTT
 .bss._acDownBuffer
                0x20003f04       0x10 _build/nrf52840_xxaa/SEGGER_RTT.c.o
 .bss._acUpBuffer
                0x20003f14      0x200 _build/nrf52840_xxaa/SEGGER_RTT.c.o
 .bss.m_conn_params_config
                0x20004114       0x1c _build/nrf52840_xxaa/ble_conn_params.c.o
 .bss.m_conn_params_instances
                0x20004130       0x14 _build/nrf52840_xxaa/ble_conn_params.c.o
 .bss.m_preferred_conn_params
                0x20004144        0x8 _build/nrf52840_xxaa/ble_conn_params.c.o
 *fill*         0x2000414c        0x4 
 .bss.m_timer_data
                0x20004150       0x20 _build/nrf52840_xxaa/ble_conn_params.c.o
 .bss.m_bcs     0x20004170       0x7c _build/nrf52840_xxaa/ble_conn_state.c.o
 .bss.m_nrf_sdh_continue
                0x200041ec        0x1 _build/nrf52840_xxaa/nrf_sdh.c.o
 .bss.m_nrf_sdh_enabled
                0x200041ed        0x1 _build/nrf52840_xxaa/nrf_sdh.c.o
 .bss.m_nrf_sdh_suspended
                0x200041ee        0x1 _build/nrf52840_xxaa/nrf_sdh.c.o
 .bss.m_stack_is_enabled
                0x200041ef        0x1 _build/nrf52840_xxaa/nrf_sdh_ble.c.o
 .bss.__lock___malloc_recursive_mutex
                0x200041f0        0x1 c:/program files (x86)/gnu arm embedded toolchain/10 2021.10/bin/../lib/gcc/arm-none-eabi/10.3.1/../../../../arm-none-eabi/lib/thumb/v7e-m+fp/hard\libc_nano.a(lib_a-lock.o)
                0x200041f0                __lock___malloc_recursive_mutex
 .bss.__lock___sfp_recursive_mutex
                0x200041f1        0x1 c:/program files (x86)/gnu arm embedded toolchain/10 2021.10/bin/../lib/gcc/arm-none-eabi/10.3.1/../../../../arm-none-eabi/lib/thumb/v7e-m+fp/hard\libc_nano.a(lib_a-lock.o)
                0x200041f1                __lock___sfp_recursive_mutex
 .bss.__lock___sinit_recursive_mutex