Archive member included to satisfy reference by file (symbol)

c:/program files (x86)/gnu tools arm embedded/9 2019-q4-major/bin/../lib/gcc/arm-none-eabi/9.2.1/../../../../arm-none-eabi/lib/thumb/v7e-m+fp/hard\libc_nano.a(lib_a-ctype_.o)
                              _build/nrf52840_xxaa/nrf_log_str_formatter.c.o (_ctype_)
c:/program files (x86)/gnu tools arm embedded/9 2019-q4-major/bin/../lib/gcc/arm-none-eabi/9.2.1/../../../../arm-none-eabi/lib/thumb/v7e-m+fp/hard\libc_nano.a(lib_a-exit.o)
                              c:/program files (x86)/gnu tools arm embedded/9 2019-q4-major/bin/../lib/gcc/arm-none-eabi/9.2.1/../../../../arm-none-eabi/lib/thumb/v7e-m+fp/hard/crt0.o (exit)
c:/program files (x86)/gnu tools arm embedded/9 2019-q4-major/bin/../lib/gcc/arm-none-eabi/9.2.1/../../../../arm-none-eabi/lib/thumb/v7e-m+fp/hard\libc_nano.a(lib_a-impure.o)
                              c:/program files (x86)/gnu tools arm embedded/9 2019-q4-major/bin/../lib/gcc/arm-none-eabi/9.2.1/../../../../arm-none-eabi/lib/thumb/v7e-m+fp/hard\libc_nano.a(lib_a-exit.o) (_global_impure_ptr)
c:/program files (x86)/gnu tools arm embedded/9 2019-q4-major/bin/../lib/gcc/arm-none-eabi/9.2.1/../../../../arm-none-eabi/lib/thumb/v7e-m+fp/hard\libc_nano.a(lib_a-init.o)
                              c:/program files (x86)/gnu tools arm embedded/9 2019-q4-major/bin/../lib/gcc/arm-none-eabi/9.2.1/../../../../arm-none-eabi/lib/thumb/v7e-m+fp/hard/crt0.o (__libc_init_array)
c:/program files (x86)/gnu tools arm embedded/9 2019-q4-major/bin/../lib/gcc/arm-none-eabi/9.2.1/../../../../arm-none-eabi/lib/thumb/v7e-m+fp/hard\libc_nano.a(lib_a-memcmp.o)
                              _build/nrf52840_xxaa/ble_advdata.c.o (memcmp)
c:/program files (x86)/gnu tools arm embedded/9 2019-q4-major/bin/../lib/gcc/arm-none-eabi/9.2.1/../../../../arm-none-eabi/lib/thumb/v7e-m+fp/hard\libc_nano.a(lib_a-memcpy-stub.o)
                              _build/nrf52840_xxaa/nrf_log_frontend.c.o (memcpy)
c:/program files (x86)/gnu tools arm embedded/9 2019-q4-major/bin/../lib/gcc/arm-none-eabi/9.2.1/../../../../arm-none-eabi/lib/thumb/v7e-m+fp/hard\libc_nano.a(lib_a-memset.o)
                              c:/program files (x86)/gnu tools arm embedded/9 2019-q4-major/bin/../lib/gcc/arm-none-eabi/9.2.1/../../../../arm-none-eabi/lib/thumb/v7e-m+fp/hard/crt0.o (memset)
c:/program files (x86)/gnu tools arm embedded/9 2019-q4-major/bin/../lib/gcc/arm-none-eabi/9.2.1/../../../../arm-none-eabi/lib/thumb/v7e-m+fp/hard\libc_nano.a(lib_a-printf.o)
                              _build/nrf52840_xxaa/main.c.o (printf)
c:/program files (x86)/gnu tools arm embedded/9 2019-q4-major/bin/../lib/gcc/arm-none-eabi/9.2.1/../../../../arm-none-eabi/lib/thumb/v7e-m+fp/hard\libc_nano.a(lib_a-strcpy.o)
                              _build/nrf52840_xxaa/SEGGER_RTT.c.o (strcpy)
c:/program files (x86)/gnu tools arm embedded/9 2019-q4-major/bin/../lib/gcc/arm-none-eabi/9.2.1/../../../../arm-none-eabi/lib/thumb/v7e-m+fp/hard\libc_nano.a(lib_a-strlen.o)
                              _build/nrf52840_xxaa/nrf_log_frontend.c.o (strlen)
c:/program files (x86)/gnu tools arm embedded/9 2019-q4-major/bin/../lib/gcc/arm-none-eabi/9.2.1/../../../../arm-none-eabi/lib/thumb/v7e-m+fp/hard\libc_nano.a(lib_a-findfp.o)
                              c:/program files (x86)/gnu tools arm embedded/9 2019-q4-major/bin/../lib/gcc/arm-none-eabi/9.2.1/../../../../arm-none-eabi/lib/thumb/v7e-m+fp/hard\libc_nano.a(lib_a-printf.o) (__sinit)
c:/program files (x86)/gnu tools arm embedded/9 2019-q4-major/bin/../lib/gcc/arm-none-eabi/9.2.1/../../../../arm-none-eabi/lib/thumb/v7e-m+fp/hard\libc_nano.a(lib_a-fwalk.o)
                              c:/program files (x86)/gnu tools arm embedded/9 2019-q4-major/bin/../lib/gcc/arm-none-eabi/9.2.1/../../../../arm-none-eabi/lib/thumb/v7e-m+fp/hard\libc_nano.a(lib_a-findfp.o) (_fwalk)
c:/program files (x86)/gnu tools arm embedded/9 2019-q4-major/bin/../lib/gcc/arm-none-eabi/9.2.1/../../../../arm-none-eabi/lib/thumb/v7e-m+fp/hard\libc_nano.a(lib_a-lock.o)
                              c:/program files (x86)/gnu tools arm embedded/9 2019-q4-major/bin/../lib/gcc/arm-none-eabi/9.2.1/../../../../arm-none-eabi/lib/thumb/v7e-m+fp/hard\libc_nano.a(lib_a-findfp.o) (__retarget_lock_init_recursive)
c:/program files (x86)/gnu tools arm embedded/9 2019-q4-major/bin/../lib/gcc/arm-none-eabi/9.2.1/../../../../arm-none-eabi/lib/thumb/v7e-m+fp/hard\libc_nano.a(lib_a-nano-mallocr.o)
                              c:/program files (x86)/gnu tools arm embedded/9 2019-q4-major/bin/../lib/gcc/arm-none-eabi/9.2.1/../../../../arm-none-eabi/lib/thumb/v7e-m+fp/hard\libc_nano.a(lib_a-findfp.o) (_malloc_r)
c:/program files (x86)/gnu tools arm embedded/9 2019-q4-major/bin/../lib/gcc/arm-none-eabi/9.2.1/../../../../arm-none-eabi/lib/thumb/v7e-m+fp/hard\libc_nano.a(lib_a-nano-vfprintf.o)
[...]
Memory Configuration

Name             Origin             Length             Attributes
FLASH            0x00026000         0x000ce000         xr
RAM              0x20002ae8         0x0003d518         xrw
*default*        0x00000000         0xffffffff

Linker script and memory map


.text           0x00026000     0x9b38
 *(.isr_vector)
 .isr_vector    0x00026000      0x200 _build/nrf52840_xxaa/gcc_startup_nrf52840.S.o
                0x00026000                __isr_vector
 *(.text*)
 .text          0x00026200       0x40 c:/program files (x86)/gnu tools arm embedded/9 2019-q4-major/bin/../lib/gcc/arm-none-eabi/9.2.1/thumb/v7e-m+fp/hard/crtbegin.o
 .text          0x00026240       0x74 c:/program files (x86)/gnu tools arm embedded/9 2019-q4-major/bin/../lib/gcc/arm-none-eabi/9.2.1/../../../../arm-none-eabi/lib/thumb/v7e-m+fp/hard/crt0.o
                0x00026240                _start
                0x00026240                _mainCRTStartup
 .text          0x000262b4       0x3c _build/nrf52840_xxaa/gcc_startup_nrf52840.S.o
                0x000262b4                Reset_Handler
                0x000262dc                NMI_Handler
                0x000262de                HardFault_Handler
                0x000262e0                MemoryManagement_Handler
                0x000262e2                BusFault_Handler
                0x000262e4                UsageFault_Handler
                0x000262e6                SVC_Handler
                0x000262e8                DebugMon_Handler
                0x000262ea                PendSV_Handler
                0x000262ec                SysTick_Handler
                0x000262ee                TEMP_IRQHandler
                0x000262ee                QDEC_IRQHandler
                0x000262ee                PWM3_IRQHandler
                0x000262ee                FPU_IRQHandler
                0x000262ee                USBD_IRQHandler
                0x000262ee                SPIM0_SPIS0_TWIM0_TWIS0_SPI0_TWI0_IRQHandler
                0x000262ee                PDM_IRQHandler
                0x000262ee                TIMER4_IRQHandler
                0x000262ee                CRYPTOCELL_IRQHandler
                0x000262ee                I2S_IRQHandler
                0x000262ee                SWI4_EGU4_IRQHandler
                0x000262ee                TIMER0_IRQHandler
                0x000262ee                RADIO_IRQHandler
                0x000262ee                RTC0_IRQHandler
                0x000262ee                TIMER1_IRQHandler
                0x000262ee                SPIM3_IRQHandler
                0x000262ee                PWM2_IRQHandler
                0x000262ee                ECB_IRQHandler
                0x000262ee                SPIM1_SPIS1_TWIM1_TWIS1_SPI1_TWI1_IRQHandler
                0x000262ee                Default_Handler
                0x000262ee                CCM_AAR_IRQHandler
                0x000262ee                WDT_IRQHandler
                0x000262ee                PWM1_IRQHandler
                0x000262ee                SWI5_EGU5_IRQHandler
                0x000262ee                RNG_IRQHandler
                0x000262ee                RTC2_IRQHandler
                0x000262ee                PWM0_IRQHandler
                0x000262ee                SWI3_EGU3_IRQHandler
                0x000262ee                SWI1_EGU1_IRQHandler
                0x000262ee                SPIM2_SPIS2_SPI2_IRQHandler
                0x000262ee                NFCT_IRQHandler
                0x000262ee                UARTE1_IRQHandler
                0x000262ee                MWU_IRQHandler
                0x000262ee                TIMER2_IRQHandler
                0x000262ee                QSPI_IRQHandler
                0x000262ee                COMP_LPCOMP_IRQHandler
 .text.nrf_log_backend_rtt_flush
                0x000262f0        0x4 _build/nrf52840_xxaa/nrf_log_backend_rtt.c.o
 .text.nrf_log_backend_rtt_put
                0x000262f4       0x20 _build/nrf52840_xxaa/nrf_log_backend_rtt.c.o
 .text.serial_tx
                0x00026314       0x54 _build/nrf52840_xxaa/nrf_log_backend_rtt.c.o
 .text.nrf_log_backend_rtt_panic_set
                0x00026368        0x4 _build/nrf52840_xxaa/nrf_log_backend_rtt.c.o
 .text.nrf_log_backend_rtt_init
                0x0002636c        0x4 _build/nrf52840_xxaa/nrf_log_backend_rtt.c.o
                0x0002636c                nrf_log_backend_rtt_init
 .text.nrf_log_backend_serial_put
                0x00026370       0xd8 _build/nrf52840_xxaa/nrf_log_backend_serial.c.o
                0x00026370                nrf_log_backend_serial_put
 .text.nrf_log_default_backends_init
                0x00026448       0x20 _build/nrf52840_xxaa/nrf_log_default_backends.c.o
                0x00026448                nrf_log_default_backends_init
 .text.nrf_log_init
                0x00026468       0x28 _build/nrf52840_xxaa/nrf_log_frontend.c.o
                0x00026468                nrf_log_init
 .text.nrf_log_module_name_get
                0x00026490       0x48 _build/nrf52840_xxaa/nrf_log_frontend.c.o
                0x00026490                nrf_log_module_name_get
 .text.nrf_log_color_id_get
                0x000264d8       0x2c _build/nrf52840_xxaa/nrf_log_frontend.c.o
                0x000264d8                nrf_log_color_id_get
 .text.nrf_log_frontend_dequeue
                0x00026504      0x250 _build/nrf52840_xxaa/nrf_log_frontend.c.o
                0x00026504                nrf_log_frontend_dequeue
 .text.nrf_log_frontend_std_0
                0x00026754      0x188 _build/nrf52840_xxaa/nrf_log_frontend.c.o
                0x00026754                nrf_log_frontend_std_0
 .text.nrf_log_frontend_std_1
                0x000268dc      0x19c _build/nrf52840_xxaa/nrf_log_frontend.c.o
                0x000268dc                nrf_log_frontend_std_1
 .text.nrf_log_frontend_std_2
                0x00026a78      0x1b0 _build/nrf52840_xxaa/nrf_log_frontend.c.o
                0x00026a78                nrf_log_frontend_std_2
 .text.nrf_log_backend_add
                0x00026c28       0x5c _build/nrf52840_xxaa/nrf_log_frontend.c.o
                0x00026c28                nrf_log_backend_add
 .text.nrf_log_panic
                0x00026c84       0x28 _build/nrf52840_xxaa/nrf_log_frontend.c.o
                0x00026c84                nrf_log_panic
 .text.prefix_process
                0x00026cac       0x80 _build/nrf52840_xxaa/nrf_log_str_formatter.c.o
 .text.nrf_log_std_entry_process
                0x00026d2c       0xf0 _build/nrf52840_xxaa/nrf_log_str_formatter.c.o
                0x00026d2c                nrf_log_std_entry_process
 .text.nrf_log_hexdump_entry_process
                0x00026e1c       0xfc _build/nrf52840_xxaa/nrf_log_str_formatter.c.o
                0x00026e1c                nrf_log_hexdump_entry_process
 .text.gpiote_event_handler
                0x00026f18       0x74 _build/nrf52840_xxaa/app_button.c.o
 .text.detection_delay_timeout_handler
                0x00026f8c      0x264 _build/nrf52840_xxaa/app_button.c.o
 .text.app_button_init
                0x000271f0       0xc0 _build/nrf52840_xxaa/app_button.c.o
                0x000271f0                app_button_init
 .text.app_button_enable
                0x000272b0       0x2c _build/nrf52840_xxaa/app_button.c.o
                0x000272b0                app_button_enable
 .text.app_error_handler_bare
                0x000272dc       0x20 _build/nrf52840_xxaa/app_error.c.o
                0x000272dc                app_error_handler_bare
 .text.app_error_fault_handler
                0x000272fc       0x70 _build/nrf52840_xxaa/app_error_weak.c.o
                0x000272fc                app_error_fault_handler
 .text.app_fifo_init
                0x0002736c       0x20 _build/nrf52840_xxaa/app_fifo.c.o
                0x0002736c                app_fifo_init
 .text.app_fifo_put
                0x0002738c       0x30 _build/nrf52840_xxaa/app_fifo.c.o
                0x0002738c                app_fifo_put
 .text.app_fifo_get
                0x000273bc       0x2c _build/nrf52840_xxaa/app_fifo.c.o
                0x000273bc                app_fifo_get
 .text.RTC1_IRQHandler
                0x000273e8       0xa0 _build/nrf52840_xxaa/app_timer.c.o
                0x000273e8                RTC1_IRQHandler
 .text.SWI0_EGU0_IRQHandler
                0x00027488      0x3ec _build/nrf52840_xxaa/app_timer.c.o
                0x00027488                SWI0_EGU0_IRQHandler
 .text.app_timer_init
                0x00027874       0xb0 _build/nrf52840_xxaa/app_timer.c.o
                0x00027874                app_timer_init
 .text.app_timer_create
                0x00027924       0x24 _build/nrf52840_xxaa/app_timer.c.o
                0x00027924                app_timer_create
 .text.app_timer_start
                0x00027948       0xb4 _build/nrf52840_xxaa/app_timer.c.o
                0x00027948                app_timer_start
 .text.app_timer_stop
                0x000279fc       0x78 _build/nrf52840_xxaa/app_timer.c.o
                0x000279fc                app_timer_stop
 .text.uart_event_handler
                0x00027a74      0x120 _build/nrf52840_xxaa/app_uart_fifo.c.o
 .text.app_uart_init
                0x00027b94       0xf8 _build/nrf52840_xxaa/app_uart_fifo.c.o
                0x00027b94                app_uart_init
 .text.app_uart_get
                0x00027c8c       0x5c _build/nrf52840_xxaa/app_uart_fifo.c.o
                0x00027c8c                app_uart_get
 .text.app_uart_put
                0x00027ce8       0x74 _build/nrf52840_xxaa/app_uart_fifo.c.o
                0x00027ce8                app_uart_put
 .text.app_util_critical_region_enter
                0x00027d5c       0x4c _build/nrf52840_xxaa/app_util_platform.c.o
                0x00027d5c                app_util_critical_region_enter
 .text.app_util_critical_region_exit
                0x00027da8       0x30 _build/nrf52840_xxaa/app_util_platform.c.o
                0x00027da8                app_util_critical_region_exit
 .text.nrf_atflags_set
                0x00027dd8       0x14 _build/nrf52840_xxaa/nrf_atflags.c.o
                0x00027dd8                nrf_atflags_set
 .text.nrf_atflags_clear
                0x00027dec       0x14 _build/nrf52840_xxaa/nrf_atflags.c.o
                0x00027dec                nrf_atflags_clear
 .text.nrf_atflags_get
                0x00027e00       0x14 _build/nrf52840_xxaa/nrf_atflags.c.o
                0x00027e00                nrf_atflags_get
 .text.nrf_atomic_u32_fetch_store
                0x00027e14       0x1c _build/nrf52840_xxaa/nrf_atomic.c.o
                0x00027e14                nrf_atomic_u32_fetch_store
 .text.nrf_atomic_u32_or
                0x00027e30       0x1c _build/nrf52840_xxaa/nrf_atomic.c.o
                0x00027e30                nrf_atomic_u32_or
 .text.nrf_atomic_u32_and
                0x00027e4c       0x1c _build/nrf52840_xxaa/nrf_atomic.c.o
                0x00027e4c                nrf_atomic_u32_and
 .text.nrf_atomic_u32_add
                0x00027e68       0x1c _build/nrf52840_xxaa/nrf_atomic.c.o
                0x00027e68                nrf_atomic_u32_add
 .text.nrf_atomic_u32_sub
                0x00027e84       0x1c _build/nrf52840_xxaa/nrf_atomic.c.o
                0x00027e84                nrf_atomic_u32_sub
 .text.nrf_atomic_flag_set
                0x00027ea0       0x20 _build/nrf52840_xxaa/nrf_atomic.c.o
                0x00027ea0                nrf_atomic_flag_set
 .text.nrf_atomic_flag_clear_fetch
                0x00027ec0       0x20 _build/nrf52840_xxaa/nrf_atomic.c.o
                0x00027ec0                nrf_atomic_flag_clear_fetch
 .text.nrf_balloc_init
                0x00027ee0       0x38 _build/nrf52840_xxaa/nrf_balloc.c.o
                0x00027ee0                nrf_balloc_init
 .text.nrf_balloc_alloc
                0x00027f18       0x50 _build/nrf52840_xxaa/nrf_balloc.c.o
                0x00027f18                nrf_balloc_alloc
 .text.nrf_balloc_free
                0x00027f68       0x38 _build/nrf52840_xxaa/nrf_balloc.c.o
                0x00027f68                nrf_balloc_free
 .text.nrf_fprintf_buffer_flush
                0x00027fa0       0x18 _build/nrf52840_xxaa/nrf_fprintf.c.o
                0x00027fa0                nrf_fprintf_buffer_flush
 .text.nrf_fprintf
                0x00027fb8       0x20 _build/nrf52840_xxaa/nrf_fprintf.c.o
                0x00027fb8                nrf_fprintf
 .text.unsigned_print
                0x00027fd8      0x118 _build/nrf52840_xxaa/nrf_fprintf_format.c.o
 .text.nrf_fprintf_fmt
                0x000280f0      0x4bc _build/nrf52840_xxaa/nrf_fprintf_format.c.o
                0x000280f0                nrf_fprintf_fmt
 .text.nrf_memobj_pool_init
                0x000285ac        0x4 _build/nrf52840_xxaa/nrf_memobj.c.o
                0x000285ac                nrf_memobj_pool_init
 .text.nrf_memobj_alloc
                0x000285b0       0x94 _build/nrf52840_xxaa/nrf_memobj.c.o
                0x000285b0                nrf_memobj_alloc
 .text.nrf_memobj_get
                0x00028644        0x8 _build/nrf52840_xxaa/nrf_memobj.c.o
                0x00028644                nrf_memobj_get
 .text.nrf_memobj_put
                0x0002864c       0x58 _build/nrf52840_xxaa/nrf_memobj.c.o
                0x0002864c                nrf_memobj_put
 .text.nrf_memobj_write
                0x000286a4       0x68 _build/nrf52840_xxaa/nrf_memobj.c.o
                0x000286a4                nrf_memobj_write
 .text.nrf_memobj_read
                0x0002870c       0x68 _build/nrf52840_xxaa/nrf_memobj.c.o
                0x0002870c                nrf_memobj_read
 .text.sd_app_evt_wait
                0x00028774        0x4 _build/nrf52840_xxaa/nrf_pwr_mgmt.c.o
 .text.nrf_pwr_mgmt_init
                0x00028778       0x2c _build/nrf52840_xxaa/nrf_pwr_mgmt.c.o
                0x00028778                nrf_pwr_mgmt_init
 .text.nrf_pwr_mgmt_run
                0x000287a4       0x54 _build/nrf52840_xxaa/nrf_pwr_mgmt.c.o
                0x000287a4                nrf_pwr_mgmt_run
 .text.nrf_ringbuf_init
                0x000287f8       0x1c _build/nrf52840_xxaa/nrf_ringbuf.c.o
                0x000287f8                nrf_ringbuf_init
 .text.nrf_section_iter_init
                0x00028814       0x14 _build/nrf52840_xxaa/nrf_section_iter.c.o
                0x00028814                nrf_section_iter_init
 .text.nrf_section_iter_next
                0x00028828       0x18 _build/nrf52840_xxaa/nrf_section_iter.c.o
                0x00028828                nrf_section_iter_next
 .text.nrf_strerror_get
                0x00028840       0x50 _build/nrf52840_xxaa/nrf_strerror.c.o
                0x00028840                nrf_strerror_get
 .text._write   0x00028890       0x1c _build/nrf52840_xxaa/retarget.c.o
                0x00028890                _write
 .text._read    0x000288ac       0x14 _build/nrf52840_xxaa/retarget.c.o
                0x000288ac                _read
 .text.SystemInit
                0x000288c0      0x220 _build/nrf52840_xxaa/system_nrf52840.c.o
                0x000288c0                SystemInit
 .text.bsp_board_led_state_get
                0x00028ae0       0x28 _build/nrf52840_xxaa/boards.c.o
                0x00028ae0                bsp_board_led_state_get
 .text.bsp_board_led_on
                0x00028b08       0x24 _build/nrf52840_xxaa/boards.c.o
                0x00028b08                bsp_board_led_on
 .text.bsp_board_led_off
                0x00028b2c       0x24 _build/nrf52840_xxaa/boards.c.o
                0x00028b2c                bsp_board_led_off
 .text.bsp_board_leds_off
                0x00028b50       0x14 _build/nrf52840_xxaa/boards.c.o
                0x00028b50                bsp_board_leds_off
 .text.bsp_board_leds_on
                0x00028b64       0x14 _build/nrf52840_xxaa/boards.c.o
                0x00028b64                bsp_board_leds_on
 .text.bsp_board_led_invert
                0x00028b78       0x34 _build/nrf52840_xxaa/boards.c.o
                0x00028b78                bsp_board_led_invert
 .text.bsp_board_button_state_get
                0x00028bac       0x14 _build/nrf52840_xxaa/boards.c.o
                0x00028bac                bsp_board_button_state_get
 .text.bsp_board_pin_to_button_idx
                0x00028bc0        0xc _build/nrf52840_xxaa/boards.c.o
                0x00028bc0                bsp_board_pin_to_button_idx
 .text.bsp_board_button_idx_to_pin
                0x00028bcc        0x4 _build/nrf52840_xxaa/boards.c.o
                0x00028bcc                bsp_board_button_idx_to_pin
 .text.bsp_board_init
                0x00028bd0       0x48 _build/nrf52840_xxaa/boards.c.o
                0x00028bd0                bsp_board_init
 .text.clock_irq_handler
                0x00028c18       0x44 _build/nrf52840_xxaa/nrf_drv_clock.c.o
 .text.soc_evt_handler
                0x00028c5c       0x28 _build/nrf52840_xxaa/nrf_drv_clock.c.o
 .text.sd_state_evt_handler
                0x00028c84       0xc8 _build/nrf52840_xxaa/nrf_drv_clock.c.o
 .text.uarte_evt_handler
                0x00028d4c       0x34 _build/nrf52840_xxaa/nrf_drv_uart.c.o
 .text.uart_evt_handler
                0x00028d80       0x34 _build/nrf52840_xxaa/nrf_drv_uart.c.o
 .text.nrf_drv_uart_init
                0x00028db4       0x88 _build/nrf52840_xxaa/nrf_drv_uart.c.o
                0x00028db4                nrf_drv_uart_init
 .text.nrf_drv_ppi_init
                0x00028e3c       0x14 _build/nrf52840_xxaa/nrf_drv_ppi.c.o
                0x00028e3c                nrf_drv_ppi_init
 .text.nrfx_clock_init
                0x00028e50       0x18 _build/nrf52840_xxaa/nrfx_clock.c.o
                0x00028e50                nrfx_clock_init
 .text.nrfx_clock_enable
                0x00028e68       0x24 _build/nrf52840_xxaa/nrfx_clock.c.o
                0x00028e68                nrfx_clock_enable
 .text.nrfx_clock_lfclk_stop
                0x00028e8c       0x38 _build/nrf52840_xxaa/nrfx_clock.c.o
                0x00028e8c                nrfx_clock_lfclk_stop
 .text.POWER_CLOCK_IRQHandler
                0x00028ec4       0x6c _build/nrf52840_xxaa/nrfx_clock.c.o
                0x00028ec4                POWER_CLOCK_IRQHandler
 .text.nrfx_gpiote_init
                0x00028f30       0xb0 _build/nrf52840_xxaa/nrfx_gpiote.c.o
                0x00028f30                nrfx_gpiote_init
 .text.nrfx_gpiote_is_init
                0x00028fe0       0x14 _build/nrf52840_xxaa/nrfx_gpiote.c.o
                0x00028fe0                nrfx_gpiote_is_init
 .text.nrfx_gpiote_in_init
                0x00028ff4      0x1e4 _build/nrf52840_xxaa/nrfx_gpiote.c.o
                0x00028ff4                nrfx_gpiote_in_init
 .text.nrfx_gpiote_in_event_enable
                0x000291d8       0xd8 _build/nrf52840_xxaa/nrfx_gpiote.c.o
                0x000291d8                nrfx_gpiote_in_event_enable
 .text.nrfx_gpiote_in_is_set
                0x000292b0       0x20 _build/nrf52840_xxaa/nrfx_gpiote.c.o
                0x000292b0                nrfx_gpiote_in_is_set
 .text.GPIOTE_IRQHandler
                0x000292d0      0x500 _build/nrf52840_xxaa/nrfx_gpiote.c.o
                0x000292d0                GPIOTE_IRQHandler
 .text.UARTE0_UART0_IRQHandler
                0x000297d0        0xc _build/nrf52840_xxaa/nrfx_prs.c.o
                0x000297d0                UARTE0_UART0_IRQHandler
 .text.nrfx_prs_acquire
                0x000297dc       0x50 _build/nrf52840_xxaa/nrfx_prs.c.o
                0x000297dc                nrfx_prs_acquire
 .text.nrfx_ppi_channel_alloc
                0x0002982c       0x78 _build/nrf52840_xxaa/nrfx_ppi.c.o
                0x0002982c                nrfx_ppi_channel_alloc
 .text.nrfx_ppi_channel_assign
                0x000298a4       0x4c _build/nrf52840_xxaa/nrfx_ppi.c.o
                0x000298a4                nrfx_ppi_channel_assign
 .text.nrfx_ppi_channel_enable
                0x000298f0       0x30 _build/nrf52840_xxaa/nrfx_ppi.c.o
                0x000298f0                nrfx_ppi_channel_enable
 .text.nrfx_timer_init
                0x00029920       0xfc _build/nrf52840_xxaa/nrfx_timer.c.o
                0x00029920                nrfx_timer_init
 .text.nrfx_timer_enable
                0x00029a1c       0x1c _build/nrf52840_xxaa/nrfx_timer.c.o
                0x00029a1c                nrfx_timer_enable
 .text.nrfx_timer_extended_compare
                0x00029a38       0x60 _build/nrf52840_xxaa/nrfx_timer.c.o
                0x00029a38                nrfx_timer_extended_compare
 .text.TIMER3_IRQHandler
                0x00029a98       0x58 _build/nrf52840_xxaa/nrfx_timer.c.o
                0x00029a98                TIMER3_IRQHandler
 .text.nrfx_uart_0_irq_handler
                0x00029af0      0x1c4 _build/nrf52840_xxaa/nrfx_uart.c.o
                0x00029af0                nrfx_uart_0_irq_handler
 .text.nrfx_uart_init
                0x00029cb4      0x1f0 _build/nrf52840_xxaa/nrfx_uart.c.o
                0x00029cb4                nrfx_uart_init
 .text.nrfx_uart_tx
                0x00029ea4       0xd0 _build/nrf52840_xxaa/nrfx_uart.c.o
                0x00029ea4                nrfx_uart_tx
 .text.nrfx_uart_tx_in_progress
                0x00029f74       0x18 _build/nrf52840_xxaa/nrfx_uart.c.o
                0x00029f74                nrfx_uart_tx_in_progress
 .text.nrfx_uart_rx
                0x00029f8c      0x148 _build/nrf52840_xxaa/nrfx_uart.c.o
                0x00029f8c                nrfx_uart_rx
 .text.nrfx_uarte_0_irq_handler
                0x0002a0d4      0x168 _build/nrf52840_xxaa/nrfx_uarte.c.o
                0x0002a0d4                nrfx_uarte_0_irq_handler
 .text.nrfx_uarte_init
                0x0002a23c      0x228 _build/nrf52840_xxaa/nrfx_uarte.c.o
                0x0002a23c                nrfx_uarte_init
 .text.nrfx_uarte_tx
                0x0002a464       0xb4 _build/nrf52840_xxaa/nrfx_uarte.c.o
                0x0002a464                nrfx_uarte_tx
 .text.nrfx_uarte_tx_in_progress
                0x0002a518       0x1c _build/nrf52840_xxaa/nrfx_uarte.c.o
                0x0002a518                nrfx_uarte_tx_in_progress
 .text.nrfx_uarte_rx
                0x0002a534      0x130 _build/nrf52840_xxaa/nrfx_uarte.c.o
                0x0002a534                nrfx_uarte_rx
 .text.SAADC_IRQHandler
                0x0002a664      0x1b4 _build/nrf52840_xxaa/nrfx_saadc.c.o
                0x0002a664                SAADC_IRQHandler
 .text.nrfx_saadc_init
                0x0002a818       0xa8 _build/nrf52840_xxaa/nrfx_saadc.c.o
                0x0002a818                nrfx_saadc_init
 .text.nrfx_saadc_channel_init
                0x0002a8c0       0x9c _build/nrf52840_xxaa/nrfx_saadc.c.o
                0x0002a8c0                nrfx_saadc_channel_init
 .text.nrfx_saadc_sample_task_get
                0x0002a95c       0x20 _build/nrf52840_xxaa/nrfx_saadc.c.o
                0x0002a95c                nrfx_saadc_sample_task_get
 .text.nrfx_saadc_buffer_convert
                0x0002a97c       0xc4 _build/nrf52840_xxaa/nrfx_saadc.c.o
                0x0002a97c                nrfx_saadc_buffer_convert
 .text.alert_timer_handler
                0x0002aa40        0x8 _build/nrf52840_xxaa/bsp.c.o
 .text.bsp_button_event_handler
                0x0002aa48       0x84 _build/nrf52840_xxaa/bsp.c.o
 .text.button_timer_handler
                0x0002aacc       0x28 _build/nrf52840_xxaa/bsp.c.o
 .text.leds_timer_handler
                0x0002aaf4      0x2c4 _build/nrf52840_xxaa/bsp.c.o
 .text.bsp_button_is_pressed
                0x0002adb8        0xc _build/nrf52840_xxaa/bsp.c.o
                0x0002adb8                bsp_button_is_pressed
 .text.bsp_indication_set
                0x0002adc4      0x304 _build/nrf52840_xxaa/bsp.c.o
                0x0002adc4                bsp_indication_set
 .text.bsp_init
                0x0002b0c8       0xb0 _build/nrf52840_xxaa/bsp.c.o
                0x0002b0c8                bsp_init
 .text.bsp_event_to_button_action_assign
                0x0002b178       0x3c _build/nrf52840_xxaa/bsp.c.o
                0x0002b178                bsp_event_to_button_action_assign
 .text.bsp_wakeup_button_enable
                0x0002b1b4       0x40 _build/nrf52840_xxaa/bsp.c.o
                0x0002b1b4                bsp_wakeup_button_enable
 .text.ble_evt_handler
                0x0002b1f4       0xac _build/nrf52840_xxaa/bsp_btn_ble.c.o
 .text.bsp_btn_ble_sleep_mode_prepare
                0x0002b2a0       0x24 _build/nrf52840_xxaa/bsp_btn_ble.c.o
                0x0002b2a0                bsp_btn_ble_sleep_mode_prepare
 .text.bsp_btn_ble_init
                0x0002b2c4       0x6c _build/nrf52840_xxaa/bsp_btn_ble.c.o
                0x0002b2c4                bsp_btn_ble_init
 .text.sd_ble_gap_disconnect
                0x0002b330        0x4 _build/nrf52840_xxaa/main.c.o
 .text.sd_ble_gap_ppcp_set
                0x0002b334        0x4 _build/nrf52840_xxaa/main.c.o
 .text.sd_ble_gap_device_name_set
                0x0002b338        0x4 _build/nrf52840_xxaa/main.c.o
 .text.sd_ble_gap_sec_params_reply
                0x0002b33c        0x4 _build/nrf52840_xxaa/main.c.o
 .text.sd_ble_gap_phy_update
                0x0002b340        0x4 _build/nrf52840_xxaa/main.c.o
 .text.sd_ble_gatts_sys_attr_set
                0x0002b344        0x4 _build/nrf52840_xxaa/main.c.o
 .text.sd_power_system_off
                0x0002b348        0x4 _build/nrf52840_xxaa/main.c.o
 .text.timer_handler
                0x0002b34c        0x4 _build/nrf52840_xxaa/main.c.o
                0x0002b34c                timer_handler
 .text.nrf_qwr_error_handler
                0x0002b350        0x4 _build/nrf52840_xxaa/main.c.o
 .text.saadc_callback
                0x0002b354       0x58 _build/nrf52840_xxaa/main.c.o
                0x0002b354                saadc_callback
 .text.ble_evt_handler
                0x0002b3ac       0xf8 _build/nrf52840_xxaa/main.c.o
 .text.gatt_evt_handler
                0x0002b4a4       0x50 _build/nrf52840_xxaa/main.c.o
                0x0002b4a4                gatt_evt_handler
 .text.on_conn_params_evt
                0x0002b4f4       0x24 _build/nrf52840_xxaa/main.c.o
 .text.bsp_event_handler
                0x0002b518       0x70 _build/nrf52840_xxaa/main.c.o
                0x0002b518                bsp_event_handler
 .text.uart_event_handle
                0x0002b588       0x98 _build/nrf52840_xxaa/main.c.o
                0x0002b588                uart_event_handle
 .text.nus_data_handler
                0x0002b620       0x80 _build/nrf52840_xxaa/main.c.o
 .text.conn_params_error_handler
                0x0002b6a0        0x4 _build/nrf52840_xxaa/main.c.o
 .text.on_adv_evt
                0x0002b6a4       0x40 _build/nrf52840_xxaa/main.c.o
 .text.gatt_init
                0x0002b6e4       0x38 _build/nrf52840_xxaa/main.c.o
                0x0002b6e4                gatt_init
 .text.saadc_sampling_event_init
                0x0002b71c       0x98 _build/nrf52840_xxaa/main.c.o
                0x0002b71c                saadc_sampling_event_init
 .text.saadc_sampling_event_enable
                0x0002b7b4       0x1c _build/nrf52840_xxaa/main.c.o
                0x0002b7b4                saadc_sampling_event_enable
 .text.saadc_init
                0x0002b7d0       0x98 _build/nrf52840_xxaa/main.c.o
                0x0002b7d0                saadc_init
 .text.startup.main
                0x0002b868      0x2ac _build/nrf52840_xxaa/main.c.o
                0x0002b868                main
 .text.SEGGER_RTT_WriteNoLock
                0x0002bb14      0x1bc _build/nrf52840_xxaa/SEGGER_RTT.c.o
                0x0002bb14                SEGGER_RTT_WriteNoLock
 .text.SEGGER_RTT_Init
                0x0002bcd0       0x60 _build/nrf52840_xxaa/SEGGER_RTT.c.o
                0x0002bcd0                SEGGER_RTT_Init
 .text.sd_ble_gap_addr_get
                0x0002bd30        0x4 _build/nrf52840_xxaa/ble_advdata.c.o
 .text.sd_ble_gap_appearance_get
                0x0002bd34        0x4 _build/nrf52840_xxaa/ble_advdata.c.o
 .text.sd_ble_gap_device_name_get
                0x0002bd38        0x4 _build/nrf52840_xxaa/ble_advdata.c.o
 .text.sd_ble_uuid_encode
                0x0002bd3c        0x4 _build/nrf52840_xxaa/ble_advdata.c.o
 .text.uuid_list_sized_encode.isra.0
                0x0002bd40       0xf0 _build/nrf52840_xxaa/ble_advdata.c.o
 .text.ble_advdata_encode
                0x0002be30      0x40c _build/nrf52840_xxaa/ble_advdata.c.o
                0x0002be30                ble_advdata_encode
 .text.ble_advdata_parse
                0x0002c23c       0x4c _build/nrf52840_xxaa/ble_advdata.c.o
                0x0002c23c                ble_advdata_parse
 .text.sd_ble_gap_adv_set_configure
                0x0002c288        0x4 _build/nrf52840_xxaa/ble_advertising.c.o
 .text.sd_ble_gap_adv_start
                0x0002c28c        0x4 _build/nrf52840_xxaa/ble_advertising.c.o
 .text.sd_ble_gap_adv_stop
                0x0002c290        0x4 _build/nrf52840_xxaa/ble_advertising.c.o
 .text.ble_advertising_start.part.0
                0x0002c294      0x2f0 _build/nrf52840_xxaa/ble_advertising.c.o
 .text.ble_advertising_conn_cfg_tag_set
                0x0002c584        0x8 _build/nrf52840_xxaa/ble_advertising.c.o
                0x0002c584                ble_advertising_conn_cfg_tag_set
 .text.ble_advertising_init
                0x0002c58c       0xf8 _build/nrf52840_xxaa/ble_advertising.c.o
                0x0002c58c                ble_advertising_init
 .text.ble_advertising_start
                0x0002c684        0xc _build/nrf52840_xxaa/ble_advertising.c.o
                0x0002c684                ble_advertising_start
 .text.ble_advertising_on_ble_evt
                0x0002c690       0x8c _build/nrf52840_xxaa/ble_advertising.c.o
                0x0002c690                ble_advertising_on_ble_evt
 .text.ble_advertising_restart_without_whitelist
                0x0002c71c       0x60 _build/nrf52840_xxaa/ble_advertising.c.o
                0x0002c71c                ble_advertising_restart_without_whitelist
 .text.sd_ble_gap_conn_param_update
                0x0002c77c        0x4 _build/nrf52840_xxaa/ble_conn_params.c.o
 .text.sd_ble_gap_disconnect
                0x0002c780        0x4 _build/nrf52840_xxaa/ble_conn_params.c.o
 .text.sd_ble_gap_ppcp_set
                0x0002c784        0x4 _build/nrf52840_xxaa/ble_conn_params.c.o
 .text.sd_ble_gap_ppcp_get
                0x0002c788        0x4 _build/nrf52840_xxaa/ble_conn_params.c.o
 .text.update_timeout_handler
                0x0002c78c       0x78 _build/nrf52840_xxaa/ble_conn_params.c.o
 .text.ble_evt_handler
                0x0002c804      0x1d4 _build/nrf52840_xxaa/ble_conn_params.c.o
 .text.ble_conn_params_init
                0x0002c9d8       0x78 _build/nrf52840_xxaa/ble_conn_params.c.o
                0x0002c9d8                ble_conn_params_init
 .text.ble_evt_handler
                0x0002ca50      0x160 _build/nrf52840_xxaa/ble_conn_state.c.o
 .text.ble_conn_state_conn_idx
                0x0002cbb0       0x24 _build/nrf52840_xxaa/ble_conn_state.c.o
                0x0002cbb0                ble_conn_state_conn_idx
 .text.blcm_link_ctx_get
                0x0002cbd4       0x50 _build/nrf52840_xxaa/ble_link_ctx_manager.c.o
                0x0002cbd4                blcm_link_ctx_get
 .text.sd_ble_gatts_characteristic_add
                0x0002cc24        0x4 _build/nrf52840_xxaa/ble_srv_common.c.o
 .text.ble_srv_is_notification_enabled
                0x0002cc28        0x8 _build/nrf52840_xxaa/ble_srv_common.c.o
                0x0002cc28                ble_srv_is_notification_enabled
 .text.characteristic_add
                0x0002cc30      0x278 _build/nrf52840_xxaa/ble_srv_common.c.o
                0x0002cc30                characteristic_add
 .text.sd_ble_gap_data_length_update
                0x0002cea8        0x4 _build/nrf52840_xxaa/nrf_ble_gatt.c.o
 .text.sd_ble_gattc_exchange_mtu_request
                0x0002ceac        0x4 _build/nrf52840_xxaa/nrf_ble_gatt.c.o
 .text.sd_ble_gatts_exchange_mtu_reply
                0x0002ceb0        0x4 _build/nrf52840_xxaa/nrf_ble_gatt.c.o
 .text.data_length_update.constprop.0
                0x0002ceb4       0x8c _build/nrf52840_xxaa/nrf_ble_gatt.c.o
 .text.nrf_ble_gatt_init
                0x0002cf40       0x30 _build/nrf52840_xxaa/nrf_ble_gatt.c.o
                0x0002cf40                nrf_ble_gatt_init
 .text.nrf_ble_gatt_att_mtu_periph_set
                0x0002cf70       0x18 _build/nrf52840_xxaa/nrf_ble_gatt.c.o
                0x0002cf70                nrf_ble_gatt_att_mtu_periph_set
 .text.nrf_ble_gatt_on_ble_evt
                0x0002cf88      0x1c8 _build/nrf52840_xxaa/nrf_ble_gatt.c.o
                0x0002cf88                nrf_ble_gatt_on_ble_evt
 .text.sd_ble_gatts_rw_authorize_reply
                0x0002d150        0x4 _build/nrf52840_xxaa/nrf_ble_qwr.c.o
 .text.sd_ble_user_mem_reply
                0x0002d154        0x4 _build/nrf52840_xxaa/nrf_ble_qwr.c.o
 .text.nrf_ble_qwr_init
                0x0002d158       0x24 _build/nrf52840_xxaa/nrf_ble_qwr.c.o
                0x0002d158                nrf_ble_qwr_init
 .text.nrf_ble_qwr_conn_handle_assign
                0x0002d17c       0x18 _build/nrf52840_xxaa/nrf_ble_qwr.c.o
                0x0002d17c                nrf_ble_qwr_conn_handle_assign
 .text.nrf_ble_qwr_on_ble_evt
                0x0002d194       0xf4 _build/nrf52840_xxaa/nrf_ble_qwr.c.o
                0x0002d194                nrf_ble_qwr_on_ble_evt
 .text.sd_ble_gatts_service_add
                0x0002d288        0x4 _build/nrf52840_xxaa/ble_nus.c.o
 .text.sd_ble_gatts_value_get
                0x0002d28c        0x4 _build/nrf52840_xxaa/ble_nus.c.o
 .text.sd_ble_gatts_hvx
                0x0002d290        0x4 _build/nrf52840_xxaa/ble_nus.c.o
 .text.sd_ble_uuid_vs_add
                0x0002d294        0x4 _build/nrf52840_xxaa/ble_nus.c.o
 .text.ble_nus_on_ble_evt
                0x0002d298      0x144 _build/nrf52840_xxaa/ble_nus.c.o
                0x0002d298                ble_nus_on_ble_evt
 .text.ble_nus_init
                0x0002d3dc       0xe8 _build/nrf52840_xxaa/ble_nus.c.o
                0x0002d3dc                ble_nus_init
 .text.ble_nus_data_send
                0x0002d4c4       0x6c _build/nrf52840_xxaa/ble_nus.c.o
                0x0002d4c4                ble_nus_data_send
 .text.sd_softdevice_enable
                0x0002d530        0x4 _build/nrf52840_xxaa/nrf_sdh.c.o
 .text.nrf_sdh_enable_request
                0x0002d534      0x118 _build/nrf52840_xxaa/nrf_sdh.c.o
                0x0002d534                nrf_sdh_enable_request
 .text.nrf_sdh_is_enabled
                0x0002d64c        0xc _build/nrf52840_xxaa/nrf_sdh.c.o
                0x0002d64c                nrf_sdh_is_enabled
 .text.SWI2_EGU2_IRQHandler
                0x0002d658       0x2c _build/nrf52840_xxaa/nrf_sdh.c.o
                0x0002d658                SWI2_EGU2_IRQHandler
 .text.sd_ble_enable
                0x0002d684        0x4 _build/nrf52840_xxaa/nrf_sdh_ble.c.o
 .text.sd_ble_cfg_set
                0x0002d688        0x4 _build/nrf52840_xxaa/nrf_sdh_ble.c.o
 .text.sd_ble_evt_get
                0x0002d68c        0x4 _build/nrf52840_xxaa/nrf_sdh_ble.c.o
 .text.nrf_sdh_ble_evts_poll.part.0
                0x0002d690       0x54 _build/nrf52840_xxaa/nrf_sdh_ble.c.o
 .text.nrf_sdh_ble_evts_poll
                0x0002d6e4       0x10 _build/nrf52840_xxaa/nrf_sdh_ble.c.o
 .text.nrf_sdh_ble_default_cfg_set
                0x0002d6f4      0x1bc _build/nrf52840_xxaa/nrf_sdh_ble.c.o
                0x0002d6f4                nrf_sdh_ble_default_cfg_set
 .text.nrf_sdh_ble_enable
                0x0002d8b0       0xa0 _build/nrf52840_xxaa/nrf_sdh_ble.c.o
                0x0002d8b0                nrf_sdh_ble_enable
 .text.sd_evt_get
                0x0002d950        0x4 _build/nrf52840_xxaa/nrf_sdh_soc.c.o
 .text.nrf_sdh_soc_evts_poll
                0x0002d954       0x4c _build/nrf52840_xxaa/nrf_sdh_soc.c.o
 .text.exit     0x0002d9a0       0x28 c:/program files (x86)/gnu tools arm embedded/9 2019-q4-major/bin/../lib/gcc/arm-none-eabi/9.2.1/../../../../arm-none-eabi/lib/thumb/v7e-m+fp/hard\libc_nano.a(lib_a-exit.o)
                0x0002d9a0                exit
 .text.__libc_init_array
                0x0002d9c8       0x48 c:/program files (x86)/gnu tools arm embedded/9 2019-q4-major/bin/../lib/gcc/arm-none-eabi/9.2.1/../../../../arm-none-eabi/lib/thumb/v7e-m+fp/hard\libc_nano.a(lib_a-init.o)
                0x0002d9c8                __libc_init_array
 .text.memcpy   0x0002da10       0x1c c:/program files (x86)/gnu tools arm embedded/9 2019-q4-major/bin/../lib/gcc/arm-none-eabi/9.2.1/../../../../arm-none-eabi/lib/thumb/v7e-m+fp/hard\libc_nano.a(lib_a-memcpy-stub.o)
                0x0002da10                memcpy
 .text.memset   0x0002da2c       0x10 c:/program files (x86)/gnu tools arm embedded/9 2019-q4-major/bin/../lib/gcc/arm-none-eabi/9.2.1/../../../../arm-none-eabi/lib/thumb/v7e-m+fp/hard\libc_nano.a(lib_a-memset.o)
                0x0002da2c                memset
 .text.printf   0x0002da3c       0x30 c:/program files (x86)/gnu tools arm embedded/9 2019-q4-major/bin/../lib/gcc/arm-none-eabi/9.2.1/../../../../arm-none-eabi/lib/thumb/v7e-m+fp/hard\libc_nano.a(lib_a-printf.o)
                0x0002da3c                iprintf
                0x0002da3c                printf
 .text.strcpy   0x0002da6c       0x10 c:/program files (x86)/gnu tools arm embedded/9 2019-q4-major/bin/../lib/gcc/arm-none-eabi/9.2.1/../../../../arm-none-eabi/lib/thumb/v7e-m+fp/hard\libc_nano.a(lib_a-strcpy.o)
                0x0002da6c                strcpy
 .text          0x0002da7c       0x10 c:/program files (x86)/gnu tools arm embedded/9 2019-q4-major/bin/../lib/gcc/arm-none-eabi/9.2.1/../../../../arm-none-eabi/lib/thumb/v7e-m+fp/hard\libc_nano.a(lib_a-strlen.o)
                0x0002da7c                strlen
 .text.std      0x0002da8c       0x48 c:/program files (x86)/gnu tools arm embedded/9 2019-q4-major/bin/../lib/gcc/arm-none-eabi/9.2.1/../../../../arm-none-eabi/lib/thumb/v7e-m+fp/hard\libc_nano.a(lib_a-findfp.o)
 .text._cleanup_r
                0x0002dad4        0xc c:/program files (x86)/gnu tools arm embedded/9 2019-q4-major/bin/../lib/gcc/arm-none-eabi/9.2.1/../../../../arm-none-eabi/lib/thumb/v7e-m+fp/hard\libc_nano.a(lib_a-findfp.o)
                0x0002dad4                _cleanup_r
 .text.__sfmoreglue
                0x0002dae0       0x2c c:/program files (x86)/gnu tools arm embedded/9 2019-q4-major/bin/../lib/gcc/arm-none-eabi/9.2.1/../../../../arm-none-eabi/lib/thumb/v7e-m+fp/hard\libc_nano.a(lib_a-findfp.o)
                0x0002dae0                __sfmoreglue
 .text.__sfp_lock_acquire
                0x0002db0c        0xc c:/program files (x86)/gnu tools arm embedded/9 2019-q4-major/bin/../lib/gcc/arm-none-eabi/9.2.1/../../../../arm-none-eabi/lib/thumb/v7e-m+fp/hard\libc_nano.a(lib_a-findfp.o)
                0x0002db0c                __sfp_lock_acquire
 .text.__sfp_lock_release
                0x0002db18        0xc c:/program files (x86)/gnu tools arm embedded/9 2019-q4-major/bin/../lib/gcc/arm-none-eabi/9.2.1/../../../../arm-none-eabi/lib/thumb/v7e-m+fp/hard\libc_nano.a(lib_a-findfp.o)
                0x0002db18                __sfp_lock_release
 .text.__sinit_lock_acquire
                0x0002db24        0xc c:/program files (x86)/gnu tools arm embedded/9 2019-q4-major/bin/../lib/gcc/arm-none-eabi/9.2.1/../../../../arm-none-eabi/lib/thumb/v7e-m+fp/hard\libc_nano.a(lib_a-findfp.o)
                0x0002db24                __sinit_lock_acquire
 .text.__sinit_lock_release
                0x0002db30        0xc c:/program files (x86)/gnu tools arm embedded/9 2019-q4-major/bin/../lib/gcc/arm-none-eabi/9.2.1/../../../../arm-none-eabi/lib/thumb/v7e-m+fp/hard\libc_nano.a(lib_a-findfp.o)
                0x0002db30                __sinit_lock_release
 .text.__sinit  0x0002db3c       0x70 c:/program files (x86)/gnu tools arm embedded/9 2019-q4-major/bin/../lib/gcc/arm-none-eabi/9.2.1/../../../../arm-none-eabi/lib/thumb/v7e-m+fp/hard\libc_nano.a(lib_a-findfp.o)
                0x0002db3c                __sinit
 .text.__sfp    0x0002dbac       0x8c c:/program files (x86)/gnu tools arm embedded/9 2019-q4-major/bin/../lib/gcc/arm-none-eabi/9.2.1/../../../../arm-none-eabi/lib/thumb/v7e-m+fp/hard\libc_nano.a(lib_a-findfp.o)
                0x0002dbac                __sfp
 .text._fwalk_reent
                0x0002dc38       0x3e c:/program files (x86)/gnu tools arm embedded/9 2019-q4-major/bin/../lib/gcc/arm-none-eabi/9.2.1/../../../../arm-none-eabi/lib/thumb/v7e-m+fp/hard\libc_nano.a(lib_a-fwalk.o)
                0x0002dc38                _fwalk_reent
 .text.__retarget_lock_init_recursive
                0x0002dc76        0x2 c:/program files (x86)/gnu tools arm embedded/9 2019-q4-major/bin/../lib/gcc/arm-none-eabi/9.2.1/../../../../arm-none-eabi/lib/thumb/v7e-m+fp/hard\libc_nano.a(lib_a-lock.o)
                0x0002dc76                __retarget_lock_init_recursive
 .text.__retarget_lock_acquire_recursive
                0x0002dc78        0x2 c:/program files (x86)/gnu tools arm embedded/9 2019-q4-major/bin/../lib/gcc/arm-none-eabi/9.2.1/../../../../arm-none-eabi/lib/thumb/v7e-m+fp/hard\libc_nano.a(lib_a-lock.o)
                0x0002dc78                __retarget_lock_acquire_recursive
 .text.__retarget_lock_release_recursive
                0x0002dc7a        0x2 c:/program files (x86)/gnu tools arm embedded/9 2019-q4-major/bin/../lib/gcc/arm-none-eabi/9.2.1/../../../../arm-none-eabi/lib/thumb/v7e-m+fp/hard\libc_nano.a(lib_a-lock.o)
                0x0002dc7a                __retarget_lock_release_recursive
 .text._malloc_r
                0x0002dc7c       0xb4 c:/program files (x86)/gnu tools arm embedded/9 2019-q4-major/bin/../lib/gcc/arm-none-eabi/9.2.1/../../../../arm-none-eabi/lib/thumb/v7e-m+fp/hard\libc_nano.a(lib_a-nano-mallocr.o)
                0x0002dc7c                _malloc_r
 .text.__sfputc_r
                0x0002dd30       0x2e c:/program files (x86)/gnu tools arm embedded/9 2019-q4-major/bin/../lib/gcc/arm-none-eabi/9.2.1/../../../../arm-none-eabi/lib/thumb/v7e-m+fp/hard\libc_nano.a(lib_a-nano-vfprintf.o)
 .text.__sfputs_r
                0x0002dd5e       0x24 c:/program files (x86)/gnu tools arm embedded/9 2019-q4-major/bin/../lib/gcc/arm-none-eabi/9.2.1/../../../../arm-none-eabi/lib/thumb/v7e-m+fp/hard\libc_nano.a(lib_a-nano-vfprintf.o)
                0x0002dd5e                __sfputs_r
 *fill*         0x0002dd82        0x2 
 .text._vfprintf_r
                0x0002dd84      0x260 c:/program files (x86)/gnu tools arm embedded/9 2019-q4-major/bin/../lib/gcc/arm-none-eabi/9.2.1/../../../../arm-none-eabi/lib/thumb/v7e-m+fp/hard\libc_nano.a(lib_a-nano-vfprintf.o)
                0x0002dd84                _vfprintf_r
                0x0002dd84                _vfiprintf_r
 .text._printf_common
                0x0002dfe4       0xda c:/program files (x86)/gnu tools arm embedded/9 2019-q4-major/bin/../lib/gcc/arm-none-eabi/9.2.1/../../../../arm-none-eabi/lib/thumb/v7e-m+fp/hard\libc_nano.a(lib_a-nano-vfprintf_i.o)
                0x0002dfe4                _printf_common
 *fill*         0x0002e0be        0x2 
 .text._printf_i
                0x0002e0c0      0x24c c:/program files (x86)/gnu tools arm embedded/9 2019-q4-major/bin/../lib/gcc/arm-none-eabi/9.2.1/../../../../arm-none-eabi/lib/thumb/v7e-m+fp/hard\libc_nano.a(lib_a-nano-vfprintf_i.o)
                0x0002e0c0                _printf_i
 .text._sbrk_r  0x0002e30c       0x20 c:/program files (x86)/gnu tools arm embedded/9 2019-q4-major/bin/../lib/gcc/arm-none-eabi/9.2.1/../../../../arm-none-eabi/lib/thumb/v7e-m+fp/hard\libc_nano.a(lib_a-sbrkr.o)
                0x0002e30c                _sbrk_r
 .text.__sread  0x0002e32c       0x22 c:/program files (x86)/gnu tools arm embedded/9 2019-q4-major/bin/../lib/gcc/arm-none-eabi/9.2.1/../../../../arm-none-eabi/lib/thumb/v7e-m+fp/hard\libc_nano.a(lib_a-stdio.o)
                0x0002e32c                __sread
 .text.__swrite
                0x0002e34e       0x38 c:/program files (x86)/gnu tools arm embedded/9 2019-q4-major/bin/../lib/gcc/arm-none-eabi/9.2.1/../../../../arm-none-eabi/lib/thumb/v7e-m+fp/hard\libc_nano.a(lib_a-stdio.o)
                0x0002e34e                __swrite
 .text.__sseek  0x0002e386       0x24 c:/program files (x86)/gnu tools arm embedded/9 2019-q4-major/bin/../lib/gcc/arm-none-eabi/9.2.1/../../../../arm-none-eabi/lib/thumb/v7e-m+fp/hard\libc_nano.a(lib_a-stdio.o)
                0x0002e386                __sseek
 .text.__sclose
                0x0002e3aa        0x8 c:/program files (x86)/gnu tools arm embedded/9 2019-q4-major/bin/../lib/gcc/arm-none-eabi/9.2.1/../../../../arm-none-eabi/lib/thumb/v7e-m+fp/hard\libc_nano.a(lib_a-stdio.o)
                0x0002e3aa                __sclose
 *fill*         0x0002e3b2        0x2 
 .text.__swbuf_r
                0x0002e3b4       0xa4 c:/program files (x86)/gnu tools arm embedded/9 2019-q4-major/bin/../lib/gcc/arm-none-eabi/9.2.1/../../../../arm-none-eabi/lib/thumb/v7e-m+fp/hard\libc_nano.a(lib_a-wbuf.o)
                0x0002e3b4                __swbuf_r
 .text._write_r
                0x0002e458       0x24 c:/program files (x86)/gnu tools arm embedded/9 2019-q4-major/bin/../lib/gcc/arm-none-eabi/9.2.1/../../../../arm-none-eabi/lib/thumb/v7e-m+fp/hard\libc_nano.a(lib_a-writer.o)
                0x0002e458                _write_r
 .text.__swsetup_r
                0x0002e47c       0xdc c:/program files (x86)/gnu tools arm embedded/9 2019-q4-major/bin/../lib/gcc/arm-none-eabi/9.2.1/../../../../arm-none-eabi/lib/thumb/v7e-m+fp/hard\libc_nano.a(lib_a-wsetup.o)
                0x0002e47c                __swsetup_r
 .text._close_r
                0x0002e558       0x20 c:/program files (x86)/gnu tools arm embedded/9 2019-q4-major/bin/../lib/gcc/arm-none-eabi/9.2.1/../../../../arm-none-eabi/lib/thumb/v7e-m+fp/hard\libc_nano.a(lib_a-closer.o)
                0x0002e558                _close_r
 .text.__sflush_r
                0x0002e578      0x10c c:/program files (x86)/gnu tools arm embedded/9 2019-q4-major/bin/../lib/gcc/arm-none-eabi/9.2.1/../../../../arm-none-eabi/lib/thumb/v7e-m+fp/hard\libc_nano.a(lib_a-fflush.o)
                0x0002e578                __sflush_r
 .text._fflush_r
                0x0002e684       0x78 c:/program files (x86)/gnu tools arm embedded/9 2019-q4-major/bin/../lib/gcc/arm-none-eabi/9.2.1/../../../../arm-none-eabi/lib/thumb/v7e-m+fp/hard\libc_nano.a(lib_a-fflush.o)
                0x0002e684                _fflush_r
 .text._lseek_r
                0x0002e6fc       0x24 c:/program files (x86)/gnu tools arm embedded/9 2019-q4-major/bin/../lib/gcc/arm-none-eabi/9.2.1/../../../../arm-none-eabi/lib/thumb/v7e-m+fp/hard\libc_nano.a(lib_a-lseekr.o)
                0x0002e6fc                _lseek_r
 .text.__swhatbuf_r
                0x0002e720       0x48 c:/program files (x86)/gnu tools arm embedded/9 2019-q4-major/bin/../lib/gcc/arm-none-eabi/9.2.1/../../../../arm-none-eabi/lib/thumb/v7e-m+fp/hard\libc_nano.a(lib_a-makebuf.o)
                0x0002e720                __swhatbuf_r
 .text.__smakebuf_r
                0x0002e768       0x80 c:/program files (x86)/gnu tools arm embedded/9 2019-q4-major/bin/../lib/gcc/arm-none-eabi/9.2.1/../../../../arm-none-eabi/lib/thumb/v7e-m+fp/hard\libc_nano.a(lib_a-makebuf.o)
                0x0002e768                __smakebuf_r
 *fill*         0x0002e7e8        0x8 
 .text          0x0002e7f0       0xa0 c:/program files (x86)/gnu tools arm embedded/9 2019-q4-major/bin/../lib/gcc/arm-none-eabi/9.2.1/../../../../arm-none-eabi/lib/thumb/v7e-m+fp/hard\libc_nano.a(lib_a-memchr.o)
                0x0002e7f0                memchr
 .text.__malloc_lock
                0x0002e890        0xc c:/program files (x86)/gnu tools arm embedded/9 2019-q4-major/bin/../lib/gcc/arm-none-eabi/9.2.1/../../../../arm-none-eabi/lib/thumb/v7e-m+fp/hard\libc_nano.a(lib_a-mlock.o)
                0x0002e890                __malloc_lock
 .text.__malloc_unlock
                0x0002e89c        0xc c:/program files (x86)/gnu tools arm embedded/9 2019-q4-major/bin/../lib/gcc/arm-none-eabi/9.2.1/../../../../arm-none-eabi/lib/thumb/v7e-m+fp/hard\libc_nano.a(lib_a-mlock.o)
                0x0002e89c                __malloc_unlock
 .text._free_r  0x0002e8a8       0xa0 c:/program files (x86)/gnu tools arm embedded/9 2019-q4-major/bin/../lib/gcc/arm-none-eabi/9.2.1/../../../../arm-none-eabi/lib/thumb/v7e-m+fp/hard\libc_nano.a(lib_a-nano-freer.o)
                0x0002e8a8                _free_r
 .text._read_r  0x0002e948       0x24 c:/program files (x86)/gnu tools arm embedded/9 2019-q4-major/bin/../lib/gcc/arm-none-eabi/9.2.1/../../../../arm-none-eabi/lib/thumb/v7e-m+fp/hard\libc_nano.a(lib_a-readr.o)
                0x0002e948                _read_r
 .text._fstat_r
                0x0002e96c       0x24 c:/program files (x86)/gnu tools arm embedded/9 2019-q4-major/bin/../lib/gcc/arm-none-eabi/9.2.1/../../../../arm-none-eabi/lib/thumb/v7e-m+fp/hard\libc_nano.a(lib_a-fstatr.o)
                0x0002e96c                _fstat_r
 .text._isatty_r
                0x0002e990       0x20 c:/program files (x86)/gnu tools arm embedded/9 2019-q4-major/bin/../lib/gcc/arm-none-eabi/9.2.1/../../../../arm-none-eabi/lib/thumb/v7e-m+fp/hard\libc_nano.a(lib_a-isattyr.o)
                0x0002e990                _isatty_r
 .text._close   0x0002e9b0       0x10 c:/program files (x86)/gnu tools arm embedded/9 2019-q4-major/bin/../lib/gcc/arm-none-eabi/9.2.1/../../../../arm-none-eabi/lib/thumb/v7e-m+fp/hard\libnosys.a(close.o)
                0x0002e9b0                _close
 .text._fstat   0x0002e9c0       0x10 c:/program files (x86)/gnu tools arm embedded/9 2019-q4-major/bin/../lib/gcc/arm-none-eabi/9.2.1/../../../../arm-none-eabi/lib/thumb/v7e-m+fp/hard\libnosys.a(fstat.o)
                0x0002e9c0                _fstat
 .text._isatty  0x0002e9d0       0x10 c:/program files (x86)/gnu tools arm embedded/9 2019-q4-major/bin/../lib/gcc/arm-none-eabi/9.2.1/../../../../arm-none-eabi/lib/thumb/v7e-m+fp/hard\libnosys.a(isatty.o)
                0x0002e9d0                _isatty
 .text._lseek   0x0002e9e0       0x10 c:/program files (x86)/gnu tools arm embedded/9 2019-q4-major/bin/../lib/gcc/arm-none-eabi/9.2.1/../../../../arm-none-eabi/lib/thumb/v7e-m+fp/hard\libnosys.a(lseek.o)
                0x0002e9e0                _lseek
 .text._sbrk    0x0002e9f0       0x1c c:/program files (x86)/gnu tools arm embedded/9 2019-q4-major/bin/../lib/gcc/arm-none-eabi/9.2.1/../../../../arm-none-eabi/lib/thumb/v7e-m+fp/hard\libnosys.a(sbrk.o)
                0x0002e9f0                _sbrk
 .text._exit    0x0002ea0c        0x4 c:/program files (x86)/gnu tools arm embedded/9 2019-q4-major/bin/../lib/gcc/arm-none-eabi/9.2.1/../../../../arm-none-eabi/lib/thumb/v7e-m+fp/hard\libnosys.a(_exit.o)
                0x0002ea0c                _exit
 .text          0x0002ea10       0x30 c:/program files (x86)/gnu tools arm embedded/9 2019-q4-major/bin/../lib/gcc/arm-none-eabi/9.2.1/thumb/v7e-m+fp/hard\libgcc.a(_aeabi_uldivmod.o)
                0x0002ea10                __aeabi_uldivmod
 .text          0x0002ea40      0x2c4 c:/program files (x86)/gnu tools arm embedded/9 2019-q4-major/bin/../lib/gcc/arm-none-eabi/9.2.1/thumb/v7e-m+fp/hard\libgcc.a(_udivmoddi4.o)
                0x0002ea40                __udivmoddi4
 .text          0x0002ed04        0x4 c:/program files (x86)/gnu tools arm embedded/9 2019-q4-major/bin/../lib/gcc/arm-none-eabi/9.2.1/thumb/v7e-m+fp/hard\libgcc.a(_dvmd_tls.o)
                0x0002ed04                __aeabi_idiv0
                0x0002ed04                __aeabi_ldiv0
 *(.init)
 .init          0x0002ed08        0x4 c:/program files (x86)/gnu tools arm embedded/9 2019-q4-major/bin/../lib/gcc/arm-none-eabi/9.2.1/thumb/v7e-m+fp/hard/crti.o
                0x0002ed08                _init
 .init          0x0002ed0c        0x8 c:/program files (x86)/gnu tools arm embedded/9 2019-q4-major/bin/../lib/gcc/arm-none-eabi/9.2.1/thumb/v7e-m+fp/hard/crtn.o
 *(.fini)
 .fini          0x0002ed14        0x4 c:/program files (x86)/gnu tools arm embedded/9 2019-q4-major/bin/../lib/gcc/arm-none-eabi/9.2.1/thumb/v7e-m+fp/hard/crti.o
                0x0002ed14                _fini
 .fini          0x0002ed18        0x8 c:/program files (x86)/gnu tools arm embedded/9 2019-q4-major/bin/../lib/gcc/arm-none-eabi/9.2.1/thumb/v7e-m+fp/hard/crtn.o
 *crtbegin.o(.ctors)
 *crtbegin?.o(.ctors)
 *(EXCLUDE_FILE(*crtend.o *crtend?.o) .ctors)
 *(SORT_BY_NAME(.ctors.*))
 *(.ctors)
 *crtbegin.o(.dtors)
 *crtbegin?.o(.dtors)
 *(EXCLUDE_FILE(*crtend.o *crtend?.o) .dtors)
 *(SORT_BY_NAME(.dtors.*))
 *(.dtors)
 *(.rodata*)
 .rodata.delay_machine_code.9517
                0x0002ed20        0x6 _build/nrf52840_xxaa/nrf_log_backend_rtt.c.o
 *fill*         0x0002ed26        0x2 
 .rodata.nrf_log_backend_rtt_api
                0x0002ed28        0xc _build/nrf52840_xxaa/nrf_log_backend_rtt.c.o
                0x0002ed28                nrf_log_backend_rtt_api
 .rodata.str1.4
                0x0002ed34       0x10 _build/nrf52840_xxaa/nrf_log_default_backends.c.o
 .rodata.nrf_log_frontend_dequeue.str1.4
                0x0002ed44       0x11 _build/nrf52840_xxaa/nrf_log_frontend.c.o
 *fill*         0x0002ed55        0x3 
 .rodata.str1.4
                0x0002ed58        0x4 _build/nrf52840_xxaa/nrf_log_frontend.c.o
 .rodata.m_log_push_ringbuf
                0x0002ed5c        0xc _build/nrf52840_xxaa/nrf_log_frontend.c.o
 .rodata.prefix_process.str1.4
                0x0002ed68       0x36 _build/nrf52840_xxaa/nrf_log_str_formatter.c.o
 *fill*         0x0002ed9e        0x2 
 .rodata.nrf_log_std_entry_process.str1.4
                0x0002eda0        0x3 _build/nrf52840_xxaa/nrf_log_str_formatter.c.o
 *fill*         0x0002eda3        0x1 
 .rodata.nrf_log_hexdump_entry_process.str1.4
                0x0002eda4       0x13 _build/nrf52840_xxaa/nrf_log_str_formatter.c.o
                                 0x16 (size before relaxing)
 *fill*         0x0002edb7        0x1 
 .rodata.str1.4
                0x0002edb8       0x56 _build/nrf52840_xxaa/nrf_log_str_formatter.c.o
 *fill*         0x0002ee0e        0x2 
 .rodata.m_colors
                0x0002ee10       0x24 _build/nrf52840_xxaa/nrf_log_str_formatter.c.o
 .rodata.severity_names
                0x0002ee34       0x14 _build/nrf52840_xxaa/nrf_log_str_formatter.c.o
 .rodata.str1.4
                0x0002ee48        0xb _build/nrf52840_xxaa/app_button.c.o
 *fill*         0x0002ee53        0x1 
 .rodata.m_detection_delay_timer_id
                0x0002ee54        0x4 _build/nrf52840_xxaa/app_button.c.o
 .rodata.app_error_fault_handler.str1.4
                0x0002ee58       0x19 _build/nrf52840_xxaa/app_error_weak.c.o
 *fill*         0x0002ee71        0xf 
 .rodata.delay_machine_code.9300
                0x0002ee80        0x6 _build/nrf52840_xxaa/app_timer.c.o
 *fill*         0x0002ee86        0x2 
 .rodata        0x0002ee88       0x20 _build/nrf52840_xxaa/app_uart_fifo.c.o
 .rodata._aV2C.7901
                0x0002eea8       0x10 _build/nrf52840_xxaa/nrf_fprintf_format.c.o
 .rodata.str1.4
                0x0002eeb8        0x9 _build/nrf52840_xxaa/nrf_pwr_mgmt.c.o
 *fill*         0x0002eec1        0x3 
 .rodata.pwr_mgmt_data
                0x0002eec4        0xc _build/nrf52840_xxaa/nrf_pwr_mgmt.c.o
 .rodata.str1.4
                0x0002eed0      0x3e9 _build/nrf52840_xxaa/nrf_strerror.c.o
 *fill*         0x0002f2b9        0x3 
 .rodata.m_unknown_str
                0x0002f2bc       0x13 _build/nrf52840_xxaa/nrf_strerror.c.o
 *fill*         0x0002f2cf        0x1 
 .rodata.nrf_strerror_array
                0x0002f2d0      0x128 _build/nrf52840_xxaa/nrf_strerror.c.o
 .rodata.CSWTCH.6
                0x0002f3f8        0x4 _build/nrf52840_xxaa/system_nrf52840.c.o
 .rodata.m_board_led_list
                0x0002f3fc        0x2 _build/nrf52840_xxaa/boards.c.o
 *fill*         0x0002f3fe        0x2 
 .rodata.str1.4
                0x0002f400        0x6 _build/nrf52840_xxaa/nrf_drv_clock.c.o
 *fill*         0x0002f406        0x2 
 .rodata.str1.4
                0x0002f408        0x6 _build/nrf52840_xxaa/nrfx_clock.c.o
 *fill*         0x0002f40e        0x2 
 .rodata.str1.4
                0x0002f410        0x7 _build/nrf52840_xxaa/nrfx_gpiote.c.o
 *fill*         0x0002f417        0x1 
 .rodata.str1.4
                0x0002f418        0x4 _build/nrf52840_xxaa/nrfx_prs.c.o
 .rodata.str1.4
                0x0002f41c        0x4 _build/nrf52840_xxaa/nrfx_ppi.c.o
 .rodata.str1.4
                0x0002f420        0x6 _build/nrf52840_xxaa/nrfx_timer.c.o
 *fill*         0x0002f426        0x2 
 .rodata.str1.4
                0x0002f428        0x5 _build/nrf52840_xxaa/nrfx_uart.c.o
 *fill*         0x0002f42d        0x3 
 .rodata.str1.4
                0x0002f430        0x6 _build/nrf52840_xxaa/nrfx_uarte.c.o
 *fill*         0x0002f436        0x2 
 .rodata.str1.4
                0x0002f438        0x6 _build/nrf52840_xxaa/nrfx_saadc.c.o
 *fill*         0x0002f43e        0x2 
 .rodata.app_buttons
                0x0002f440        0x8 _build/nrf52840_xxaa/bsp.c.o
 .rodata.m_bsp_alert_tmr
                0x0002f448        0x4 _build/nrf52840_xxaa/bsp.c.o
 .rodata.m_bsp_button_tmr
                0x0002f44c        0x4 _build/nrf52840_xxaa/bsp.c.o
 .rodata.m_bsp_leds_tmr
                0x0002f450        0x4 _build/nrf52840_xxaa/bsp.c.o
 .rodata.ble_evt_handler.str1.4
                0x0002f454       0x19 _build/nrf52840_xxaa/main.c.o
 *fill*         0x0002f46d        0x3 
 .rodata.gatt_evt_handler.str1.4
                0x0002f470       0x1c _build/nrf52840_xxaa/main.c.o
 .rodata.nus_data_handler.str1.4
                0x0002f48c       0x2b _build/nrf52840_xxaa/main.c.o
 *fill*         0x0002f4b7        0x1 
 .rodata.main.str1.4
                0x0002f4b8       0x45 _build/nrf52840_xxaa/main.c.o
 *fill*         0x0002f4fd        0x3 
 .rodata        0x0002f500       0x28 _build/nrf52840_xxaa/main.c.o
 .rodata.m_timer
                0x0002f528        0x8 _build/nrf52840_xxaa/main.c.o
 .rodata.SEGGER_RTT_ReadNoLock.str1.4
                0x0002f530       0x17 _build/nrf52840_xxaa/SEGGER_RTT.c.o
 *fill*         0x0002f547        0x1 
 .rodata.data_length_update.constprop.0.str1.4
                0x0002f548       0xe2 _build/nrf52840_xxaa/nrf_ble_gatt.c.o
 *fill*         0x0002f62a        0x2 
 .rodata.nrf_ble_gatt_on_ble_evt.str1.4
                0x0002f62c       0x63 _build/nrf52840_xxaa/nrf_ble_gatt.c.o
 *fill*         0x0002f68f        0x1 
 .rodata.str1.4
                0x0002f690        0xd _build/nrf52840_xxaa/nrf_ble_gatt.c.o
 *fill*         0x0002f69d        0x3 
 .rodata.str1.4
                0x0002f6a0        0x8 _build/nrf52840_xxaa/ble_nus.c.o
 .rodata        0x0002f6a8       0x10 _build/nrf52840_xxaa/ble_nus.c.o
 .rodata.str1.4
                0x0002f6b8        0x8 _build/nrf52840_xxaa/nrf_sdh.c.o
 .rodata        0x0002f6c0        0x4 _build/nrf52840_xxaa/nrf_sdh.c.o
 .rodata.sdh_req_observers
                0x0002f6c4        0xc _build/nrf52840_xxaa/nrf_sdh.c.o
 .rodata.sdh_stack_observers
                0x0002f6d0        0xc _build/nrf52840_xxaa/nrf_sdh.c.o
 .rodata.sdh_state_observers
                0x0002f6dc        0xc _build/nrf52840_xxaa/nrf_sdh.c.o
 .rodata.nrf_sdh_ble_default_cfg_set.str1.4
                0x0002f6e8      0x1cf _build/nrf52840_xxaa/nrf_sdh_ble.c.o
 *fill*         0x0002f8b7        0x1 
 .rodata.nrf_sdh_ble_enable.str1.4
                0x0002f8b8       0xad _build/nrf52840_xxaa/nrf_sdh_ble.c.o
 *fill*         0x0002f965        0x3 
 .rodata.str1.4
                0x0002f968        0xc _build/nrf52840_xxaa/nrf_sdh_ble.c.o
 .rodata.sdh_ble_observers
                0x0002f974        0xc _build/nrf52840_xxaa/nrf_sdh_ble.c.o
 .rodata.str1.4
                0x0002f980        0xc _build/nrf52840_xxaa/nrf_sdh_soc.c.o
 .rodata.sdh_soc_observers
                0x0002f98c        0xc _build/nrf52840_xxaa/nrf_sdh_soc.c.o
 .rodata._ctype_
                0x0002f998      0x101 c:/program files (x86)/gnu tools arm embedded/9 2019-q4-major/bin/../lib/gcc/arm-none-eabi/9.2.1/../../../../arm-none-eabi/lib/thumb/v7e-m+fp/hard\libc_nano.a(lib_a-ctype_.o)
                0x0002f998                _ctype_
 *fill*         0x0002fa99        0x3 
 .rodata._global_impure_ptr
                0x0002fa9c        0x4 c:/program files (x86)/gnu tools arm embedded/9 2019-q4-major/bin/../lib/gcc/arm-none-eabi/9.2.1/../../../../arm-none-eabi/lib/thumb/v7e-m+fp/hard\libc_nano.a(lib_a-impure.o)
                0x0002fa9c                _global_impure_ptr
 .rodata.__sf_fake_stderr
                0x0002faa0       0x20 c:/program files (x86)/gnu tools arm embedded/9 2019-q4-major/bin/../lib/gcc/arm-none-eabi/9.2.1/../../../../arm-none-eabi/lib/thumb/v7e-m+fp/hard\libc_nano.a(lib_a-findfp.o)
                0x0002faa0                __sf_fake_stderr
 .rodata.__sf_fake_stdin
                0x0002fac0       0x20 c:/program files (x86)/gnu tools arm embedded/9 2019-q4-major/bin/../lib/gcc/arm-none-eabi/9.2.1/../../../../arm-none-eabi/lib/thumb/v7e-m+fp/hard\libc_nano.a(lib_a-findfp.o)
                0x0002fac0                __sf_fake_stdin
 .rodata.__sf_fake_stdout
                0x0002fae0       0x20 c:/program files (x86)/gnu tools arm embedded/9 2019-q4-major/bin/../lib/gcc/arm-none-eabi/9.2.1/../../../../arm-none-eabi/lib/thumb/v7e-m+fp/hard\libc_nano.a(lib_a-findfp.o)
                0x0002fae0                __sf_fake_stdout
 .rodata._vfprintf_r.str1.1
                0x0002fb00       0x11 c:/program files (x86)/gnu tools arm embedded/9 2019-q4-major/bin/../lib/gcc/arm-none-eabi/9.2.1/../../../../arm-none-eabi/lib/thumb/v7e-m+fp/hard\libc_nano.a(lib_a-nano-vfprintf.o)
 .rodata._printf_i.str1.1
                0x0002fb11       0x22 c:/program files (x86)/gnu tools arm embedded/9 2019-q4-major/bin/../lib/gcc/arm-none-eabi/9.2.1/../../../../arm-none-eabi/lib/thumb/v7e-m+fp/hard\libc_nano.a(lib_a-nano-vfprintf_i.o)
 *(.eh_frame*)
 *fill*         0x0002fb33        0x1 
 .eh_frame      0x0002fb34        0x0 c:/program files (x86)/gnu tools arm embedded/9 2019-q4-major/bin/../lib/gcc/arm-none-eabi/9.2.1/thumb/v7e-m+fp/hard/crtbegin.o
 .eh_frame      0x0002fb34        0x4 c:/program files (x86)/gnu tools arm embedded/9 2019-q4-major/bin/../lib/gcc/arm-none-eabi/9.2.1/thumb/v7e-m+fp/hard/crtend.o

.glue_7         0x0002fb38        0x0
 .glue_7        0x0002fb38        0x0 linker stubs

.glue_7t        0x0002fb38        0x0
 .glue_7t       0x0002fb38        0x0 linker stubs

.vfp11_veneer   0x0002fb38        0x0
 .vfp11_veneer  0x0002fb38        0x0 linker stubs

.v4_bx          0x0002fb38        0x0
 .v4_bx         0x0002fb38        0x0 linker stubs

.iplt           0x0002fb38        0x0
 .iplt          0x0002fb38        0x0 c:/program files (x86)/gnu tools arm embedded/9 2019-q4-major/bin/../lib/gcc/arm-none-eabi/9.2.1/thumb/v7e-m+fp/hard/crtbegin.o

.mem_section_dummy_rom

.sdh_soc_observers
                0x0002fb38        0x8
                0x0002fb38                PROVIDE (__start_sdh_soc_observers = .)
 *(SORT_BY_NAME(.sdh_soc_observers*))
 .sdh_soc_observers0
                0x0002fb38        0x8 _build/nrf52840_xxaa/nrf_drv_clock.c.o
                0x0002fb40                PROVIDE (__stop_sdh_soc_observers = .)

.sdh_ble_observers
                0x0002fb40       0x40
                0x0002fb40                PROVIDE (__start_sdh_ble_observers = .)
 *(SORT_BY_NAME(.sdh_ble_observers*))
 .sdh_ble_observers0
                0x0002fb40        0x8 _build/nrf52840_xxaa/ble_conn_state.c.o
 .sdh_ble_observers1
                0x0002fb48        0x8 _build/nrf52840_xxaa/bsp_btn_ble.c.o
 .sdh_ble_observers1
                0x0002fb50       0x10 _build/nrf52840_xxaa/main.c.o
 .sdh_ble_observers1
                0x0002fb60        0x8 _build/nrf52840_xxaa/ble_conn_params.c.o
 .sdh_ble_observers2
                0x0002fb68       0x10 _build/nrf52840_xxaa/main.c.o
 .sdh_ble_observers3
                0x0002fb78        0x8 _build/nrf52840_xxaa/main.c.o
                0x0002fb80                PROVIDE (__stop_sdh_ble_observers = .)

.pwr_mgmt_data  0x0002fb80        0x0
                0x0002fb80                PROVIDE (__start_pwr_mgmt_data = .)
 *(SORT_BY_NAME(.pwr_mgmt_data*))
                0x0002fb80                PROVIDE (__stop_pwr_mgmt_data = .)

.sdh_req_observers
                0x0002fb80        0x0
                0x0002fb80                PROVIDE (__start_sdh_req_observers = .)
 *(SORT_BY_NAME(.sdh_req_observers*))
                0x0002fb80                PROVIDE (__stop_sdh_req_observers = .)

.sdh_state_observers
                0x0002fb80        0x8
                0x0002fb80                PROVIDE (__start_sdh_state_observers = .)
 *(SORT_BY_NAME(.sdh_state_observers*))
 .sdh_state_observers0
                0x0002fb80        0x8 _build/nrf52840_xxaa/nrf_drv_clock.c.o
                0x0002fb88                PROVIDE (__stop_sdh_state_observers = .)

.sdh_stack_observers
                0x0002fb88       0x10
                0x0002fb88                PROVIDE (__start_sdh_stack_observers = .)
 *(SORT_BY_NAME(.sdh_stack_observers*))
 .sdh_stack_observers0
                0x0002fb88        0x8 _build/nrf52840_xxaa/nrf_sdh_ble.c.o
 .sdh_stack_observers0
                0x0002fb90        0x8 _build/nrf52840_xxaa/nrf_sdh_soc.c.o
                0x0002fb98                PROVIDE (__stop_sdh_stack_observers = .)

.nrf_queue      0x0002fb98        0x0
                [!provide]                PROVIDE (__start_nrf_queue = .)
 *(.nrf_queue)
                [!provide]                PROVIDE (__stop_nrf_queue = .)

.nrf_balloc     0x0002fb98       0x14
                [!provide]                PROVIDE (__start_nrf_balloc = .)
 *(.nrf_balloc)
 .nrf_balloc    0x0002fb98       0x14 _build/nrf52840_xxaa/nrf_log_frontend.c.o
                0x0002fb98                log_mempool
                [!provide]                PROVIDE (__stop_nrf_balloc = .)

.cli_command    0x0002fbac        0x0
                [!provide]                PROVIDE (__start_cli_command = .)
 *(.cli_command)
                [!provide]                PROVIDE (__stop_cli_command = .)

.crypto_data    0x0002fbac        0x0
                [!provide]                PROVIDE (__start_crypto_data = .)
 *(SORT_BY_NAME(.crypto_data*))
                [!provide]                PROVIDE (__stop_crypto_data = .)

.log_const_data
                0x0002fbac       0x88
                0x0002fbac                PROVIDE (__start_log_const_data = .)
 *(SORT_BY_NAME(.log_const_data*))
 .log_const_data_CLOCK
                0x0002fbac        0x8 _build/nrf52840_xxaa/nrfx_clock.c.o
                0x0002fbac                m_nrf_log_CLOCK_logs_data_const
 .log_const_data_GPIOTE
                0x0002fbb4        0x8 _build/nrf52840_xxaa/nrfx_gpiote.c.o
                0x0002fbb4                m_nrf_log_GPIOTE_logs_data_const
 .log_const_data_PPI
                0x0002fbbc        0x8 _build/nrf52840_xxaa/nrfx_ppi.c.o
                0x0002fbbc                m_nrf_log_PPI_logs_data_const
 .log_const_data_PRS
                0x0002fbc4        0x8 _build/nrf52840_xxaa/nrfx_prs.c.o
                0x0002fbc4                m_nrf_log_PRS_logs_data_const
 .log_const_data_SAADC
                0x0002fbcc        0x8 _build/nrf52840_xxaa/nrfx_saadc.c.o
                0x0002fbcc                m_nrf_log_SAADC_logs_data_const
 .log_const_data_TIMER
                0x0002fbd4        0x8 _build/nrf52840_xxaa/nrfx_timer.c.o
                0x0002fbd4                m_nrf_log_TIMER_logs_data_const
 .log_const_data_UART
                0x0002fbdc        0x8 _build/nrf52840_xxaa/nrfx_uart.c.o
                0x0002fbdc                m_nrf_log_UART_logs_data_const
 .log_const_data_UARTE
                0x0002fbe4        0x8 _build/nrf52840_xxaa/nrfx_uarte.c.o
                0x0002fbe4                m_nrf_log_UARTE_logs_data_const
 .log_const_data_app
                0x0002fbec        0x8 _build/nrf52840_xxaa/nrf_log_frontend.c.o
                0x0002fbec                m_nrf_log_app_logs_data_const
 .log_const_data_app_button
                0x0002fbf4        0x8 _build/nrf52840_xxaa/app_button.c.o
                0x0002fbf4                m_nrf_log_app_button_logs_data_const
 .log_const_data_ble_nus
                0x0002fbfc        0x8 _build/nrf52840_xxaa/ble_nus.c.o
                0x0002fbfc                m_nrf_log_ble_nus_logs_data_const
 .log_const_data_clock
                0x0002fc04        0x8 _build/nrf52840_xxaa/nrf_drv_clock.c.o
                0x0002fc04                m_nrf_log_clock_logs_data_const
 .log_const_data_nrf_ble_gatt
                0x0002fc0c        0x8 _build/nrf52840_xxaa/nrf_ble_gatt.c.o
                0x0002fc0c                m_nrf_log_nrf_ble_gatt_logs_data_const
 .log_const_data_nrf_sdh
                0x0002fc14        0x8 _build/nrf52840_xxaa/nrf_sdh.c.o
                0x0002fc14                m_nrf_log_nrf_sdh_logs_data_const
 .log_const_data_nrf_sdh_ble
                0x0002fc1c        0x8 _build/nrf52840_xxaa/nrf_sdh_ble.c.o
                0x0002fc1c                m_nrf_log_nrf_sdh_ble_logs_data_const
 .log_const_data_nrf_sdh_soc
                0x0002fc24        0x8 _build/nrf52840_xxaa/nrf_sdh_soc.c.o
                0x0002fc24                m_nrf_log_nrf_sdh_soc_logs_data_const
 .log_const_data_pwr_mgmt
                0x0002fc2c        0x8 _build/nrf52840_xxaa/nrf_pwr_mgmt.c.o
                0x0002fc2c                m_nrf_log_pwr_mgmt_logs_data_const
                0x0002fc34                PROVIDE (__stop_log_const_data = .)

.log_backends   0x0002fc34       0x10
                [!provide]                PROVIDE (__start_log_backends = .)
 *(SORT_BY_NAME(.log_backends*))
 .log_backends  0x0002fc34       0x10 _build/nrf52840_xxaa/nrf_log_default_backends.c.o
                [!provide]                PROVIDE (__stop_log_backends = .)

.ARM.extab
 *(.ARM.extab* .gnu.linkonce.armextab.*)
                0x0002fc44                __exidx_start = .

.ARM.exidx      0x0002fc44        0x8
 *(.ARM.exidx* .gnu.linkonce.armexidx.*)
 .ARM.exidx     0x0002fc44        0x8 c:/program files (x86)/gnu tools arm embedded/9 2019-q4-major/bin/../lib/gcc/arm-none-eabi/9.2.1/../../../../arm-none-eabi/lib/thumb/v7e-m+fp/hard/crt0.o
 .ARM.exidx     0x0002fc4c        0x0 c:/program files (x86)/gnu tools arm embedded/9 2019-q4-major/bin/../lib/gcc/arm-none-eabi/9.2.1/thumb/v7e-m+fp/hard\libgcc.a(_udivmoddi4.o)
                                  0x8 (size before relaxing)
                0x0002fc4c                __exidx_end = .

.rel.dyn        0x0002fc4c        0x0
 .rel.iplt      0x0002fc4c        0x0 c:/program files (x86)/gnu tools arm embedded/9 2019-q4-major/bin/../lib/gcc/arm-none-eabi/9.2.1/thumb/v7e-m+fp/hard/crtbegin.o
                0x0002fc4c                . = ALIGN (0x4)
                0x0002fc4c                __etext = .

.data           0x20002ae8       0xbc load address 0x0002fc4c
                0x20002ae8                __data_start__ = .
 *(vtable)
 *(.data*)
 .data.log_backend_cb_rtt_log_backend
                0x20002ae8        0x8 _build/nrf52840_xxaa/nrf_log_default_backends.c.o
 .data.app_uart_inst
                0x20002af0       0x14 _build/nrf52840_xxaa/app_uart_fifo.c.o
 .data.SystemCoreClock
                0x20002b04        0x4 _build/nrf52840_xxaa/system_nrf52840.c.o
                0x20002b04                SystemCoreClock
 .data.length   0x20002b08        0x2 _build/nrf52840_xxaa/main.c.o
                0x20002b08                length
 *fill*         0x20002b0a        0x2 
 .data.m_adv_uuids
                0x20002b0c        0x4 _build/nrf52840_xxaa/main.c.o
 .data.m_ble_nus_max_data_len
                0x20002b10        0x2 _build/nrf52840_xxaa/main.c.o
 .data.m_conn_handle
                0x20002b12        0x2 _build/nrf52840_xxaa/main.c.o
 .data.m_nus    0x20002b14       0x1c _build/nrf52840_xxaa/main.c.o
 .data.m_nus_link_ctx_storage
                0x20002b30        0x8 _build/nrf52840_xxaa/main.c.o
 .data._impure_ptr
                0x20002b38        0x4 c:/program files (x86)/gnu tools arm embedded/9 2019-q4-major/bin/../lib/gcc/arm-none-eabi/9.2.1/../../../../arm-none-eabi/lib/thumb/v7e-m+fp/hard\libc_nano.a(lib_a-impure.o)
                0x20002b38                _impure_ptr
 .data.impure_data
                0x20002b3c       0x60 c:/program files (x86)/gnu tools arm embedded/9 2019-q4-major/bin/../lib/gcc/arm-none-eabi/9.2.1/../../../../arm-none-eabi/lib/thumb/v7e-m+fp/hard\libc_nano.a(lib_a-impure.o)
                0x20002b9c                . = ALIGN (0x4)
                0x20002b9c                PROVIDE (__preinit_array_start = .)
 *(.preinit_array)
                0x20002b9c                PROVIDE (__preinit_array_end = .)
                0x20002b9c                . = ALIGN (0x4)
                0x20002b9c                PROVIDE (__init_array_start = .)
 *(SORT_BY_NAME(.init_array.*))
 *(.init_array)
 .init_array    0x20002b9c        0x4 c:/program files (x86)/gnu tools arm embedded/9 2019-q4-major/bin/../lib/gcc/arm-none-eabi/9.2.1/thumb/v7e-m+fp/hard/crtbegin.o
                0x20002ba0                PROVIDE (__init_array_end = .)
                0x20002ba0                . = ALIGN (0x4)
                [!provide]                PROVIDE (__fini_array_start = .)
 *(SORT_BY_NAME(.fini_array.*))
 *(.fini_array)
 .fini_array    0x20002ba0        0x4 c:/program files (x86)/gnu tools arm embedded/9 2019-q4-major/bin/../lib/gcc/arm-none-eabi/9.2.1/thumb/v7e-m+fp/hard/crtbegin.o
                [!provide]                PROVIDE (__fini_array_end = .)
 *(.jcr*)
                0x20002ba4                . = ALIGN (0x4)
                0x20002ba4                __data_end__ = .
LOAD c:/program files (x86)/gnu tools arm embedded/9 2019-q4-major/bin/../lib/gcc/arm-none-eabi/9.2.1/thumb/v7e-m+fp/hard/crti.o
LOAD c:/program files (x86)/gnu tools arm embedded/9 2019-q4-major/bin/../lib/gcc/arm-none-eabi/9.2.1/thumb/v7e-m+fp/hard/crtbegin.o
LOAD c:/program files (x86)/gnu tools arm embedded/9 2019-q4-major/bin/../lib/gcc/arm-none-eabi/9.2.1/../../../../arm-none-eabi/lib/thumb/v7e-m+fp/hard/crt0.o
LOAD _build/nrf52840_xxaa/gcc_startup_nrf52840.S.o
LOAD _build/nrf52840_xxaa/nrf_log_backend_rtt.c.o
LOAD _build/nrf52840_xxaa/nrf_log_backend_serial.c.o
LOAD _build/nrf52840_xxaa/nrf_log_default_backends.c.o
LOAD _build/nrf52840_xxaa/nrf_log_frontend.c.o
LOAD _build/nrf52840_xxaa/nrf_log_str_formatter.c.o
LOAD _build/nrf52840_xxaa/app_button.c.o
LOAD _build/nrf52840_xxaa/app_error.c.o
LOAD _build/nrf52840_xxaa/app_error_handler_gcc.c.o
LOAD _build/nrf52840_xxaa/app_error_weak.c.o
LOAD _build/nrf52840_xxaa/app_fifo.c.o
LOAD _build/nrf52840_xxaa/app_scheduler.c.o
LOAD _build/nrf52840_xxaa/app_timer.c.o
LOAD _build/nrf52840_xxaa/app_uart_fifo.c.o
LOAD _build/nrf52840_xxaa/app_util_platform.c.o
LOAD _build/nrf52840_xxaa/hardfault_implementation.c.o
LOAD _build/nrf52840_xxaa/nrf_assert.c.o
LOAD _build/nrf52840_xxaa/nrf_atfifo.c.o
LOAD _build/nrf52840_xxaa/nrf_atflags.c.o
LOAD _build/nrf52840_xxaa/nrf_atomic.c.o
LOAD _build/nrf52840_xxaa/nrf_balloc.c.o
LOAD _build/nrf52840_xxaa/nrf_fprintf.c.o
LOAD _build/nrf52840_xxaa/nrf_fprintf_format.c.o
LOAD _build/nrf52840_xxaa/nrf_memobj.c.o
LOAD _build/nrf52840_xxaa/nrf_pwr_mgmt.c.o
LOAD _build/nrf52840_xxaa/nrf_ringbuf.c.o
LOAD _build/nrf52840_xxaa/nrf_section_iter.c.o
LOAD _build/nrf52840_xxaa/nrf_strerror.c.o
LOAD _build/nrf52840_xxaa/retarget.c.o
LOAD _build/nrf52840_xxaa/system_nrf52840.c.o
LOAD _build/nrf52840_xxaa/boards.c.o
LOAD _build/nrf52840_xxaa/nrf_drv_clock.c.o
LOAD _build/nrf52840_xxaa/nrf_drv_uart.c.o
LOAD _build/nrf52840_xxaa/nrf_drv_ppi.c.o
LOAD _build/nrf52840_xxaa/nrfx_clock.c.o
LOAD _build/nrf52840_xxaa/nrfx_gpiote.c.o
LOAD _build/nrf52840_xxaa/nrfx_power.c.o
LOAD _build/nrf52840_xxaa/nrfx_prs.c.o
LOAD _build/nrf52840_xxaa/nrfx_ppi.c.o
LOAD _build/nrf52840_xxaa/nrfx_timer.c.o
LOAD _build/nrf52840_xxaa/nrfx_uart.c.o
LOAD _build/nrf52840_xxaa/nrfx_uarte.c.o
LOAD _build/nrf52840_xxaa/nrfx_saadc.c.o
LOAD _build/nrf52840_xxaa/bsp.c.o
LOAD _build/nrf52840_xxaa/bsp_btn_ble.c.o
LOAD _build/nrf52840_xxaa/main.c.o
LOAD _build/nrf52840_xxaa/SEGGER_RTT.c.o
LOAD _build/nrf52840_xxaa/SEGGER_RTT_Syscalls_GCC.c.o
LOAD _build/nrf52840_xxaa/SEGGER_RTT_printf.c.o
LOAD _build/nrf52840_xxaa/ble_advdata.c.o
LOAD _build/nrf52840_xxaa/ble_advertising.c.o
LOAD _build/nrf52840_xxaa/ble_conn_params.c.o
LOAD _build/nrf52840_xxaa/ble_conn_state.c.o
LOAD _build/nrf52840_xxaa/ble_link_ctx_manager.c.o
LOAD _build/nrf52840_xxaa/ble_srv_common.c.o
LOAD _build/nrf52840_xxaa/nrf_ble_gatt.c.o
LOAD _build/nrf52840_xxaa/nrf_ble_qwr.c.o
LOAD _build/nrf52840_xxaa/utf.c.o
LOAD _build/nrf52840_xxaa/ble_nus.c.o
LOAD _build/nrf52840_xxaa/nrf_sdh.c.o
LOAD _build/nrf52840_xxaa/nrf_sdh_ble.c.o
LOAD _build/nrf52840_xxaa/nrf_sdh_soc.c.o
LOAD c:/program files (x86)/gnu tools arm embedded/9 2019-q4-major/bin/../lib/gcc/arm-none-eabi/9.2.1/../../../../arm-none-eabi/lib/thumb/v7e-m+fp/hard\libc_nano.a
LOAD c:/program files (x86)/gnu tools arm embedded/9 2019-q4-major/bin/../lib/gcc/arm-none-eabi/9.2.1/../../../../arm-none-eabi/lib/thumb/v7e-m+fp/hard\libnosys.a
LOAD c:/program files (x86)/gnu tools arm embedded/9 2019-q4-major/bin/../lib/gcc/arm-none-eabi/9.2.1/../../../../arm-none-eabi/lib/thumb/v7e-m+fp/hard\libm.a
START GROUP
LOAD c:/program files (x86)/gnu tools arm embedded/9 2019-q4-major/bin/../lib/gcc/arm-none-eabi/9.2.1/thumb/v7e-m+fp/hard\libgcc.a
LOAD c:/program files (x86)/gnu tools arm embedded/9 2019-q4-major/bin/../lib/gcc/arm-none-eabi/9.2.1/../../../../arm-none-eabi/lib/thumb/v7e-m+fp/hard\libg_nano.a
LOAD c:/program files (x86)/gnu tools arm embedded/9 2019-q4-major/bin/../lib/gcc/arm-none-eabi/9.2.1/../../../../arm-none-eabi/lib/thumb/v7e-m+fp/hard\libc_nano.a
END GROUP
START GROUP
LOAD c:/program files (x86)/gnu tools arm embedded/9 2019-q4-major/bin/../lib/gcc/arm-none-eabi/9.2.1/thumb/v7e-m+fp/hard\libgcc.a
LOAD c:/program files (x86)/gnu tools arm embedded/9 2019-q4-major/bin/../lib/gcc/arm-none-eabi/9.2.1/../../../../arm-none-eabi/lib/thumb/v7e-m+fp/hard\libc_nano.a
END GROUP
LOAD c:/program files (x86)/gnu tools arm embedded/9 2019-q4-major/bin/../lib/gcc/arm-none-eabi/9.2.1/thumb/v7e-m+fp/hard/crtend.o
LOAD c:/program files (x86)/gnu tools arm embedded/9 2019-q4-major/bin/../lib/gcc/arm-none-eabi/9.2.1/thumb/v7e-m+fp/hard/crtn.o
START GROUP
LOAD c:/program files (x86)/gnu tools arm embedded/9 2019-q4-major/bin/../lib/gcc/arm-none-eabi/9.2.1/thumb/v7e-m+fp/hard\libgcc.a
LOAD c:/program files (x86)/gnu tools arm embedded/9 2019-q4-major/bin/../lib/gcc/arm-none-eabi/9.2.1/../../../../arm-none-eabi/lib/thumb/v7e-m+fp/hard\libc.a
LOAD c:/program files (x86)/gnu tools arm embedded/9 2019-q4-major/bin/../lib/gcc/arm-none-eabi/9.2.1/../../../../arm-none-eabi/lib/thumb/v7e-m+fp/hard\libnosys.a
END GROUP

.igot.plt       0x20002ba4        0x0 load address 0x0002fd08
 .igot.plt      0x20002ba4        0x0 c:/program files (x86)/gnu tools arm embedded/9 2019-q4-major/bin/../lib/gcc/arm-none-eabi/9.2.1/thumb/v7e-m+fp/hard/crtbegin.o
                0x20002ba4                . = ALIGN (0x4)

.mem_section_dummy_ram

.cli_sorted_cmd_ptrs
                0x20002ba4        0x0
                [!provide]                PROVIDE (__start_cli_sorted_cmd_ptrs = .)
 *(.cli_sorted_cmd_ptrs)
                [!provide]                PROVIDE (__stop_cli_sorted_cmd_ptrs = .)

.fs_data        0x20002ba4        0x0
                [!provide]                PROVIDE (__start_fs_data = .)
 *(.fs_data)
                [!provide]                PROVIDE (__stop_fs_data = .)

.log_dynamic_data
                0x20002ba4        0x0
                0x20002ba4                PROVIDE (__start_log_dynamic_data = .)
 *(SORT_BY_NAME(.log_dynamic_data*))
                [!provide]                PROVIDE (__stop_log_dynamic_data = .)

.log_filter_data
                0x20002ba4        0x0
                [!provide]                PROVIDE (__start_log_filter_data = .)
 *(SORT_BY_NAME(.log_filter_data*))
                [!provide]                PROVIDE (__stop_log_filter_data = .)

.bss            0x20002ba8     0x1568 load address 0x0002fd10
                0x20002ba8                . = ALIGN (0x4)
                0x20002ba8                __bss_start__ = .
 *(.bss*)
 .bss           0x20002ba8       0x1c c:/program files (x86)/gnu tools arm embedded/9 2019-q4-major/bin/../lib/gcc/arm-none-eabi/9.2.1/thumb/v7e-m+fp/hard/crtbegin.o
 .bss.m_host_present
                0x20002bc4        0x1 _build/nrf52840_xxaa/nrf_log_backend_rtt.c.o
 *fill*         0x20002bc5        0x3 
 .bss.m_string_buff
                0x20002bc8       0x40 _build/nrf52840_xxaa/nrf_log_backend_rtt.c.o
 .bss.log_mempool_nrf_balloc_cb
                0x20002c08        0x8 _build/nrf52840_xxaa/nrf_log_frontend.c.o
 .bss.log_mempool_nrf_balloc_pool_mem
                0x20002c10       0xc0 _build/nrf52840_xxaa/nrf_log_frontend.c.o
 .bss.log_mempool_nrf_balloc_pool_stack
                0x20002cd0        0x8 _build/nrf52840_xxaa/nrf_log_frontend.c.o
 .bss.m_log_data
                0x20002cd8      0x420 _build/nrf52840_xxaa/nrf_log_frontend.c.o
 .bss.m_log_push_ringbuf_buf
                0x200030f8       0x80 _build/nrf52840_xxaa/nrf_log_frontend.c.o
 .bss.m_log_push_ringbuf_cb
                0x20003178       0x18 _build/nrf52840_xxaa/nrf_log_frontend.c.o
 .bss.m_button_count
                0x20003190        0x1 _build/nrf52840_xxaa/app_button.c.o
 *fill*         0x20003191        0x3 
 .bss.m_detection_delay
                0x20003194        0x4 _build/nrf52840_xxaa/app_button.c.o
 .bss.m_detection_delay_timer_id_data
                0x20003198       0x20 _build/nrf52840_xxaa/app_button.c.o
 .bss.m_pin_active
                0x200031b8        0x8 _build/nrf52840_xxaa/app_button.c.o
 .bss.m_pin_states
                0x200031c0       0x20 _build/nrf52840_xxaa/app_button.c.o
 .bss.mp_buttons
                0x200031e0        0x4 _build/nrf52840_xxaa/app_button.c.o
 .bss.m_op_queue
                0x200031e4      0x10c _build/nrf52840_xxaa/app_timer.c.o
 .bss.m_rtc1_reset
                0x200032f0        0x1 _build/nrf52840_xxaa/app_timer.c.o
 .bss.m_rtc1_running
                0x200032f1        0x1 _build/nrf52840_xxaa/app_timer.c.o
 *fill*         0x200032f2        0x2 
 .bss.m_ticks_elapsed
                0x200032f4        0x8 _build/nrf52840_xxaa/app_timer.c.o
 .bss.m_ticks_elapsed_q_read_ind
                0x200032fc        0x1 _build/nrf52840_xxaa/app_timer.c.o
 .bss.m_ticks_elapsed_q_write_ind
                0x200032fd        0x1 _build/nrf52840_xxaa/app_timer.c.o
 *fill*         0x200032fe        0x2 
 .bss.m_ticks_latest
                0x20003300        0x4 _build/nrf52840_xxaa/app_timer.c.o
 .bss.mp_timer_id_head
                0x20003304        0x4 _build/nrf52840_xxaa/app_timer.c.o
 .bss.m_event_handler
                0x20003308        0x4 _build/nrf52840_xxaa/app_uart_fifo.c.o
 .bss.m_rx_fifo
                0x2000330c       0x10 _build/nrf52840_xxaa/app_uart_fifo.c.o
 .bss.m_rx_ovf  0x2000331c        0x1 _build/nrf52840_xxaa/app_uart_fifo.c.o
 *fill*         0x2000331d        0x3 
 .bss.m_tx_fifo
                0x20003320       0x10 _build/nrf52840_xxaa/app_uart_fifo.c.o
 .bss.rx_buffer
                0x20003330        0x1 _build/nrf52840_xxaa/app_uart_fifo.c.o
 *fill*         0x20003331        0x3 
 .bss.tx_buffer
                0x20003334        0x1 _build/nrf52840_xxaa/app_uart_fifo.c.o
 *fill*         0x20003335        0x3 
 .bss.m_handlers_iter
                0x20003338        0x8 _build/nrf52840_xxaa/nrf_pwr_mgmt.c.o
 .bss.m_shutdown_started
                0x20003340        0x1 _build/nrf52840_xxaa/nrf_pwr_mgmt.c.o
 *fill*         0x20003341        0x3 
 .bss.m_sysoff_mtx
                0x20003344        0x4 _build/nrf52840_xxaa/nrf_pwr_mgmt.c.o
 .bss.m_clock_cb
                0x20003348       0x14 _build/nrf52840_xxaa/nrf_drv_clock.c.o
 .bss.m_contexts
                0x2000335c        0x8 _build/nrf52840_xxaa/nrf_drv_uart.c.o
 .bss.m_handlers
                0x20003364        0x8 _build/nrf52840_xxaa/nrf_drv_uart.c.o
 .bss.m_drv_state
                0x2000336c        0x1 _build/nrf52840_xxaa/nrf_drv_ppi.c.o
 *fill*         0x2000336d        0x3 
 .bss.m_clock_cb
                0x20003370        0x8 _build/nrf52840_xxaa/nrfx_clock.c.o
 .bss.m_cb      0x20003378       0x6c _build/nrf52840_xxaa/nrfx_gpiote.c.o
 .bss.m_prs_box_4
                0x200033e4        0x8 _build/nrf52840_xxaa/nrfx_prs.c.o
 .bss.m_channels_allocated
                0x200033ec        0x4 _build/nrf52840_xxaa/nrfx_ppi.c.o
 .bss.m_cb      0x200033f0        0xc _build/nrf52840_xxaa/nrfx_timer.c.o
 *fill*         0x200033fc        0x4 
 .bss.m_cb      0x20003400       0x2c _build/nrf52840_xxaa/nrfx_uart.c.o
 *fill*         0x2000342c        0x4 
 .bss.m_cb      0x20003430       0x24 _build/nrf52840_xxaa/nrfx_uarte.c.o
 .bss.m_cb      0x20003454       0x30 _build/nrf52840_xxaa/nrfx_saadc.c.o
 .bss.current_long_push_pin_no.9458
                0x20003484        0x1 _build/nrf52840_xxaa/bsp.c.o
 .bss.m_alert_on
                0x20003485        0x1 _build/nrf52840_xxaa/bsp.c.o
 *fill*         0x20003486        0x2 
 .bss.m_bsp_alert_tmr_data
                0x20003488       0x20 _build/nrf52840_xxaa/bsp.c.o
 .bss.m_bsp_button_tmr_data
                0x200034a8       0x20 _build/nrf52840_xxaa/bsp.c.o
 .bss.m_bsp_leds_tmr_data
                0x200034c8       0x20 _build/nrf52840_xxaa/bsp.c.o
 .bss.m_events_list
                0x200034e8        0x3 _build/nrf52840_xxaa/bsp.c.o
 *fill*         0x200034eb        0x1 
 .bss.m_indication_type
                0x200034ec        0x4 _build/nrf52840_xxaa/bsp.c.o
 .bss.m_leds_clear
                0x200034f0        0x1 _build/nrf52840_xxaa/bsp.c.o
 *fill*         0x200034f1        0x3 
 .bss.m_registered_callback
                0x200034f4        0x4 _build/nrf52840_xxaa/bsp.c.o
 .bss.m_stable_state
                0x200034f8        0x1 _build/nrf52840_xxaa/bsp.c.o
 *fill*         0x200034f9        0x3 
 .bss.release_event_at_push.9459
                0x200034fc        0x1 _build/nrf52840_xxaa/bsp.c.o
 *fill*         0x200034fd        0x3 
 .bss.m_error_handler
                0x20003500        0x4 _build/nrf52840_xxaa/bsp_btn_ble.c.o
 .bss.m_num_connections
                0x20003504        0x4 _build/nrf52840_xxaa/bsp_btn_ble.c.o
 .bss.data_array.13797
                0x20003508       0xf4 _build/nrf52840_xxaa/main.c.o
 .bss.index.13798
                0x200035fc        0x1 _build/nrf52840_xxaa/main.c.o
 *fill*         0x200035fd        0x3 
 .bss.m_adc_evt_counter
                0x20003600        0x4 _build/nrf52840_xxaa/main.c.o
 .bss.m_advertising
                0x20003604      0x434 _build/nrf52840_xxaa/main.c.o
 .bss.m_buffer_pool
                0x20003a38       0xc0 _build/nrf52840_xxaa/main.c.o
 .bss.m_gatt    0x20003af8       0x14 _build/nrf52840_xxaa/main.c.o
 .bss.m_nus_link_ctx_storage_ctx_data_pool
                0x20003b0c        0x4 _build/nrf52840_xxaa/main.c.o
 .bss.m_ppi_channel
                0x20003b10        0x1 _build/nrf52840_xxaa/main.c.o
 *fill*         0x20003b11        0x3 
 .bss.m_qwr     0x20003b14        0xc _build/nrf52840_xxaa/main.c.o
 .bss.rx_buf.13815
                0x20003b20      0x100 _build/nrf52840_xxaa/main.c.o
 .bss.tx_buf.13816
                0x20003c20      0x100 _build/nrf52840_xxaa/main.c.o
 .bss._acDownBuffer
                0x20003d20       0x10 _build/nrf52840_xxaa/SEGGER_RTT.c.o
 .bss._acUpBuffer
                0x20003d30      0x200 _build/nrf52840_xxaa/SEGGER_RTT.c.o
 .bss.m_conn_params_config
                0x20003f30       0x1c _build/nrf52840_xxaa/ble_conn_params.c.o
 .bss.m_conn_params_instances
                0x20003f4c       0x14 _build/nrf52840_xxaa/ble_conn_params.c.o
 .bss.m_preferred_conn_params
                0x20003f60        0x8 _build/nrf52840_xxaa/ble_conn_params.c.o
 .bss.m_timer_data
                0x20003f68       0x20 _build/nrf52840_xxaa/ble_conn_params.c.o
 .bss.m_bcs     0x20003f88       0x7c _build/nrf52840_xxaa/ble_conn_state.c.o
 .bss.m_nrf_sdh_continue
                0x20004004        0x1 _build/nrf52840_xxaa/nrf_sdh.c.o
 .bss.m_nrf_sdh_enabled
                0x20004005        0x1 _build/nrf52840_xxaa/nrf_sdh.c.o
 .bss.m_nrf_sdh_suspended
                0x20004006        0x1 _build/nrf52840_xxaa/nrf_sdh.c.o
 .bss.m_stack_is_enabled
                0x20004007        0x1 _build/nrf52840_xxaa/nrf_sdh_ble.c.o
 .bss.__malloc_free_list
                0x20004008        0x4 c:/program files (x86)/gnu tools arm embedded/9 2019-q4-major/bin/../lib/gcc/arm-none-eabi/9.2.1/../../../../arm-none-eabi/lib/thumb/v7e-m+fp/hard\libc_nano.a(lib_a-nano-mallocr.o)
                0x20004008                __malloc_free_list
 .bss.__malloc_sbrk_start
                0x2000400c        0x4 c:/program files (x86)/gnu tools arm embedded/9 2019-q4-major/bin/../lib/gcc/arm-none-eabi/9.2.1/../../../../arm-none-eabi/lib/thumb/v7e-m+fp/hard\libc_nano.a(lib_a-nano-mallocr.o)
                0x2000400c                __malloc_sbrk_start
 .bss.heap_end.5507
                0x20004010        0x4 c:/program files (x86)/gnu tools arm embedded/9 2019-q4-major/bin/../lib/gcc/arm-none-eabi/9.2.1/../../../../arm-none-eabi/lib/thumb/v7e-m+fp/hard\libnosys.a(sbrk.o)
 *(COMMON)
 COMMON         0x20004014        0xc _build/nrf52840_xxaa/app_util_platform.c.o
                0x20004014                nrf_nvic_state
 COMMON         0x20004020        0x2 _build/nrf52840_xxaa/nrf_drv_uart.c.o
                0x20004020                nrf_drv_uart_use_easy_dma
 *fill*         0x20004022        0x2 
 COMMON         0x20004024       0x64 _build/nrf52840_xxaa/main.c.o
                0x20004024                data_ready
                0x20004028                printf_buffer
 COMMON         0x20004088       0x78 _build/nrf52840_xxaa/SEGGER_RTT.c.o
                0x20004088                _SEGGER_RTT
 COMMON         0x20004100        0x9 c:/program files (x86)/gnu tools arm embedded/9 2019-q4-major/bin/../lib/gcc/arm-none-eabi/9.2.1/../../../../arm-none-eabi/lib/thumb/v7e-m+fp/hard\libc_nano.a(lib_a-lock.o)
                0x20004100                __lock___atexit_recursive_mutex
                0x20004101                __lock___arc4random_mutex
                0x20004102                __lock___env_recursive_mutex
                0x20004103                __lock___sinit_recursive_mutex
                0x20004104                __lock___malloc_recursive_mutex
                0x20004105                __lock___at_quick_exit_mutex
                0x20004106                __lock___dd_hash_mutex
                0x20004107                __lock___tz_mutex
                0x20004108                __lock___sfp_recursive_mutex
 *fill*         0x20004109        0x3 
 COMMON         0x2000410c        0x4 c:/program files (x86)/gnu tools arm embedded/9 2019-q4-major/bin/../lib/gcc/arm-none-eabi/9.2.1/../../../../arm-none-eabi/lib/thumb/v7e-m+fp/hard\libc_nano.a(lib_a-reent.o)
                0x2000410c                errno
                0x20004110                . = ALIGN (0x4)
                0x20004110                __bss_end__ = .

.heap           0x20004110     0x2000
                0x20004110                __HeapBase = .
                0x20004110                __end__ = .
                0x20004110                PROVIDE (end = .)
 *(.heap*)
 .heap          0x20004110     0x2000 _build/nrf52840_xxaa/gcc_startup_nrf52840.S.o
                0x20006110                __HeapLimit = .

.stack_dummy    0x20004110     0x2000
 *(.stack*)
 .stack         0x20004110     0x2000 _build/nrf52840_xxaa/gcc_startup_nrf52840.S.o
                0x20040000                __StackTop = (ORIGIN (RAM) + LENGTH (RAM))
                0x2003e000                __StackLimit = (__StackTop - SIZEOF (.stack_dummy))
                0x20040000                PROVIDE (__stack = __StackTop)
                0x00000001                ASSERT ((__StackLimit >= __HeapLimit), region RAM overflowed with stack)
                0x000000c0                DataInitFlashUsed = (__bss_start__ - __data_start__)
                0x00009c4c                CodeFlashUsed = (__etext - ORIGIN (FLASH))
                0x00009d0c                TotalFlashUsed = (CodeFlashUsed + DataInitFlashUsed)
                0x00000001                ASSERT ((TotalFlashUsed <= LENGTH (FLASH)), region FLASH overflowed with .data and user data)
OUTPUT(_build/nrf52840_xxaa.out elf32-littlearm)

.ARM.attributes
                0x00000000       0x30
 .ARM.attributes
                0x00000000       0x1e c:/program files (x86)/gnu tools arm embedded/9 2019-q4-major/bin/../lib/gcc/arm-none-eabi/9.2.1/thumb/v7e-m+fp/hard/crti.o
 .ARM.attributes
                0x0000001e       0x34 c:/program files (x86)/gnu tools arm embedded/9 2019-q4-major/bin/../lib/gcc/arm-none-eabi/9.2.1/thumb/v7e-m+fp/hard/crtbegin.o
 .ARM.attributes
                0x00000052       0x1c c:/program files (x86)/gnu tools arm embedded/9 2019-q4-major/bin/../lib/gcc/arm-none-eabi/9.2.1/../../../../arm-none-eabi/lib/thumb/v7e-m+fp/hard/crt0.o
 .ARM.attributes
                0x0000006e       0x20 _build/nrf52840_xxaa/gcc_startup_nrf52840.S.o
 .ARM.attributes
                0x0000008e       0x34 _build/nrf52840_xxaa/nrf_log_backend_rtt.c.o
 .ARM.attributes
                0x000000c2       0x34 _build/nrf52840_xxaa/nrf_log_backend_serial.c.o
 .ARM.attributes
                0x000000f6       0x34 _build/nrf52840_xxaa/nrf_log_default_backends.c.o
 .ARM.attributes
                0x0000012a       0x34 _build/nrf52840_xxaa/nrf_log_frontend.c.o
 .ARM.attributes
                0x0000015e       0x34 _build/nrf52840_xxaa/nrf_log_str_formatter.c.o
 .ARM.attributes
                0x00000192       0x34 _build/nrf52840_xxaa/app_button.c.o
 .ARM.attributes
                0x000001c6       0x34 _build/nrf52840_xxaa/app_error.c.o
 .ARM.attributes
                0x000001fa       0x34 _build/nrf52840_xxaa/app_error_weak.c.o
 .ARM.attributes
                0x0000022e       0x34 _build/nrf52840_xxaa/app_fifo.c.o
 .ARM.attributes
                0x00000262       0x34 _build/nrf52840_xxaa/app_timer.c.o
 .ARM.attributes
                0x00000296       0x34 _build/nrf52840_xxaa/app_uart_fifo.c.o
 .ARM.attributes
                0x000002ca       0x34 _build/nrf52840_xxaa/app_util_platform.c.o
 .ARM.attributes
                0x000002fe       0x34 _build/nrf52840_xxaa/nrf_atflags.c.o
 .ARM.attributes
                0x00000332       0x34 _build/nrf52840_xxaa/nrf_atomic.c.o
 .ARM.attributes
                0x00000366       0x34 _build/nrf52840_xxaa/nrf_balloc.c.o
 .ARM.attributes
                0x0000039a       0x34 _build/nrf52840_xxaa/nrf_fprintf.c.o
 .ARM.attributes