Archive member included to satisfy reference by file (symbol)

c:/program files (x86)/gnu tools arm embedded/9 2019-q4-major/bin/../lib/gcc/arm-none-eabi/9.2.1/../../../../arm-none-eabi/lib/thumb/v7e-m+fp/hard\libc_nano.a(lib_a-ctype_.o)
                              _build/nrf52840_xxaa/nrf_log_str_formatter.c.o (_ctype_)
c:/program files (x86)/gnu tools arm embedded/9 2019-q4-major/bin/../lib/gcc/arm-none-eabi/9.2.1/../../../../arm-none-eabi/lib/thumb/v7e-m+fp/hard\libc_nano.a(lib_a-exit.o)
                              c:/program files (x86)/gnu tools arm embedded/9 2019-q4-major/bin/../lib/gcc/arm-none-eabi/9.2.1/../../../../arm-none-eabi/lib/thumb/v7e-m+fp/hard/crt0.o (exit)
c:/program files (x86)/gnu tools arm embedded/9 2019-q4-major/bin/../lib/gcc/arm-none-eabi/9.2.1/../../../../arm-none-eabi/lib/thumb/v7e-m+fp/hard\libc_nano.a(lib_a-impure.o)
                              c:/program files (x86)/gnu tools arm embedded/9 2019-q4-major/bin/../lib/gcc/arm-none-eabi/9.2.1/../../../../arm-none-eabi/lib/thumb/v7e-m+fp/hard\libc_nano.a(lib_a-exit.o) (_global_impure_ptr)
c:/program files (x86)/gnu tools arm embedded/9 2019-q4-major/bin/../lib/gcc/arm-none-eabi/9.2.1/../../../../arm-none-eabi/lib/thumb/v7e-m+fp/hard\libc_nano.a(lib_a-init.o)
                              c:/program files (x86)/gnu tools arm embedded/9 2019-q4-major/bin/../lib/gcc/arm-none-eabi/9.2.1/../../../../arm-none-eabi/lib/thumb/v7e-m+fp/hard/crt0.o (__libc_init_array)
c:/program files (x86)/gnu tools arm embedded/9 2019-q4-major/bin/../lib/gcc/arm-none-eabi/9.2.1/../../../../arm-none-eabi/lib/thumb/v7e-m+fp/hard\libc_nano.a(lib_a-memcmp.o)
                              _build/nrf52840_xxaa/ble_advdata.c.o (memcmp)
c:/program files (x86)/gnu tools arm embedded/9 2019-q4-major/bin/../lib/gcc/arm-none-eabi/9.2.1/../../../../arm-none-eabi/lib/thumb/v7e-m+fp/hard\libc_nano.a(lib_a-memcpy-stub.o)
                              _build/nrf52840_xxaa/nrf_log_frontend.c.o (memcpy)
c:/program files (x86)/gnu tools arm embedded/9 2019-q4-major/bin/../lib/gcc/arm-none-eabi/9.2.1/../../../../arm-none-eabi/lib/thumb/v7e-m+fp/hard\libc_nano.a(lib_a-memset.o)
                              c:/program files (x86)/gnu tools arm embedded/9 2019-q4-major/bin/../lib/gcc/arm-none-eabi/9.2.1/../../../../arm-none-eabi/lib/thumb/v7e-m+fp/hard/crt0.o (memset)
c:/program files (x86)/gnu tools arm embedded/9 2019-q4-major/bin/../lib/gcc/arm-none-eabi/9.2.1/../../../../arm-none-eabi/lib/thumb/v7e-m+fp/hard\libc_nano.a(lib_a-printf.o)
                              _build/nrf52840_xxaa/main.c.o (printf)
c:/program files (x86)/gnu tools arm embedded/9 2019-q4-major/bin/../lib/gcc/arm-none-eabi/9.2.1/../../../../arm-none-eabi/lib/thumb/v7e-m+fp/hard\libc_nano.a(lib_a-strcpy.o)
                              _build/nrf52840_xxaa/SEGGER_RTT.c.o (strcpy)
c:/program files (x86)/gnu tools arm embedded/9 2019-q4-major/bin/../lib/gcc/arm-none-eabi/9.2.1/../../../../arm-none-eabi/lib/thumb/v7e-m+fp/hard\libc_nano.a(lib_a-strlen.o)
                              _build/nrf52840_xxaa/nrf_log_frontend.c.o (strlen)
c:/program files (x86)/gnu tools arm embedded/9 2019-q4-major/bin/../lib/gcc/arm-none-eabi/9.2.1/../../../../arm-none-eabi/lib/thumb/v7e-m+fp/hard\libc_nano.a(lib_a-findfp.o)
                              c:/program files (x86)/gnu tools arm embedded/9 2019-q4-major/bin/../lib/gcc/arm-none-eabi/9.2.1/../../../../arm-none-eabi/lib/thumb/v7e-m+fp/hard\libc_nano.a(lib_a-printf.o) (__sinit)
c:/program files (x86)/gnu tools arm embedded/9 2019-q4-major/bin/../lib/gcc/arm-none-eabi/9.2.1/../../../../arm-none-eabi/lib/thumb/v7e-m+fp/hard\libc_nano.a(lib_a-fwalk.o)
                              c:/program files (x86)/gnu tools arm embedded/9 2019-q4-major/bin/../lib/gcc/arm-none-eabi/9.2.1/../../../../arm-none-eabi/lib/thumb/v7e-m+fp/hard\libc_nano.a(lib_a-findfp.o) (_fwalk)
c:/program files (x86)/gnu tools arm embedded/9 2019-q4-major/bin/../lib/gcc/arm-none-eabi/9.2.1/../../../../arm-none-eabi/lib/thumb/v7e-m+fp/hard\libc_nano.a(lib_a-lock.o)
                              c:/program files (x86)/gnu tools arm embedded/9 2019-q4-major/bin/../lib/gcc/arm-none-eabi/9.2.1/../../../../arm-none-eabi/lib/thumb/v7e-m+fp/hard\libc_nano.a(lib_a-findfp.o) (__retarget_lock_init_recursive)
c:/program files (x86)/gnu tools arm embedded/9 2019-q4-major/bin/../lib/gcc/arm-none-eabi/9.2.1/../../../../arm-none-eabi/lib/thumb/v7e-m+fp/hard\libc_nano.a(lib_a-nano-mallocr.o)
                              c:/program files (x86)/gnu tools arm embedded/9 2019-q4-major/bin/../lib/gcc/arm-none-eabi/9.2.1/../../../../arm-none-eabi/lib/thumb/v7e-m+fp/hard\libc_nano.a(lib_a-findfp.o) (_malloc_r)
c:/program files (x86)/gnu tools arm embedded/9 2019-q4-major/bin/../lib/gcc/arm-none-eabi/9.2.1/../../../../arm-none-eabi/lib/thumb/v7e-m+fp/hard\libc_nano.a(lib_a-nano-vfprintf.o)
[...]
Memory Configuration

Name             Origin             Length             Attributes
FLASH            0x00026000         0x000ce000         xr
RAM              0x20002ae8         0x0003d518         xrw
*default*        0x00000000         0xffffffff

Linker script and memory map


.text           0x00026000     0x967c
 *(.isr_vector)
 .isr_vector    0x00026000      0x200 _build/nrf52840_xxaa/gcc_startup_nrf52840.S.o
                0x00026000                __isr_vector
 *(.text*)
 .text          0x00026200       0x40 c:/program files (x86)/gnu tools arm embedded/9 2019-q4-major/bin/../lib/gcc/arm-none-eabi/9.2.1/thumb/v7e-m+fp/hard/crtbegin.o
 .text          0x00026240       0x74 c:/program files (x86)/gnu tools arm embedded/9 2019-q4-major/bin/../lib/gcc/arm-none-eabi/9.2.1/../../../../arm-none-eabi/lib/thumb/v7e-m+fp/hard/crt0.o
                0x00026240                _start
                0x00026240                _mainCRTStartup
 .text          0x000262b4       0x3c _build/nrf52840_xxaa/gcc_startup_nrf52840.S.o
                0x000262b4                Reset_Handler
                0x000262dc                NMI_Handler
                0x000262de                HardFault_Handler
                0x000262e0                MemoryManagement_Handler
                0x000262e2                BusFault_Handler
                0x000262e4                UsageFault_Handler
                0x000262e6                SVC_Handler
                0x000262e8                DebugMon_Handler
                0x000262ea                PendSV_Handler
                0x000262ec                SysTick_Handler
                0x000262ee                PDM_IRQHandler
                0x000262ee                TEMP_IRQHandler
                0x000262ee                QDEC_IRQHandler
                0x000262ee                TIMER3_IRQHandler
                0x000262ee                PWM3_IRQHandler
                0x000262ee                RTC0_IRQHandler
                0x000262ee                USBD_IRQHandler
                0x000262ee                SPIM0_SPIS0_TWIM0_TWIS0_SPI0_TWI0_IRQHandler
                0x000262ee                PWM1_IRQHandler
                0x000262ee                TIMER4_IRQHandler
                0x000262ee                RADIO_IRQHandler
                0x000262ee                I2S_IRQHandler
                0x000262ee                SWI4_EGU4_IRQHandler
                0x000262ee                FPU_IRQHandler
                0x000262ee                TIMER2_IRQHandler
                0x000262ee                UARTE1_IRQHandler
                0x000262ee                TIMER1_IRQHandler
                0x000262ee                SPIM3_IRQHandler
                0x000262ee                PWM2_IRQHandler
                0x000262ee                ECB_IRQHandler
                0x000262ee                SPIM1_SPIS1_TWIM1_TWIS1_SPI1_TWI1_IRQHandler
                0x000262ee                Default_Handler
                0x000262ee                SAADC_IRQHandler
                0x000262ee                CCM_AAR_IRQHandler
                0x000262ee                WDT_IRQHandler
                0x000262ee                CRYPTOCELL_IRQHandler
                0x000262ee                SWI5_EGU5_IRQHandler
                0x000262ee                RNG_IRQHandler
                0x000262ee                RTC2_IRQHandler
                0x000262ee                PWM0_IRQHandler
                0x000262ee                SWI3_EGU3_IRQHandler
                0x000262ee                SWI1_EGU1_IRQHandler
                0x000262ee                SPIM2_SPIS2_SPI2_IRQHandler
                0x000262ee                NFCT_IRQHandler
                0x000262ee                SWI0_EGU0_IRQHandler
                0x000262ee                MWU_IRQHandler
                0x000262ee                TIMER0_IRQHandler
                0x000262ee                QSPI_IRQHandler
                0x000262ee                COMP_LPCOMP_IRQHandler
 .text.nrf_log_backend_rtt_flush
                0x000262f0        0x4 _build/nrf52840_xxaa/nrf_log_backend_rtt.c.o
 .text.nrf_log_backend_rtt_put
                0x000262f4       0x20 _build/nrf52840_xxaa/nrf_log_backend_rtt.c.o
 .text.serial_tx
                0x00026314       0x54 _build/nrf52840_xxaa/nrf_log_backend_rtt.c.o
 .text.nrf_log_backend_rtt_panic_set
                0x00026368        0x4 _build/nrf52840_xxaa/nrf_log_backend_rtt.c.o
 .text.nrf_log_backend_rtt_init
                0x0002636c        0x4 _build/nrf52840_xxaa/nrf_log_backend_rtt.c.o
                0x0002636c                nrf_log_backend_rtt_init
 .text.nrf_log_backend_serial_put
                0x00026370       0xd8 _build/nrf52840_xxaa/nrf_log_backend_serial.c.o
                0x00026370                nrf_log_backend_serial_put
 .text.nrf_log_default_backends_init
                0x00026448       0x20 _build/nrf52840_xxaa/nrf_log_default_backends.c.o
                0x00026448                nrf_log_default_backends_init
 .text.nrf_log_init
                0x00026468       0x28 _build/nrf52840_xxaa/nrf_log_frontend.c.o
                0x00026468                nrf_log_init
 .text.nrf_log_module_name_get
                0x00026490       0x48 _build/nrf52840_xxaa/nrf_log_frontend.c.o
                0x00026490                nrf_log_module_name_get
 .text.nrf_log_color_id_get
                0x000264d8       0x2c _build/nrf52840_xxaa/nrf_log_frontend.c.o
                0x000264d8                nrf_log_color_id_get
 .text.nrf_log_frontend_dequeue
                0x00026504      0x250 _build/nrf52840_xxaa/nrf_log_frontend.c.o
                0x00026504                nrf_log_frontend_dequeue
 .text.nrf_log_frontend_std_0
                0x00026754      0x188 _build/nrf52840_xxaa/nrf_log_frontend.c.o
                0x00026754                nrf_log_frontend_std_0
 .text.nrf_log_frontend_std_1
                0x000268dc      0x19c _build/nrf52840_xxaa/nrf_log_frontend.c.o
                0x000268dc                nrf_log_frontend_std_1
 .text.nrf_log_frontend_std_2
                0x00026a78      0x1b0 _build/nrf52840_xxaa/nrf_log_frontend.c.o
                0x00026a78                nrf_log_frontend_std_2
 .text.nrf_log_backend_add
                0x00026c28       0x5c _build/nrf52840_xxaa/nrf_log_frontend.c.o
                0x00026c28                nrf_log_backend_add
 .text.nrf_log_panic
                0x00026c84       0x28 _build/nrf52840_xxaa/nrf_log_frontend.c.o
                0x00026c84                nrf_log_panic
 .text.prefix_process
                0x00026cac       0x80 _build/nrf52840_xxaa/nrf_log_str_formatter.c.o
 .text.nrf_log_std_entry_process
                0x00026d2c       0xf0 _build/nrf52840_xxaa/nrf_log_str_formatter.c.o
                0x00026d2c                nrf_log_std_entry_process
 .text.nrf_log_hexdump_entry_process
                0x00026e1c       0xfc _build/nrf52840_xxaa/nrf_log_str_formatter.c.o
                0x00026e1c                nrf_log_hexdump_entry_process
 .text.gpiote_event_handler
                0x00026f18       0x74 _build/nrf52840_xxaa/app_button.c.o
 .text.detection_delay_timeout_handler
                0x00026f8c      0x264 _build/nrf52840_xxaa/app_button.c.o
 .text.app_button_init
                0x000271f0       0xc0 _build/nrf52840_xxaa/app_button.c.o
                0x000271f0                app_button_init
 .text.app_button_enable
                0x000272b0       0x2c _build/nrf52840_xxaa/app_button.c.o
                0x000272b0                app_button_enable
 .text.app_error_handler_bare
                0x000272dc       0x20 _build/nrf52840_xxaa/app_error.c.o
                0x000272dc                app_error_handler_bare
 .text.app_error_fault_handler
                0x000272fc       0x70 _build/nrf52840_xxaa/app_error_weak.c.o
                0x000272fc                app_error_fault_handler
 .text.app_fifo_init
                0x0002736c       0x20 _build/nrf52840_xxaa/app_fifo.c.o
                0x0002736c                app_fifo_init
 .text.app_fifo_put
                0x0002738c       0x30 _build/nrf52840_xxaa/app_fifo.c.o
                0x0002738c                app_fifo_put
 .text.app_fifo_get
                0x000273bc       0x2c _build/nrf52840_xxaa/app_fifo.c.o
                0x000273bc                app_fifo_get
 .text.compare_func
                0x000273e8       0x18 _build/nrf52840_xxaa/app_timer2.c.o
 .text.rtc_irq  0x00027400      0x318 _build/nrf52840_xxaa/app_timer2.c.o
 .text.app_timer_init
                0x00027718       0x6c _build/nrf52840_xxaa/app_timer2.c.o
                0x00027718                app_timer_init
 .text.app_timer_create
                0x00027784       0x1c _build/nrf52840_xxaa/app_timer2.c.o
                0x00027784                app_timer_create
 .text.app_timer_start
                0x000277a0       0x8c _build/nrf52840_xxaa/app_timer2.c.o
                0x000277a0                app_timer_start
 .text.app_timer_stop
                0x0002782c       0x44 _build/nrf52840_xxaa/app_timer2.c.o
                0x0002782c                app_timer_stop
 .text.uart_event_handler
                0x00027870      0x120 _build/nrf52840_xxaa/app_uart_fifo.c.o
 .text.app_uart_init
                0x00027990       0xf8 _build/nrf52840_xxaa/app_uart_fifo.c.o
                0x00027990                app_uart_init
 .text.app_uart_get
                0x00027a88       0x5c _build/nrf52840_xxaa/app_uart_fifo.c.o
                0x00027a88                app_uart_get
 .text.app_uart_put
                0x00027ae4       0x74 _build/nrf52840_xxaa/app_uart_fifo.c.o
                0x00027ae4                app_uart_put
 .text.app_util_critical_region_enter
                0x00027b58       0x4c _build/nrf52840_xxaa/app_util_platform.c.o
                0x00027b58                app_util_critical_region_enter
 .text.app_util_critical_region_exit
                0x00027ba4       0x30 _build/nrf52840_xxaa/app_util_platform.c.o
                0x00027ba4                app_util_critical_region_exit
 .text.drv_rtc_init
                0x00027bd4       0xc0 _build/nrf52840_xxaa/drv_rtc.c.o
                0x00027bd4                drv_rtc_init
 .text.drv_rtc_start
                0x00027c94        0x8 _build/nrf52840_xxaa/drv_rtc.c.o
                0x00027c94                drv_rtc_start
 .text.drv_rtc_stop
                0x00027c9c        0x8 _build/nrf52840_xxaa/drv_rtc.c.o
                0x00027c9c                drv_rtc_stop
 .text.drv_rtc_compare_set
                0x00027ca4       0x4c _build/nrf52840_xxaa/drv_rtc.c.o
                0x00027ca4                drv_rtc_compare_set
 .text.drv_rtc_windowed_compare_set
                0x00027cf0       0xf8 _build/nrf52840_xxaa/drv_rtc.c.o
                0x00027cf0                drv_rtc_windowed_compare_set
 .text.drv_rtc_overflow_enable
                0x00027de8       0x14 _build/nrf52840_xxaa/drv_rtc.c.o
                0x00027de8                drv_rtc_overflow_enable
 .text.drv_rtc_overflow_pending
                0x00027dfc       0x20 _build/nrf52840_xxaa/drv_rtc.c.o
                0x00027dfc                drv_rtc_overflow_pending
 .text.drv_rtc_compare_disable
                0x00027e1c       0x18 _build/nrf52840_xxaa/drv_rtc.c.o
                0x00027e1c                drv_rtc_compare_disable
 .text.drv_rtc_compare_pending
                0x00027e34       0x20 _build/nrf52840_xxaa/drv_rtc.c.o
                0x00027e34                drv_rtc_compare_pending
 .text.drv_rtc_counter_get
                0x00027e54        0x8 _build/nrf52840_xxaa/drv_rtc.c.o
                0x00027e54                drv_rtc_counter_get
 .text.drv_rtc_irq_trigger
                0x00027e5c       0x24 _build/nrf52840_xxaa/drv_rtc.c.o
                0x00027e5c                drv_rtc_irq_trigger
 .text.RTC1_IRQHandler
                0x00027e80       0x14 _build/nrf52840_xxaa/drv_rtc.c.o
                0x00027e80                RTC1_IRQHandler
 .text.nrf_atfifo_init
                0x00027e94       0x30 _build/nrf52840_xxaa/nrf_atfifo.c.o
                0x00027e94                nrf_atfifo_init
 .text.nrf_atfifo_item_alloc
                0x00027ec4       0x5c _build/nrf52840_xxaa/nrf_atfifo.c.o
                0x00027ec4                nrf_atfifo_item_alloc
 .text.nrf_atfifo_item_put
                0x00027f20       0x20 _build/nrf52840_xxaa/nrf_atfifo.c.o
                0x00027f20                nrf_atfifo_item_put
 .text.nrf_atfifo_item_get
                0x00027f40       0x60 _build/nrf52840_xxaa/nrf_atfifo.c.o
                0x00027f40                nrf_atfifo_item_get
 .text.nrf_atfifo_item_free
                0x00027fa0       0x20 _build/nrf52840_xxaa/nrf_atfifo.c.o
                0x00027fa0                nrf_atfifo_item_free
 .text.nrf_atflags_set
                0x00027fc0       0x14 _build/nrf52840_xxaa/nrf_atflags.c.o
                0x00027fc0                nrf_atflags_set
 .text.nrf_atflags_clear
                0x00027fd4       0x14 _build/nrf52840_xxaa/nrf_atflags.c.o
                0x00027fd4                nrf_atflags_clear
 .text.nrf_atflags_get
                0x00027fe8       0x14 _build/nrf52840_xxaa/nrf_atflags.c.o
                0x00027fe8                nrf_atflags_get
 .text.nrf_atomic_u32_fetch_store
                0x00027ffc       0x1c _build/nrf52840_xxaa/nrf_atomic.c.o
                0x00027ffc                nrf_atomic_u32_fetch_store
 .text.nrf_atomic_u32_or
                0x00028018       0x1c _build/nrf52840_xxaa/nrf_atomic.c.o
                0x00028018                nrf_atomic_u32_or
 .text.nrf_atomic_u32_and
                0x00028034       0x1c _build/nrf52840_xxaa/nrf_atomic.c.o
                0x00028034                nrf_atomic_u32_and
 .text.nrf_atomic_u32_add
                0x00028050       0x1c _build/nrf52840_xxaa/nrf_atomic.c.o
                0x00028050                nrf_atomic_u32_add
 .text.nrf_atomic_u32_sub
                0x0002806c       0x1c _build/nrf52840_xxaa/nrf_atomic.c.o
                0x0002806c                nrf_atomic_u32_sub
 .text.nrf_atomic_flag_set
                0x00028088       0x20 _build/nrf52840_xxaa/nrf_atomic.c.o
                0x00028088                nrf_atomic_flag_set
 .text.nrf_atomic_flag_clear_fetch
                0x000280a8       0x20 _build/nrf52840_xxaa/nrf_atomic.c.o
                0x000280a8                nrf_atomic_flag_clear_fetch
 .text.nrf_balloc_init
                0x000280c8       0x38 _build/nrf52840_xxaa/nrf_balloc.c.o
                0x000280c8                nrf_balloc_init
 .text.nrf_balloc_alloc
                0x00028100       0x50 _build/nrf52840_xxaa/nrf_balloc.c.o
                0x00028100                nrf_balloc_alloc
 .text.nrf_balloc_free
                0x00028150       0x38 _build/nrf52840_xxaa/nrf_balloc.c.o
                0x00028150                nrf_balloc_free
 .text.nrf_fprintf_buffer_flush
                0x00028188       0x18 _build/nrf52840_xxaa/nrf_fprintf.c.o
                0x00028188                nrf_fprintf_buffer_flush
 .text.nrf_fprintf
                0x000281a0       0x20 _build/nrf52840_xxaa/nrf_fprintf.c.o
                0x000281a0                nrf_fprintf
 .text.unsigned_print
                0x000281c0      0x14c _build/nrf52840_xxaa/nrf_fprintf_format.c.o
 .text.nrf_fprintf_fmt
                0x0002830c      0x5cc _build/nrf52840_xxaa/nrf_fprintf_format.c.o
                0x0002830c                nrf_fprintf_fmt
 .text.nrf_memobj_pool_init
                0x000288d8        0x4 _build/nrf52840_xxaa/nrf_memobj.c.o
                0x000288d8                nrf_memobj_pool_init
 .text.nrf_memobj_alloc
                0x000288dc       0x94 _build/nrf52840_xxaa/nrf_memobj.c.o
                0x000288dc                nrf_memobj_alloc
 .text.nrf_memobj_get
                0x00028970        0x8 _build/nrf52840_xxaa/nrf_memobj.c.o
                0x00028970                nrf_memobj_get
 .text.nrf_memobj_put
                0x00028978       0x58 _build/nrf52840_xxaa/nrf_memobj.c.o
                0x00028978                nrf_memobj_put
 .text.nrf_memobj_write
                0x000289d0       0x68 _build/nrf52840_xxaa/nrf_memobj.c.o
                0x000289d0                nrf_memobj_write
 .text.nrf_memobj_read
                0x00028a38       0x68 _build/nrf52840_xxaa/nrf_memobj.c.o
                0x00028a38                nrf_memobj_read
 .text.sd_app_evt_wait
                0x00028aa0        0x4 _build/nrf52840_xxaa/nrf_pwr_mgmt.c.o
 .text.nrf_pwr_mgmt_init
                0x00028aa4       0x2c _build/nrf52840_xxaa/nrf_pwr_mgmt.c.o
                0x00028aa4                nrf_pwr_mgmt_init
 .text.nrf_pwr_mgmt_run
                0x00028ad0       0x54 _build/nrf52840_xxaa/nrf_pwr_mgmt.c.o
                0x00028ad0                nrf_pwr_mgmt_run
 .text.nrf_ringbuf_init
                0x00028b24       0x1c _build/nrf52840_xxaa/nrf_ringbuf.c.o
                0x00028b24                nrf_ringbuf_init
 .text.nrf_section_iter_init
                0x00028b40       0x14 _build/nrf52840_xxaa/nrf_section_iter.c.o
                0x00028b40                nrf_section_iter_init
 .text.nrf_section_iter_next
                0x00028b54       0x18 _build/nrf52840_xxaa/nrf_section_iter.c.o
                0x00028b54                nrf_section_iter_next
 .text.nrf_sortlist_add
                0x00028b6c       0x28 _build/nrf52840_xxaa/nrf_sortlist.c.o
                0x00028b6c                nrf_sortlist_add
 .text.nrf_sortlist_pop
                0x00028b94        0xc _build/nrf52840_xxaa/nrf_sortlist.c.o
                0x00028b94                nrf_sortlist_pop
 .text.nrf_sortlist_peek
                0x00028ba0        0x8 _build/nrf52840_xxaa/nrf_sortlist.c.o
                0x00028ba0                nrf_sortlist_peek
 .text.nrf_sortlist_remove
                0x00028ba8       0x1c _build/nrf52840_xxaa/nrf_sortlist.c.o
                0x00028ba8                nrf_sortlist_remove
 .text.nrf_strerror_get
                0x00028bc4       0x50 _build/nrf52840_xxaa/nrf_strerror.c.o
                0x00028bc4                nrf_strerror_get
 .text._write   0x00028c14       0x1c _build/nrf52840_xxaa/retarget.c.o
                0x00028c14                _write
 .text._read    0x00028c30       0x14 _build/nrf52840_xxaa/retarget.c.o
                0x00028c30                _read
 .text.SystemInit
                0x00028c44      0x220 _build/nrf52840_xxaa/system_nrf52840.c.o
                0x00028c44                SystemInit
 .text.bsp_board_led_state_get
                0x00028e64       0x28 _build/nrf52840_xxaa/boards.c.o
                0x00028e64                bsp_board_led_state_get
 .text.bsp_board_led_on
                0x00028e8c       0x24 _build/nrf52840_xxaa/boards.c.o
                0x00028e8c                bsp_board_led_on
 .text.bsp_board_led_off
                0x00028eb0       0x24 _build/nrf52840_xxaa/boards.c.o
                0x00028eb0                bsp_board_led_off
 .text.bsp_board_leds_off
                0x00028ed4       0x14 _build/nrf52840_xxaa/boards.c.o
                0x00028ed4                bsp_board_leds_off
 .text.bsp_board_leds_on
                0x00028ee8       0x14 _build/nrf52840_xxaa/boards.c.o
                0x00028ee8                bsp_board_leds_on
 .text.bsp_board_led_invert
                0x00028efc       0x34 _build/nrf52840_xxaa/boards.c.o
                0x00028efc                bsp_board_led_invert
 .text.bsp_board_button_state_get
                0x00028f30       0x14 _build/nrf52840_xxaa/boards.c.o
                0x00028f30                bsp_board_button_state_get
 .text.bsp_board_pin_to_button_idx
                0x00028f44        0xc _build/nrf52840_xxaa/boards.c.o
                0x00028f44                bsp_board_pin_to_button_idx
 .text.bsp_board_button_idx_to_pin
                0x00028f50        0x4 _build/nrf52840_xxaa/boards.c.o
                0x00028f50                bsp_board_button_idx_to_pin
 .text.bsp_board_init
                0x00028f54       0x48 _build/nrf52840_xxaa/boards.c.o
                0x00028f54                bsp_board_init
 .text.clock_irq_handler
                0x00028f9c       0x44 _build/nrf52840_xxaa/nrf_drv_clock.c.o
 .text.soc_evt_handler
                0x00028fe0       0x28 _build/nrf52840_xxaa/nrf_drv_clock.c.o
 .text.sd_state_evt_handler
                0x00029008       0xc8 _build/nrf52840_xxaa/nrf_drv_clock.c.o
 .text.uarte_evt_handler
                0x000290d0       0x34 _build/nrf52840_xxaa/nrf_drv_uart.c.o
 .text.uart_evt_handler
                0x00029104       0x34 _build/nrf52840_xxaa/nrf_drv_uart.c.o
 .text.nrf_drv_uart_init
                0x00029138       0x88 _build/nrf52840_xxaa/nrf_drv_uart.c.o
                0x00029138                nrf_drv_uart_init
 .text.nrfx_clock_init
                0x000291c0       0x18 _build/nrf52840_xxaa/nrfx_clock.c.o
                0x000291c0                nrfx_clock_init
 .text.nrfx_clock_enable
                0x000291d8       0x24 _build/nrf52840_xxaa/nrfx_clock.c.o
                0x000291d8                nrfx_clock_enable
 .text.nrfx_clock_lfclk_stop
                0x000291fc       0x38 _build/nrf52840_xxaa/nrfx_clock.c.o
                0x000291fc                nrfx_clock_lfclk_stop
 .text.POWER_CLOCK_IRQHandler
                0x00029234       0x6c _build/nrf52840_xxaa/nrfx_clock.c.o
                0x00029234                POWER_CLOCK_IRQHandler
 .text.nrfx_gpiote_init
                0x000292a0       0xb0 _build/nrf52840_xxaa/nrfx_gpiote.c.o
                0x000292a0                nrfx_gpiote_init
 .text.nrfx_gpiote_is_init
                0x00029350       0x14 _build/nrf52840_xxaa/nrfx_gpiote.c.o
                0x00029350                nrfx_gpiote_is_init
 .text.nrfx_gpiote_in_init
                0x00029364      0x1e4 _build/nrf52840_xxaa/nrfx_gpiote.c.o
                0x00029364                nrfx_gpiote_in_init
 .text.nrfx_gpiote_in_event_enable
                0x00029548       0xd8 _build/nrf52840_xxaa/nrfx_gpiote.c.o
                0x00029548                nrfx_gpiote_in_event_enable
 .text.nrfx_gpiote_in_is_set
                0x00029620       0x20 _build/nrf52840_xxaa/nrfx_gpiote.c.o
                0x00029620                nrfx_gpiote_in_is_set
 .text.GPIOTE_IRQHandler
                0x00029640      0x500 _build/nrf52840_xxaa/nrfx_gpiote.c.o
                0x00029640                GPIOTE_IRQHandler
 .text.UARTE0_UART0_IRQHandler
                0x00029b40        0xc _build/nrf52840_xxaa/nrfx_prs.c.o
                0x00029b40                UARTE0_UART0_IRQHandler
 .text.nrfx_prs_acquire
                0x00029b4c       0x50 _build/nrf52840_xxaa/nrfx_prs.c.o
                0x00029b4c                nrfx_prs_acquire
 .text.nrfx_uart_0_irq_handler
                0x00029b9c      0x1c4 _build/nrf52840_xxaa/nrfx_uart.c.o
                0x00029b9c                nrfx_uart_0_irq_handler
 .text.nrfx_uart_init
                0x00029d60      0x1f0 _build/nrf52840_xxaa/nrfx_uart.c.o
                0x00029d60                nrfx_uart_init
 .text.nrfx_uart_tx
                0x00029f50       0xd0 _build/nrf52840_xxaa/nrfx_uart.c.o
                0x00029f50                nrfx_uart_tx
 .text.nrfx_uart_tx_in_progress
                0x0002a020       0x18 _build/nrf52840_xxaa/nrfx_uart.c.o
                0x0002a020                nrfx_uart_tx_in_progress
 .text.nrfx_uart_rx
                0x0002a038      0x148 _build/nrf52840_xxaa/nrfx_uart.c.o
                0x0002a038                nrfx_uart_rx
 .text.nrfx_uarte_0_irq_handler
                0x0002a180      0x168 _build/nrf52840_xxaa/nrfx_uarte.c.o
                0x0002a180                nrfx_uarte_0_irq_handler
 .text.nrfx_uarte_init
                0x0002a2e8      0x228 _build/nrf52840_xxaa/nrfx_uarte.c.o
                0x0002a2e8                nrfx_uarte_init
 .text.nrfx_uarte_tx
                0x0002a510       0xb4 _build/nrf52840_xxaa/nrfx_uarte.c.o
                0x0002a510                nrfx_uarte_tx
 .text.nrfx_uarte_tx_in_progress
                0x0002a5c4       0x1c _build/nrf52840_xxaa/nrfx_uarte.c.o
                0x0002a5c4                nrfx_uarte_tx_in_progress
 .text.nrfx_uarte_rx
                0x0002a5e0      0x130 _build/nrf52840_xxaa/nrfx_uarte.c.o
                0x0002a5e0                nrfx_uarte_rx
 .text.alert_timer_handler
                0x0002a710        0x8 _build/nrf52840_xxaa/bsp.c.o
 .text.bsp_button_event_handler
                0x0002a718       0x84 _build/nrf52840_xxaa/bsp.c.o
 .text.button_timer_handler
                0x0002a79c       0x28 _build/nrf52840_xxaa/bsp.c.o
 .text.leds_timer_handler
                0x0002a7c4      0x2c4 _build/nrf52840_xxaa/bsp.c.o
 .text.bsp_button_is_pressed
                0x0002aa88        0xc _build/nrf52840_xxaa/bsp.c.o
                0x0002aa88                bsp_button_is_pressed
 .text.bsp_indication_set
                0x0002aa94      0x304 _build/nrf52840_xxaa/bsp.c.o
                0x0002aa94                bsp_indication_set
 .text.bsp_init
                0x0002ad98       0xb0 _build/nrf52840_xxaa/bsp.c.o
                0x0002ad98                bsp_init
 .text.bsp_event_to_button_action_assign
                0x0002ae48       0x3c _build/nrf52840_xxaa/bsp.c.o
                0x0002ae48                bsp_event_to_button_action_assign
 .text.bsp_wakeup_button_enable
                0x0002ae84       0x40 _build/nrf52840_xxaa/bsp.c.o
                0x0002ae84                bsp_wakeup_button_enable
 .text.ble_evt_handler
                0x0002aec4       0xac _build/nrf52840_xxaa/bsp_btn_ble.c.o
 .text.bsp_btn_ble_sleep_mode_prepare
                0x0002af70       0x24 _build/nrf52840_xxaa/bsp_btn_ble.c.o
                0x0002af70                bsp_btn_ble_sleep_mode_prepare
 .text.bsp_btn_ble_init
                0x0002af94       0x6c _build/nrf52840_xxaa/bsp_btn_ble.c.o
                0x0002af94                bsp_btn_ble_init
 .text.sd_ble_gap_disconnect
                0x0002b000        0x4 _build/nrf52840_xxaa/main.c.o
 .text.sd_ble_gap_ppcp_set
                0x0002b004        0x4 _build/nrf52840_xxaa/main.c.o
 .text.sd_ble_gap_device_name_set
                0x0002b008        0x4 _build/nrf52840_xxaa/main.c.o
 .text.sd_ble_gap_sec_params_reply
                0x0002b00c        0x4 _build/nrf52840_xxaa/main.c.o
 .text.sd_ble_gap_phy_update
                0x0002b010        0x4 _build/nrf52840_xxaa/main.c.o
 .text.sd_ble_gatts_sys_attr_set
                0x0002b014        0x4 _build/nrf52840_xxaa/main.c.o
 .text.sd_power_system_off
                0x0002b018        0x4 _build/nrf52840_xxaa/main.c.o
 .text.nrf_qwr_error_handler
                0x0002b01c        0x4 _build/nrf52840_xxaa/main.c.o
 .text.ble_evt_handler
                0x0002b020       0xf8 _build/nrf52840_xxaa/main.c.o
 .text.gatt_evt_handler
                0x0002b118       0x50 _build/nrf52840_xxaa/main.c.o
                0x0002b118                gatt_evt_handler
 .text.on_conn_params_evt
                0x0002b168       0x24 _build/nrf52840_xxaa/main.c.o
 .text.bsp_event_handler
                0x0002b18c       0x70 _build/nrf52840_xxaa/main.c.o
                0x0002b18c                bsp_event_handler
 .text.uart_event_handle
                0x0002b1fc       0x98 _build/nrf52840_xxaa/main.c.o
                0x0002b1fc                uart_event_handle
 .text.nus_data_handler
                0x0002b294       0x80 _build/nrf52840_xxaa/main.c.o
 .text.conn_params_error_handler
                0x0002b314        0x4 _build/nrf52840_xxaa/main.c.o
 .text.on_adv_evt
                0x0002b318       0x40 _build/nrf52840_xxaa/main.c.o
 .text.gatt_init
                0x0002b358       0x38 _build/nrf52840_xxaa/main.c.o
                0x0002b358                gatt_init
 .text.startup.main
                0x0002b390      0x294 _build/nrf52840_xxaa/main.c.o
                0x0002b390                main
 .text.SEGGER_RTT_WriteNoLock
                0x0002b624      0x1bc _build/nrf52840_xxaa/SEGGER_RTT.c.o
                0x0002b624                SEGGER_RTT_WriteNoLock
 .text.SEGGER_RTT_Init
                0x0002b7e0       0x60 _build/nrf52840_xxaa/SEGGER_RTT.c.o
                0x0002b7e0                SEGGER_RTT_Init
 .text.sd_ble_gap_addr_get
                0x0002b840        0x4 _build/nrf52840_xxaa/ble_advdata.c.o
 .text.sd_ble_gap_appearance_get
                0x0002b844        0x4 _build/nrf52840_xxaa/ble_advdata.c.o
 .text.sd_ble_gap_device_name_get
                0x0002b848        0x4 _build/nrf52840_xxaa/ble_advdata.c.o
 .text.sd_ble_uuid_encode
                0x0002b84c        0x4 _build/nrf52840_xxaa/ble_advdata.c.o
 .text.uuid_list_sized_encode.isra.0
                0x0002b850       0xf0 _build/nrf52840_xxaa/ble_advdata.c.o
 .text.ble_advdata_encode
                0x0002b940      0x40c _build/nrf52840_xxaa/ble_advdata.c.o
                0x0002b940                ble_advdata_encode
 .text.ble_advdata_parse
                0x0002bd4c       0x4c _build/nrf52840_xxaa/ble_advdata.c.o
                0x0002bd4c                ble_advdata_parse
 .text.sd_ble_gap_adv_set_configure
                0x0002bd98        0x4 _build/nrf52840_xxaa/ble_advertising.c.o
 .text.sd_ble_gap_adv_start
                0x0002bd9c        0x4 _build/nrf52840_xxaa/ble_advertising.c.o
 .text.sd_ble_gap_adv_stop
                0x0002bda0        0x4 _build/nrf52840_xxaa/ble_advertising.c.o
 .text.ble_advertising_start.part.0
                0x0002bda4      0x2f0 _build/nrf52840_xxaa/ble_advertising.c.o
 .text.ble_advertising_conn_cfg_tag_set
                0x0002c094        0x8 _build/nrf52840_xxaa/ble_advertising.c.o
                0x0002c094                ble_advertising_conn_cfg_tag_set
 .text.ble_advertising_init
                0x0002c09c       0xf8 _build/nrf52840_xxaa/ble_advertising.c.o
                0x0002c09c                ble_advertising_init
 .text.ble_advertising_start
                0x0002c194        0xc _build/nrf52840_xxaa/ble_advertising.c.o
                0x0002c194                ble_advertising_start
 .text.ble_advertising_on_ble_evt
                0x0002c1a0       0x8c _build/nrf52840_xxaa/ble_advertising.c.o
                0x0002c1a0                ble_advertising_on_ble_evt
 .text.ble_advertising_restart_without_whitelist
                0x0002c22c       0x60 _build/nrf52840_xxaa/ble_advertising.c.o
                0x0002c22c                ble_advertising_restart_without_whitelist
 .text.sd_ble_gap_conn_param_update
                0x0002c28c        0x4 _build/nrf52840_xxaa/ble_conn_params.c.o
 .text.sd_ble_gap_disconnect
                0x0002c290        0x4 _build/nrf52840_xxaa/ble_conn_params.c.o
 .text.sd_ble_gap_ppcp_set
                0x0002c294        0x4 _build/nrf52840_xxaa/ble_conn_params.c.o
 .text.sd_ble_gap_ppcp_get
                0x0002c298        0x4 _build/nrf52840_xxaa/ble_conn_params.c.o
 .text.update_timeout_handler
                0x0002c29c       0x78 _build/nrf52840_xxaa/ble_conn_params.c.o
 .text.ble_evt_handler
                0x0002c314      0x1d4 _build/nrf52840_xxaa/ble_conn_params.c.o
 .text.ble_conn_params_init
                0x0002c4e8       0x78 _build/nrf52840_xxaa/ble_conn_params.c.o
                0x0002c4e8                ble_conn_params_init
 .text.ble_evt_handler
                0x0002c560      0x160 _build/nrf52840_xxaa/ble_conn_state.c.o
 .text.ble_conn_state_conn_idx
                0x0002c6c0       0x24 _build/nrf52840_xxaa/ble_conn_state.c.o
                0x0002c6c0                ble_conn_state_conn_idx
 .text.blcm_link_ctx_get
                0x0002c6e4       0x50 _build/nrf52840_xxaa/ble_link_ctx_manager.c.o
                0x0002c6e4                blcm_link_ctx_get
 .text.sd_ble_gatts_characteristic_add
                0x0002c734        0x4 _build/nrf52840_xxaa/ble_srv_common.c.o
 .text.ble_srv_is_notification_enabled
                0x0002c738        0x8 _build/nrf52840_xxaa/ble_srv_common.c.o
                0x0002c738                ble_srv_is_notification_enabled
 .text.characteristic_add
                0x0002c740      0x278 _build/nrf52840_xxaa/ble_srv_common.c.o
                0x0002c740                characteristic_add
 .text.sd_ble_gap_data_length_update
                0x0002c9b8        0x4 _build/nrf52840_xxaa/nrf_ble_gatt.c.o
 .text.sd_ble_gattc_exchange_mtu_request
                0x0002c9bc        0x4 _build/nrf52840_xxaa/nrf_ble_gatt.c.o
 .text.sd_ble_gatts_exchange_mtu_reply
                0x0002c9c0        0x4 _build/nrf52840_xxaa/nrf_ble_gatt.c.o
 .text.data_length_update.constprop.0
                0x0002c9c4       0x8c _build/nrf52840_xxaa/nrf_ble_gatt.c.o
 .text.nrf_ble_gatt_init
                0x0002ca50       0x30 _build/nrf52840_xxaa/nrf_ble_gatt.c.o
                0x0002ca50                nrf_ble_gatt_init
 .text.nrf_ble_gatt_att_mtu_periph_set
                0x0002ca80       0x18 _build/nrf52840_xxaa/nrf_ble_gatt.c.o
                0x0002ca80                nrf_ble_gatt_att_mtu_periph_set
 .text.nrf_ble_gatt_on_ble_evt
                0x0002ca98      0x1c8 _build/nrf52840_xxaa/nrf_ble_gatt.c.o
                0x0002ca98                nrf_ble_gatt_on_ble_evt
 .text.sd_ble_gatts_rw_authorize_reply
                0x0002cc60        0x4 _build/nrf52840_xxaa/nrf_ble_qwr.c.o
 .text.sd_ble_user_mem_reply
                0x0002cc64        0x4 _build/nrf52840_xxaa/nrf_ble_qwr.c.o
 .text.nrf_ble_qwr_init
                0x0002cc68       0x24 _build/nrf52840_xxaa/nrf_ble_qwr.c.o
                0x0002cc68                nrf_ble_qwr_init
 .text.nrf_ble_qwr_conn_handle_assign
                0x0002cc8c       0x18 _build/nrf52840_xxaa/nrf_ble_qwr.c.o
                0x0002cc8c                nrf_ble_qwr_conn_handle_assign
 .text.nrf_ble_qwr_on_ble_evt
                0x0002cca4       0xf4 _build/nrf52840_xxaa/nrf_ble_qwr.c.o
                0x0002cca4                nrf_ble_qwr_on_ble_evt
 .text.sd_ble_gatts_service_add
                0x0002cd98        0x4 _build/nrf52840_xxaa/ble_nus.c.o
 .text.sd_ble_gatts_value_get
                0x0002cd9c        0x4 _build/nrf52840_xxaa/ble_nus.c.o
 .text.sd_ble_gatts_hvx
                0x0002cda0        0x4 _build/nrf52840_xxaa/ble_nus.c.o
 .text.sd_ble_uuid_vs_add
                0x0002cda4        0x4 _build/nrf52840_xxaa/ble_nus.c.o
 .text.ble_nus_on_ble_evt
                0x0002cda8      0x144 _build/nrf52840_xxaa/ble_nus.c.o
                0x0002cda8                ble_nus_on_ble_evt
 .text.ble_nus_init
                0x0002ceec       0xe8 _build/nrf52840_xxaa/ble_nus.c.o
                0x0002ceec                ble_nus_init
 .text.ble_nus_data_send
                0x0002cfd4       0x6c _build/nrf52840_xxaa/ble_nus.c.o
                0x0002cfd4                ble_nus_data_send
 .text.sd_softdevice_enable
                0x0002d040        0x4 _build/nrf52840_xxaa/nrf_sdh.c.o
 .text.nrf_sdh_enable_request
                0x0002d044      0x118 _build/nrf52840_xxaa/nrf_sdh.c.o
                0x0002d044                nrf_sdh_enable_request
 .text.nrf_sdh_is_enabled
                0x0002d15c        0xc _build/nrf52840_xxaa/nrf_sdh.c.o
                0x0002d15c                nrf_sdh_is_enabled
 .text.SWI2_EGU2_IRQHandler
                0x0002d168       0x2c _build/nrf52840_xxaa/nrf_sdh.c.o
                0x0002d168                SWI2_EGU2_IRQHandler
 .text.sd_ble_enable
                0x0002d194        0x4 _build/nrf52840_xxaa/nrf_sdh_ble.c.o
 .text.sd_ble_cfg_set
                0x0002d198        0x4 _build/nrf52840_xxaa/nrf_sdh_ble.c.o
 .text.sd_ble_evt_get
                0x0002d19c        0x4 _build/nrf52840_xxaa/nrf_sdh_ble.c.o
 .text.nrf_sdh_ble_evts_poll.part.0
                0x0002d1a0       0x54 _build/nrf52840_xxaa/nrf_sdh_ble.c.o
 .text.nrf_sdh_ble_evts_poll
                0x0002d1f4       0x10 _build/nrf52840_xxaa/nrf_sdh_ble.c.o
 .text.nrf_sdh_ble_default_cfg_set
                0x0002d204      0x1bc _build/nrf52840_xxaa/nrf_sdh_ble.c.o
                0x0002d204                nrf_sdh_ble_default_cfg_set
 .text.nrf_sdh_ble_enable
                0x0002d3c0       0xa0 _build/nrf52840_xxaa/nrf_sdh_ble.c.o
                0x0002d3c0                nrf_sdh_ble_enable
 .text.sd_evt_get
                0x0002d460        0x4 _build/nrf52840_xxaa/nrf_sdh_soc.c.o
 .text.nrf_sdh_soc_evts_poll
                0x0002d464       0x4c _build/nrf52840_xxaa/nrf_sdh_soc.c.o
 .text.exit     0x0002d4b0       0x28 c:/program files (x86)/gnu tools arm embedded/9 2019-q4-major/bin/../lib/gcc/arm-none-eabi/9.2.1/../../../../arm-none-eabi/lib/thumb/v7e-m+fp/hard\libc_nano.a(lib_a-exit.o)
                0x0002d4b0                exit
 .text.__libc_init_array
                0x0002d4d8       0x48 c:/program files (x86)/gnu tools arm embedded/9 2019-q4-major/bin/../lib/gcc/arm-none-eabi/9.2.1/../../../../arm-none-eabi/lib/thumb/v7e-m+fp/hard\libc_nano.a(lib_a-init.o)
                0x0002d4d8                __libc_init_array
 .text.memcpy   0x0002d520       0x1c c:/program files (x86)/gnu tools arm embedded/9 2019-q4-major/bin/../lib/gcc/arm-none-eabi/9.2.1/../../../../arm-none-eabi/lib/thumb/v7e-m+fp/hard\libc_nano.a(lib_a-memcpy-stub.o)
                0x0002d520                memcpy
 .text.memset   0x0002d53c       0x10 c:/program files (x86)/gnu tools arm embedded/9 2019-q4-major/bin/../lib/gcc/arm-none-eabi/9.2.1/../../../../arm-none-eabi/lib/thumb/v7e-m+fp/hard\libc_nano.a(lib_a-memset.o)
                0x0002d53c                memset
 .text.printf   0x0002d54c       0x30 c:/program files (x86)/gnu tools arm embedded/9 2019-q4-major/bin/../lib/gcc/arm-none-eabi/9.2.1/../../../../arm-none-eabi/lib/thumb/v7e-m+fp/hard\libc_nano.a(lib_a-printf.o)
                0x0002d54c                iprintf
                0x0002d54c                printf
 .text.strcpy   0x0002d57c       0x10 c:/program files (x86)/gnu tools arm embedded/9 2019-q4-major/bin/../lib/gcc/arm-none-eabi/9.2.1/../../../../arm-none-eabi/lib/thumb/v7e-m+fp/hard\libc_nano.a(lib_a-strcpy.o)
                0x0002d57c                strcpy
 .text          0x0002d58c       0x10 c:/program files (x86)/gnu tools arm embedded/9 2019-q4-major/bin/../lib/gcc/arm-none-eabi/9.2.1/../../../../arm-none-eabi/lib/thumb/v7e-m+fp/hard\libc_nano.a(lib_a-strlen.o)
                0x0002d58c                strlen
 .text.std      0x0002d59c       0x48 c:/program files (x86)/gnu tools arm embedded/9 2019-q4-major/bin/../lib/gcc/arm-none-eabi/9.2.1/../../../../arm-none-eabi/lib/thumb/v7e-m+fp/hard\libc_nano.a(lib_a-findfp.o)
 .text._cleanup_r
                0x0002d5e4        0xc c:/program files (x86)/gnu tools arm embedded/9 2019-q4-major/bin/../lib/gcc/arm-none-eabi/9.2.1/../../../../arm-none-eabi/lib/thumb/v7e-m+fp/hard\libc_nano.a(lib_a-findfp.o)
                0x0002d5e4                _cleanup_r
 .text.__sfmoreglue
                0x0002d5f0       0x2c c:/program files (x86)/gnu tools arm embedded/9 2019-q4-major/bin/../lib/gcc/arm-none-eabi/9.2.1/../../../../arm-none-eabi/lib/thumb/v7e-m+fp/hard\libc_nano.a(lib_a-findfp.o)
                0x0002d5f0                __sfmoreglue
 .text.__sfp_lock_acquire
                0x0002d61c        0xc c:/program files (x86)/gnu tools arm embedded/9 2019-q4-major/bin/../lib/gcc/arm-none-eabi/9.2.1/../../../../arm-none-eabi/lib/thumb/v7e-m+fp/hard\libc_nano.a(lib_a-findfp.o)
                0x0002d61c                __sfp_lock_acquire
 .text.__sfp_lock_release
                0x0002d628        0xc c:/program files (x86)/gnu tools arm embedded/9 2019-q4-major/bin/../lib/gcc/arm-none-eabi/9.2.1/../../../../arm-none-eabi/lib/thumb/v7e-m+fp/hard\libc_nano.a(lib_a-findfp.o)
                0x0002d628                __sfp_lock_release
 .text.__sinit_lock_acquire
                0x0002d634        0xc c:/program files (x86)/gnu tools arm embedded/9 2019-q4-major/bin/../lib/gcc/arm-none-eabi/9.2.1/../../../../arm-none-eabi/lib/thumb/v7e-m+fp/hard\libc_nano.a(lib_a-findfp.o)
                0x0002d634                __sinit_lock_acquire
 .text.__sinit_lock_release
                0x0002d640        0xc c:/program files (x86)/gnu tools arm embedded/9 2019-q4-major/bin/../lib/gcc/arm-none-eabi/9.2.1/../../../../arm-none-eabi/lib/thumb/v7e-m+fp/hard\libc_nano.a(lib_a-findfp.o)
                0x0002d640                __sinit_lock_release
 .text.__sinit  0x0002d64c       0x70 c:/program files (x86)/gnu tools arm embedded/9 2019-q4-major/bin/../lib/gcc/arm-none-eabi/9.2.1/../../../../arm-none-eabi/lib/thumb/v7e-m+fp/hard\libc_nano.a(lib_a-findfp.o)
                0x0002d64c                __sinit
 .text.__sfp    0x0002d6bc       0x8c c:/program files (x86)/gnu tools arm embedded/9 2019-q4-major/bin/../lib/gcc/arm-none-eabi/9.2.1/../../../../arm-none-eabi/lib/thumb/v7e-m+fp/hard\libc_nano.a(lib_a-findfp.o)
                0x0002d6bc                __sfp
 .text._fwalk_reent
                0x0002d748       0x3e c:/program files (x86)/gnu tools arm embedded/9 2019-q4-major/bin/../lib/gcc/arm-none-eabi/9.2.1/../../../../arm-none-eabi/lib/thumb/v7e-m+fp/hard\libc_nano.a(lib_a-fwalk.o)
                0x0002d748                _fwalk_reent
 .text.__retarget_lock_init_recursive
                0x0002d786        0x2 c:/program files (x86)/gnu tools arm embedded/9 2019-q4-major/bin/../lib/gcc/arm-none-eabi/9.2.1/../../../../arm-none-eabi/lib/thumb/v7e-m+fp/hard\libc_nano.a(lib_a-lock.o)
                0x0002d786                __retarget_lock_init_recursive
 .text.__retarget_lock_acquire_recursive
                0x0002d788        0x2 c:/program files (x86)/gnu tools arm embedded/9 2019-q4-major/bin/../lib/gcc/arm-none-eabi/9.2.1/../../../../arm-none-eabi/lib/thumb/v7e-m+fp/hard\libc_nano.a(lib_a-lock.o)
                0x0002d788                __retarget_lock_acquire_recursive
 .text.__retarget_lock_release_recursive
                0x0002d78a        0x2 c:/program files (x86)/gnu tools arm embedded/9 2019-q4-major/bin/../lib/gcc/arm-none-eabi/9.2.1/../../../../arm-none-eabi/lib/thumb/v7e-m+fp/hard\libc_nano.a(lib_a-lock.o)
                0x0002d78a                __retarget_lock_release_recursive
 .text._malloc_r
                0x0002d78c       0xb4 c:/program files (x86)/gnu tools arm embedded/9 2019-q4-major/bin/../lib/gcc/arm-none-eabi/9.2.1/../../../../arm-none-eabi/lib/thumb/v7e-m+fp/hard\libc_nano.a(lib_a-nano-mallocr.o)
                0x0002d78c                _malloc_r
 .text.__sfputc_r
                0x0002d840       0x2e c:/program files (x86)/gnu tools arm embedded/9 2019-q4-major/bin/../lib/gcc/arm-none-eabi/9.2.1/../../../../arm-none-eabi/lib/thumb/v7e-m+fp/hard\libc_nano.a(lib_a-nano-vfprintf.o)
 .text.__sfputs_r
                0x0002d86e       0x24 c:/program files (x86)/gnu tools arm embedded/9 2019-q4-major/bin/../lib/gcc/arm-none-eabi/9.2.1/../../../../arm-none-eabi/lib/thumb/v7e-m+fp/hard\libc_nano.a(lib_a-nano-vfprintf.o)
                0x0002d86e                __sfputs_r
 *fill*         0x0002d892        0x2 
 .text._vfprintf_r
                0x0002d894      0x260 c:/program files (x86)/gnu tools arm embedded/9 2019-q4-major/bin/../lib/gcc/arm-none-eabi/9.2.1/../../../../arm-none-eabi/lib/thumb/v7e-m+fp/hard\libc_nano.a(lib_a-nano-vfprintf.o)
                0x0002d894                _vfprintf_r
                0x0002d894                _vfiprintf_r
 .text._printf_common
                0x0002daf4       0xda c:/program files (x86)/gnu tools arm embedded/9 2019-q4-major/bin/../lib/gcc/arm-none-eabi/9.2.1/../../../../arm-none-eabi/lib/thumb/v7e-m+fp/hard\libc_nano.a(lib_a-nano-vfprintf_i.o)
                0x0002daf4                _printf_common
 *fill*         0x0002dbce        0x2 
 .text._printf_i
                0x0002dbd0      0x24c c:/program files (x86)/gnu tools arm embedded/9 2019-q4-major/bin/../lib/gcc/arm-none-eabi/9.2.1/../../../../arm-none-eabi/lib/thumb/v7e-m+fp/hard\libc_nano.a(lib_a-nano-vfprintf_i.o)
                0x0002dbd0                _printf_i
 .text._sbrk_r  0x0002de1c       0x20 c:/program files (x86)/gnu tools arm embedded/9 2019-q4-major/bin/../lib/gcc/arm-none-eabi/9.2.1/../../../../arm-none-eabi/lib/thumb/v7e-m+fp/hard\libc_nano.a(lib_a-sbrkr.o)
                0x0002de1c                _sbrk_r
 .text.__sread  0x0002de3c       0x22 c:/program files (x86)/gnu tools arm embedded/9 2019-q4-major/bin/../lib/gcc/arm-none-eabi/9.2.1/../../../../arm-none-eabi/lib/thumb/v7e-m+fp/hard\libc_nano.a(lib_a-stdio.o)
                0x0002de3c                __sread
 .text.__swrite
                0x0002de5e       0x38 c:/program files (x86)/gnu tools arm embedded/9 2019-q4-major/bin/../lib/gcc/arm-none-eabi/9.2.1/../../../../arm-none-eabi/lib/thumb/v7e-m+fp/hard\libc_nano.a(lib_a-stdio.o)
                0x0002de5e                __swrite
 .text.__sseek  0x0002de96       0x24 c:/program files (x86)/gnu tools arm embedded/9 2019-q4-major/bin/../lib/gcc/arm-none-eabi/9.2.1/../../../../arm-none-eabi/lib/thumb/v7e-m+fp/hard\libc_nano.a(lib_a-stdio.o)
                0x0002de96                __sseek
 .text.__sclose
                0x0002deba        0x8 c:/program files (x86)/gnu tools arm embedded/9 2019-q4-major/bin/../lib/gcc/arm-none-eabi/9.2.1/../../../../arm-none-eabi/lib/thumb/v7e-m+fp/hard\libc_nano.a(lib_a-stdio.o)
                0x0002deba                __sclose
 *fill*         0x0002dec2        0x2 
 .text.__swbuf_r
                0x0002dec4       0xa4 c:/program files (x86)/gnu tools arm embedded/9 2019-q4-major/bin/../lib/gcc/arm-none-eabi/9.2.1/../../../../arm-none-eabi/lib/thumb/v7e-m+fp/hard\libc_nano.a(lib_a-wbuf.o)
                0x0002dec4                __swbuf_r
 .text._write_r
                0x0002df68       0x24 c:/program files (x86)/gnu tools arm embedded/9 2019-q4-major/bin/../lib/gcc/arm-none-eabi/9.2.1/../../../../arm-none-eabi/lib/thumb/v7e-m+fp/hard\libc_nano.a(lib_a-writer.o)
                0x0002df68                _write_r
 .text.__swsetup_r
                0x0002df8c       0xdc c:/program files (x86)/gnu tools arm embedded/9 2019-q4-major/bin/../lib/gcc/arm-none-eabi/9.2.1/../../../../arm-none-eabi/lib/thumb/v7e-m+fp/hard\libc_nano.a(lib_a-wsetup.o)
                0x0002df8c                __swsetup_r
 .text._close_r
                0x0002e068       0x20 c:/program files (x86)/gnu tools arm embedded/9 2019-q4-major/bin/../lib/gcc/arm-none-eabi/9.2.1/../../../../arm-none-eabi/lib/thumb/v7e-m+fp/hard\libc_nano.a(lib_a-closer.o)
                0x0002e068                _close_r
 .text.__sflush_r
                0x0002e088      0x10c c:/program files (x86)/gnu tools arm embedded/9 2019-q4-major/bin/../lib/gcc/arm-none-eabi/9.2.1/../../../../arm-none-eabi/lib/thumb/v7e-m+fp/hard\libc_nano.a(lib_a-fflush.o)
                0x0002e088                __sflush_r
 .text._fflush_r
                0x0002e194       0x78 c:/program files (x86)/gnu tools arm embedded/9 2019-q4-major/bin/../lib/gcc/arm-none-eabi/9.2.1/../../../../arm-none-eabi/lib/thumb/v7e-m+fp/hard\libc_nano.a(lib_a-fflush.o)
                0x0002e194                _fflush_r
 .text._lseek_r
                0x0002e20c       0x24 c:/program files (x86)/gnu tools arm embedded/9 2019-q4-major/bin/../lib/gcc/arm-none-eabi/9.2.1/../../../../arm-none-eabi/lib/thumb/v7e-m+fp/hard\libc_nano.a(lib_a-lseekr.o)
                0x0002e20c                _lseek_r
 .text.__swhatbuf_r
                0x0002e230       0x48 c:/program files (x86)/gnu tools arm embedded/9 2019-q4-major/bin/../lib/gcc/arm-none-eabi/9.2.1/../../../../arm-none-eabi/lib/thumb/v7e-m+fp/hard\libc_nano.a(lib_a-makebuf.o)
                0x0002e230                __swhatbuf_r
 .text.__smakebuf_r
                0x0002e278       0x80 c:/program files (x86)/gnu tools arm embedded/9 2019-q4-major/bin/../lib/gcc/arm-none-eabi/9.2.1/../../../../arm-none-eabi/lib/thumb/v7e-m+fp/hard\libc_nano.a(lib_a-makebuf.o)
                0x0002e278                __smakebuf_r
 *fill*         0x0002e2f8        0x8 
 .text          0x0002e300       0xa0 c:/program files (x86)/gnu tools arm embedded/9 2019-q4-major/bin/../lib/gcc/arm-none-eabi/9.2.1/../../../../arm-none-eabi/lib/thumb/v7e-m+fp/hard\libc_nano.a(lib_a-memchr.o)
                0x0002e300                memchr
 .text.__malloc_lock
                0x0002e3a0        0xc c:/program files (x86)/gnu tools arm embedded/9 2019-q4-major/bin/../lib/gcc/arm-none-eabi/9.2.1/../../../../arm-none-eabi/lib/thumb/v7e-m+fp/hard\libc_nano.a(lib_a-mlock.o)
                0x0002e3a0                __malloc_lock
 .text.__malloc_unlock
                0x0002e3ac        0xc c:/program files (x86)/gnu tools arm embedded/9 2019-q4-major/bin/../lib/gcc/arm-none-eabi/9.2.1/../../../../arm-none-eabi/lib/thumb/v7e-m+fp/hard\libc_nano.a(lib_a-mlock.o)
                0x0002e3ac                __malloc_unlock
 .text._free_r  0x0002e3b8       0xa0 c:/program files (x86)/gnu tools arm embedded/9 2019-q4-major/bin/../lib/gcc/arm-none-eabi/9.2.1/../../../../arm-none-eabi/lib/thumb/v7e-m+fp/hard\libc_nano.a(lib_a-nano-freer.o)
                0x0002e3b8                _free_r
 .text._read_r  0x0002e458       0x24 c:/program files (x86)/gnu tools arm embedded/9 2019-q4-major/bin/../lib/gcc/arm-none-eabi/9.2.1/../../../../arm-none-eabi/lib/thumb/v7e-m+fp/hard\libc_nano.a(lib_a-readr.o)
                0x0002e458                _read_r
 .text._fstat_r
                0x0002e47c       0x24 c:/program files (x86)/gnu tools arm embedded/9 2019-q4-major/bin/../lib/gcc/arm-none-eabi/9.2.1/../../../../arm-none-eabi/lib/thumb/v7e-m+fp/hard\libc_nano.a(lib_a-fstatr.o)
                0x0002e47c                _fstat_r
 .text._isatty_r
                0x0002e4a0       0x20 c:/program files (x86)/gnu tools arm embedded/9 2019-q4-major/bin/../lib/gcc/arm-none-eabi/9.2.1/../../../../arm-none-eabi/lib/thumb/v7e-m+fp/hard\libc_nano.a(lib_a-isattyr.o)
                0x0002e4a0                _isatty_r
 .text._close   0x0002e4c0       0x10 c:/program files (x86)/gnu tools arm embedded/9 2019-q4-major/bin/../lib/gcc/arm-none-eabi/9.2.1/../../../../arm-none-eabi/lib/thumb/v7e-m+fp/hard\libnosys.a(close.o)
                0x0002e4c0                _close
 .text._fstat   0x0002e4d0       0x10 c:/program files (x86)/gnu tools arm embedded/9 2019-q4-major/bin/../lib/gcc/arm-none-eabi/9.2.1/../../../../arm-none-eabi/lib/thumb/v7e-m+fp/hard\libnosys.a(fstat.o)
                0x0002e4d0                _fstat
 .text._isatty  0x0002e4e0       0x10 c:/program files (x86)/gnu tools arm embedded/9 2019-q4-major/bin/../lib/gcc/arm-none-eabi/9.2.1/../../../../arm-none-eabi/lib/thumb/v7e-m+fp/hard\libnosys.a(isatty.o)
                0x0002e4e0                _isatty
 .text._lseek   0x0002e4f0       0x10 c:/program files (x86)/gnu tools arm embedded/9 2019-q4-major/bin/../lib/gcc/arm-none-eabi/9.2.1/../../../../arm-none-eabi/lib/thumb/v7e-m+fp/hard\libnosys.a(lseek.o)
                0x0002e4f0                _lseek
 .text._sbrk    0x0002e500       0x1c c:/program files (x86)/gnu tools arm embedded/9 2019-q4-major/bin/../lib/gcc/arm-none-eabi/9.2.1/../../../../arm-none-eabi/lib/thumb/v7e-m+fp/hard\libnosys.a(sbrk.o)
                0x0002e500                _sbrk
 .text._exit    0x0002e51c        0x4 c:/program files (x86)/gnu tools arm embedded/9 2019-q4-major/bin/../lib/gcc/arm-none-eabi/9.2.1/../../../../arm-none-eabi/lib/thumb/v7e-m+fp/hard\libnosys.a(_exit.o)
                0x0002e51c                _exit
 .text          0x0002e520       0x30 c:/program files (x86)/gnu tools arm embedded/9 2019-q4-major/bin/../lib/gcc/arm-none-eabi/9.2.1/thumb/v7e-m+fp/hard\libgcc.a(_aeabi_uldivmod.o)
                0x0002e520                __aeabi_uldivmod
 .text          0x0002e550      0x2c4 c:/program files (x86)/gnu tools arm embedded/9 2019-q4-major/bin/../lib/gcc/arm-none-eabi/9.2.1/thumb/v7e-m+fp/hard\libgcc.a(_udivmoddi4.o)
                0x0002e550                __udivmoddi4
 .text          0x0002e814        0x4 c:/program files (x86)/gnu tools arm embedded/9 2019-q4-major/bin/../lib/gcc/arm-none-eabi/9.2.1/thumb/v7e-m+fp/hard\libgcc.a(_dvmd_tls.o)
                0x0002e814                __aeabi_idiv0
                0x0002e814                __aeabi_ldiv0
 *(.init)
 .init          0x0002e818        0x4 c:/program files (x86)/gnu tools arm embedded/9 2019-q4-major/bin/../lib/gcc/arm-none-eabi/9.2.1/thumb/v7e-m+fp/hard/crti.o
                0x0002e818                _init
 .init          0x0002e81c        0x8 c:/program files (x86)/gnu tools arm embedded/9 2019-q4-major/bin/../lib/gcc/arm-none-eabi/9.2.1/thumb/v7e-m+fp/hard/crtn.o
 *(.fini)
 .fini          0x0002e824        0x4 c:/program files (x86)/gnu tools arm embedded/9 2019-q4-major/bin/../lib/gcc/arm-none-eabi/9.2.1/thumb/v7e-m+fp/hard/crti.o
                0x0002e824                _fini
 .fini          0x0002e828        0x8 c:/program files (x86)/gnu tools arm embedded/9 2019-q4-major/bin/../lib/gcc/arm-none-eabi/9.2.1/thumb/v7e-m+fp/hard/crtn.o
 *crtbegin.o(.ctors)
 *crtbegin?.o(.ctors)
 *(EXCLUDE_FILE(*crtend.o *crtend?.o) .ctors)
 *(SORT_BY_NAME(.ctors.*))
 *(.ctors)
 *crtbegin.o(.dtors)
 *crtbegin?.o(.dtors)
 *(EXCLUDE_FILE(*crtend.o *crtend?.o) .dtors)
 *(SORT_BY_NAME(.dtors.*))
 *(.dtors)
 *(.rodata*)
 .rodata.delay_machine_code.9517
                0x0002e830        0x6 _build/nrf52840_xxaa/nrf_log_backend_rtt.c.o
 *fill*         0x0002e836        0x2 
 .rodata.nrf_log_backend_rtt_api
                0x0002e838        0xc _build/nrf52840_xxaa/nrf_log_backend_rtt.c.o
                0x0002e838                nrf_log_backend_rtt_api
 .rodata.str1.4
                0x0002e844       0x10 _build/nrf52840_xxaa/nrf_log_default_backends.c.o
 .rodata.nrf_log_frontend_dequeue.str1.4
                0x0002e854       0x11 _build/nrf52840_xxaa/nrf_log_frontend.c.o
 *fill*         0x0002e865        0x3 
 .rodata.str1.4
                0x0002e868        0x4 _build/nrf52840_xxaa/nrf_log_frontend.c.o
 .rodata.m_log_push_ringbuf
                0x0002e86c        0xc _build/nrf52840_xxaa/nrf_log_frontend.c.o
 .rodata.prefix_process.str1.4
                0x0002e878       0x36 _build/nrf52840_xxaa/nrf_log_str_formatter.c.o
 *fill*         0x0002e8ae        0x2 
 .rodata.nrf_log_std_entry_process.str1.4
                0x0002e8b0        0x3 _build/nrf52840_xxaa/nrf_log_str_formatter.c.o
 *fill*         0x0002e8b3        0x1 
 .rodata.nrf_log_hexdump_entry_process.str1.4
                0x0002e8b4       0x13 _build/nrf52840_xxaa/nrf_log_str_formatter.c.o
                                 0x16 (size before relaxing)
 *fill*         0x0002e8c7        0x1 
 .rodata.str1.4
                0x0002e8c8       0x56 _build/nrf52840_xxaa/nrf_log_str_formatter.c.o
 *fill*         0x0002e91e        0x2 
 .rodata.m_colors
                0x0002e920       0x24 _build/nrf52840_xxaa/nrf_log_str_formatter.c.o
 .rodata.severity_names
                0x0002e944       0x14 _build/nrf52840_xxaa/nrf_log_str_formatter.c.o
 .rodata.str1.4
                0x0002e958        0xb _build/nrf52840_xxaa/app_button.c.o
 *fill*         0x0002e963        0x1 
 .rodata.m_detection_delay_timer_id
                0x0002e964        0x4 _build/nrf52840_xxaa/app_button.c.o
 .rodata.app_error_fault_handler.str1.4
                0x0002e968       0x19 _build/nrf52840_xxaa/app_error_weak.c.o
 *fill*         0x0002e981        0x3 
 .rodata.str1.4
                0x0002e984        0xa _build/nrf52840_xxaa/app_timer2.c.o
 *fill*         0x0002e98e        0x2 
 .rodata        0x0002e990        0x4 _build/nrf52840_xxaa/app_timer2.c.o
 .rodata.m_app_timer_sortlist
                0x0002e994        0xc _build/nrf52840_xxaa/app_timer2.c.o
 .rodata        0x0002e9a0       0x20 _build/nrf52840_xxaa/app_uart_fifo.c.o
 .rodata.drv_rtc_init.str1.4
                0x0002e9c0       0x36 _build/nrf52840_xxaa/drv_rtc.c.o
 *fill*         0x0002e9f6        0xa 
 .rodata.delay_machine_code.8841
                0x0002ea00        0x6 _build/nrf52840_xxaa/drv_rtc.c.o
 *fill*         0x0002ea06        0x2 
 .rodata._aV2C.7901
                0x0002ea08       0x10 _build/nrf52840_xxaa/nrf_fprintf_format.c.o
 .rodata.str1.4
                0x0002ea18        0x9 _build/nrf52840_xxaa/nrf_pwr_mgmt.c.o
 *fill*         0x0002ea21        0x3 
 .rodata.pwr_mgmt_data
                0x0002ea24        0xc _build/nrf52840_xxaa/nrf_pwr_mgmt.c.o
 .rodata.str1.4
                0x0002ea30        0x9 _build/nrf52840_xxaa/nrf_sortlist.c.o
 *fill*         0x0002ea39        0x3 
 .rodata.str1.4
                0x0002ea3c      0x3e9 _build/nrf52840_xxaa/nrf_strerror.c.o
 *fill*         0x0002ee25        0x3 
 .rodata.m_unknown_str
                0x0002ee28       0x13 _build/nrf52840_xxaa/nrf_strerror.c.o
 *fill*         0x0002ee3b        0x1 
 .rodata.nrf_strerror_array
                0x0002ee3c      0x128 _build/nrf52840_xxaa/nrf_strerror.c.o
 .rodata.CSWTCH.6
                0x0002ef64        0x4 _build/nrf52840_xxaa/system_nrf52840.c.o
 .rodata.m_board_led_list
                0x0002ef68        0x2 _build/nrf52840_xxaa/boards.c.o
 *fill*         0x0002ef6a        0x2 
 .rodata.str1.4
                0x0002ef6c        0x6 _build/nrf52840_xxaa/nrf_drv_clock.c.o
 *fill*         0x0002ef72        0x2 
 .rodata.str1.4
                0x0002ef74        0x6 _build/nrf52840_xxaa/nrfx_clock.c.o
 *fill*         0x0002ef7a        0x2 
 .rodata.str1.4
                0x0002ef7c        0x7 _build/nrf52840_xxaa/nrfx_gpiote.c.o
 *fill*         0x0002ef83        0x1 
 .rodata.str1.4
                0x0002ef84        0x4 _build/nrf52840_xxaa/nrfx_prs.c.o
 .rodata.str1.4
                0x0002ef88        0x5 _build/nrf52840_xxaa/nrfx_uart.c.o
 *fill*         0x0002ef8d        0x3 
 .rodata.str1.4
                0x0002ef90        0x6 _build/nrf52840_xxaa/nrfx_uarte.c.o
 *fill*         0x0002ef96        0x2 
 .rodata.app_buttons
                0x0002ef98        0x8 _build/nrf52840_xxaa/bsp.c.o
 .rodata.m_bsp_alert_tmr
                0x0002efa0        0x4 _build/nrf52840_xxaa/bsp.c.o
 .rodata.m_bsp_button_tmr
                0x0002efa4        0x4 _build/nrf52840_xxaa/bsp.c.o
 .rodata.m_bsp_leds_tmr
                0x0002efa8        0x4 _build/nrf52840_xxaa/bsp.c.o
 .rodata.ble_evt_handler.str1.4
                0x0002efac       0x19 _build/nrf52840_xxaa/main.c.o
 *fill*         0x0002efc5        0x3 
 .rodata.gatt_evt_handler.str1.4
                0x0002efc8       0x1c _build/nrf52840_xxaa/main.c.o
 .rodata.nus_data_handler.str1.4
                0x0002efe4       0x2b _build/nrf52840_xxaa/main.c.o
 *fill*         0x0002f00f        0x1 
 .rodata.main.str1.4
                0x0002f010       0x49 _build/nrf52840_xxaa/main.c.o
 *fill*         0x0002f059        0x3 
 .rodata        0x0002f05c       0x18 _build/nrf52840_xxaa/main.c.o
 .rodata.SEGGER_RTT_ReadNoLock.str1.4
                0x0002f074       0x17 _build/nrf52840_xxaa/SEGGER_RTT.c.o
 *fill*         0x0002f08b        0x1 
 .rodata.data_length_update.constprop.0.str1.4
                0x0002f08c       0xe2 _build/nrf52840_xxaa/nrf_ble_gatt.c.o
 *fill*         0x0002f16e        0x2 
 .rodata.nrf_ble_gatt_on_ble_evt.str1.4
                0x0002f170       0x63 _build/nrf52840_xxaa/nrf_ble_gatt.c.o
 *fill*         0x0002f1d3        0x1 
 .rodata.str1.4
                0x0002f1d4        0xd _build/nrf52840_xxaa/nrf_ble_gatt.c.o
 *fill*         0x0002f1e1        0x3 
 .rodata.str1.4
                0x0002f1e4        0x8 _build/nrf52840_xxaa/ble_nus.c.o
 .rodata        0x0002f1ec       0x10 _build/nrf52840_xxaa/ble_nus.c.o
 .rodata.str1.4
                0x0002f1fc        0x8 _build/nrf52840_xxaa/nrf_sdh.c.o
 .rodata        0x0002f204        0x4 _build/nrf52840_xxaa/nrf_sdh.c.o
 .rodata.sdh_req_observers
                0x0002f208        0xc _build/nrf52840_xxaa/nrf_sdh.c.o
 .rodata.sdh_stack_observers
                0x0002f214        0xc _build/nrf52840_xxaa/nrf_sdh.c.o
 .rodata.sdh_state_observers
                0x0002f220        0xc _build/nrf52840_xxaa/nrf_sdh.c.o
 .rodata.nrf_sdh_ble_default_cfg_set.str1.4
                0x0002f22c      0x1cf _build/nrf52840_xxaa/nrf_sdh_ble.c.o
 *fill*         0x0002f3fb        0x1 
 .rodata.nrf_sdh_ble_enable.str1.4
                0x0002f3fc       0xad _build/nrf52840_xxaa/nrf_sdh_ble.c.o
 *fill*         0x0002f4a9        0x3 
 .rodata.str1.4
                0x0002f4ac        0xc _build/nrf52840_xxaa/nrf_sdh_ble.c.o
 .rodata.sdh_ble_observers
                0x0002f4b8        0xc _build/nrf52840_xxaa/nrf_sdh_ble.c.o
 .rodata.str1.4
                0x0002f4c4        0xc _build/nrf52840_xxaa/nrf_sdh_soc.c.o
 .rodata.sdh_soc_observers
                0x0002f4d0        0xc _build/nrf52840_xxaa/nrf_sdh_soc.c.o
 .rodata._ctype_
                0x0002f4dc      0x101 c:/program files (x86)/gnu tools arm embedded/9 2019-q4-major/bin/../lib/gcc/arm-none-eabi/9.2.1/../../../../arm-none-eabi/lib/thumb/v7e-m+fp/hard\libc_nano.a(lib_a-ctype_.o)
                0x0002f4dc                _ctype_
 *fill*         0x0002f5dd        0x3 
 .rodata._global_impure_ptr
                0x0002f5e0        0x4 c:/program files (x86)/gnu tools arm embedded/9 2019-q4-major/bin/../lib/gcc/arm-none-eabi/9.2.1/../../../../arm-none-eabi/lib/thumb/v7e-m+fp/hard\libc_nano.a(lib_a-impure.o)
                0x0002f5e0                _global_impure_ptr
 .rodata.__sf_fake_stderr
                0x0002f5e4       0x20 c:/program files (x86)/gnu tools arm embedded/9 2019-q4-major/bin/../lib/gcc/arm-none-eabi/9.2.1/../../../../arm-none-eabi/lib/thumb/v7e-m+fp/hard\libc_nano.a(lib_a-findfp.o)
                0x0002f5e4                __sf_fake_stderr
 .rodata.__sf_fake_stdin
                0x0002f604       0x20 c:/program files (x86)/gnu tools arm embedded/9 2019-q4-major/bin/../lib/gcc/arm-none-eabi/9.2.1/../../../../arm-none-eabi/lib/thumb/v7e-m+fp/hard\libc_nano.a(lib_a-findfp.o)
                0x0002f604                __sf_fake_stdin
 .rodata.__sf_fake_stdout
                0x0002f624       0x20 c:/program files (x86)/gnu tools arm embedded/9 2019-q4-major/bin/../lib/gcc/arm-none-eabi/9.2.1/../../../../arm-none-eabi/lib/thumb/v7e-m+fp/hard\libc_nano.a(lib_a-findfp.o)
                0x0002f624                __sf_fake_stdout
 .rodata._vfprintf_r.str1.1
                0x0002f644       0x11 c:/program files (x86)/gnu tools arm embedded/9 2019-q4-major/bin/../lib/gcc/arm-none-eabi/9.2.1/../../../../arm-none-eabi/lib/thumb/v7e-m+fp/hard\libc_nano.a(lib_a-nano-vfprintf.o)
 .rodata._printf_i.str1.1
                0x0002f655       0x22 c:/program files (x86)/gnu tools arm embedded/9 2019-q4-major/bin/../lib/gcc/arm-none-eabi/9.2.1/../../../../arm-none-eabi/lib/thumb/v7e-m+fp/hard\libc_nano.a(lib_a-nano-vfprintf_i.o)
 *(.eh_frame*)
 *fill*         0x0002f677        0x1 
 .eh_frame      0x0002f678        0x0 c:/program files (x86)/gnu tools arm embedded/9 2019-q4-major/bin/../lib/gcc/arm-none-eabi/9.2.1/thumb/v7e-m+fp/hard/crtbegin.o
 .eh_frame      0x0002f678        0x4 c:/program files (x86)/gnu tools arm embedded/9 2019-q4-major/bin/../lib/gcc/arm-none-eabi/9.2.1/thumb/v7e-m+fp/hard/crtend.o

.glue_7         0x0002f67c        0x0
 .glue_7        0x0002f67c        0x0 linker stubs

.glue_7t        0x0002f67c        0x0
 .glue_7t       0x0002f67c        0x0 linker stubs

.vfp11_veneer   0x0002f67c        0x0
 .vfp11_veneer  0x0002f67c        0x0 linker stubs

.v4_bx          0x0002f67c        0x0
 .v4_bx         0x0002f67c        0x0 linker stubs

.iplt           0x0002f67c        0x0
 .iplt          0x0002f67c        0x0 c:/program files (x86)/gnu tools arm embedded/9 2019-q4-major/bin/../lib/gcc/arm-none-eabi/9.2.1/thumb/v7e-m+fp/hard/crtbegin.o

.mem_section_dummy_rom

.sdh_soc_observers
                0x0002f67c        0x8
                0x0002f67c                PROVIDE (__start_sdh_soc_observers = .)
 *(SORT_BY_NAME(.sdh_soc_observers*))
 .sdh_soc_observers0
                0x0002f67c        0x8 _build/nrf52840_xxaa/nrf_drv_clock.c.o
                0x0002f684                PROVIDE (__stop_sdh_soc_observers = .)

.sdh_ble_observers
                0x0002f684       0x40
                0x0002f684                PROVIDE (__start_sdh_ble_observers = .)
 *(SORT_BY_NAME(.sdh_ble_observers*))
 .sdh_ble_observers0
                0x0002f684        0x8 _build/nrf52840_xxaa/ble_conn_state.c.o
 .sdh_ble_observers1
                0x0002f68c        0x8 _build/nrf52840_xxaa/bsp_btn_ble.c.o
 .sdh_ble_observers1
                0x0002f694       0x10 _build/nrf52840_xxaa/main.c.o
 .sdh_ble_observers1
                0x0002f6a4        0x8 _build/nrf52840_xxaa/ble_conn_params.c.o
 .sdh_ble_observers2
                0x0002f6ac       0x10 _build/nrf52840_xxaa/main.c.o
 .sdh_ble_observers3
                0x0002f6bc        0x8 _build/nrf52840_xxaa/main.c.o
                0x0002f6c4                PROVIDE (__stop_sdh_ble_observers = .)

.pwr_mgmt_data  0x0002f6c4        0x0
                0x0002f6c4                PROVIDE (__start_pwr_mgmt_data = .)
 *(SORT_BY_NAME(.pwr_mgmt_data*))
                0x0002f6c4                PROVIDE (__stop_pwr_mgmt_data = .)

.sdh_req_observers
                0x0002f6c4        0x0
                0x0002f6c4                PROVIDE (__start_sdh_req_observers = .)
 *(SORT_BY_NAME(.sdh_req_observers*))
                0x0002f6c4                PROVIDE (__stop_sdh_req_observers = .)

.sdh_state_observers
                0x0002f6c4        0x8
                0x0002f6c4                PROVIDE (__start_sdh_state_observers = .)
 *(SORT_BY_NAME(.sdh_state_observers*))
 .sdh_state_observers0
                0x0002f6c4        0x8 _build/nrf52840_xxaa/nrf_drv_clock.c.o
                0x0002f6cc                PROVIDE (__stop_sdh_state_observers = .)

.sdh_stack_observers
                0x0002f6cc       0x10
                0x0002f6cc                PROVIDE (__start_sdh_stack_observers = .)
 *(SORT_BY_NAME(.sdh_stack_observers*))
 .sdh_stack_observers0
                0x0002f6cc        0x8 _build/nrf52840_xxaa/nrf_sdh_ble.c.o
 .sdh_stack_observers0
                0x0002f6d4        0x8 _build/nrf52840_xxaa/nrf_sdh_soc.c.o
                0x0002f6dc                PROVIDE (__stop_sdh_stack_observers = .)

.nrf_queue      0x0002f6dc        0x0
                [!provide]                PROVIDE (__start_nrf_queue = .)
 *(.nrf_queue)
                [!provide]                PROVIDE (__stop_nrf_queue = .)

.nrf_balloc     0x0002f6dc       0x14
                [!provide]                PROVIDE (__start_nrf_balloc = .)
 *(.nrf_balloc)
 .nrf_balloc    0x0002f6dc       0x14 _build/nrf52840_xxaa/nrf_log_frontend.c.o
                0x0002f6dc                log_mempool
                [!provide]                PROVIDE (__stop_nrf_balloc = .)

.cli_command    0x0002f6f0        0x0
                [!provide]                PROVIDE (__start_cli_command = .)
 *(.cli_command)
                [!provide]                PROVIDE (__stop_cli_command = .)

.crypto_data    0x0002f6f0        0x0
                [!provide]                PROVIDE (__start_crypto_data = .)
 *(SORT_BY_NAME(.crypto_data*))
                [!provide]                PROVIDE (__stop_crypto_data = .)

.log_const_data
                0x0002f6f0       0x80
                0x0002f6f0                PROVIDE (__start_log_const_data = .)
 *(SORT_BY_NAME(.log_const_data*))
 .log_const_data_CLOCK
                0x0002f6f0        0x8 _build/nrf52840_xxaa/nrfx_clock.c.o
                0x0002f6f0                m_nrf_log_CLOCK_logs_data_const
 .log_const_data_GPIOTE
                0x0002f6f8        0x8 _build/nrf52840_xxaa/nrfx_gpiote.c.o
                0x0002f6f8                m_nrf_log_GPIOTE_logs_data_const
 .log_const_data_PRS
                0x0002f700        0x8 _build/nrf52840_xxaa/nrfx_prs.c.o
                0x0002f700                m_nrf_log_PRS_logs_data_const
 .log_const_data_UART
                0x0002f708        0x8 _build/nrf52840_xxaa/nrfx_uart.c.o
                0x0002f708                m_nrf_log_UART_logs_data_const
 .log_const_data_UARTE
                0x0002f710        0x8 _build/nrf52840_xxaa/nrfx_uarte.c.o
                0x0002f710                m_nrf_log_UARTE_logs_data_const
 .log_const_data_app
                0x0002f718        0x8 _build/nrf52840_xxaa/nrf_log_frontend.c.o
                0x0002f718                m_nrf_log_app_logs_data_const
 .log_const_data_app_button
                0x0002f720        0x8 _build/nrf52840_xxaa/app_button.c.o
                0x0002f720                m_nrf_log_app_button_logs_data_const
 .log_const_data_app_timer
                0x0002f728        0x8 _build/nrf52840_xxaa/app_timer2.c.o
                0x0002f728                m_nrf_log_app_timer_logs_data_const
 .log_const_data_ble_nus
                0x0002f730        0x8 _build/nrf52840_xxaa/ble_nus.c.o
                0x0002f730                m_nrf_log_ble_nus_logs_data_const
 .log_const_data_clock
                0x0002f738        0x8 _build/nrf52840_xxaa/nrf_drv_clock.c.o
                0x0002f738                m_nrf_log_clock_logs_data_const
 .log_const_data_nrf_ble_gatt
                0x0002f740        0x8 _build/nrf52840_xxaa/nrf_ble_gatt.c.o
                0x0002f740                m_nrf_log_nrf_ble_gatt_logs_data_const
 .log_const_data_nrf_sdh
                0x0002f748        0x8 _build/nrf52840_xxaa/nrf_sdh.c.o
                0x0002f748                m_nrf_log_nrf_sdh_logs_data_const
 .log_const_data_nrf_sdh_ble
                0x0002f750        0x8 _build/nrf52840_xxaa/nrf_sdh_ble.c.o
                0x0002f750                m_nrf_log_nrf_sdh_ble_logs_data_const
 .log_const_data_nrf_sdh_soc
                0x0002f758        0x8 _build/nrf52840_xxaa/nrf_sdh_soc.c.o
                0x0002f758                m_nrf_log_nrf_sdh_soc_logs_data_const
 .log_const_data_pwr_mgmt
                0x0002f760        0x8 _build/nrf52840_xxaa/nrf_pwr_mgmt.c.o
                0x0002f760                m_nrf_log_pwr_mgmt_logs_data_const
 .log_const_data_sortlist
                0x0002f768        0x8 _build/nrf52840_xxaa/nrf_sortlist.c.o
                0x0002f768                m_nrf_log_sortlist_logs_data_const
                0x0002f770                PROVIDE (__stop_log_const_data = .)

.log_backends   0x0002f770       0x10
                [!provide]                PROVIDE (__start_log_backends = .)
 *(SORT_BY_NAME(.log_backends*))
 .log_backends  0x0002f770       0x10 _build/nrf52840_xxaa/nrf_log_default_backends.c.o
                [!provide]                PROVIDE (__stop_log_backends = .)

.ARM.extab
 *(.ARM.extab* .gnu.linkonce.armextab.*)
                0x0002f780                __exidx_start = .

.ARM.exidx      0x0002f780        0x8
 *(.ARM.exidx* .gnu.linkonce.armexidx.*)
 .ARM.exidx     0x0002f780        0x8 c:/program files (x86)/gnu tools arm embedded/9 2019-q4-major/bin/../lib/gcc/arm-none-eabi/9.2.1/../../../../arm-none-eabi/lib/thumb/v7e-m+fp/hard/crt0.o
 .ARM.exidx     0x0002f788        0x0 c:/program files (x86)/gnu tools arm embedded/9 2019-q4-major/bin/../lib/gcc/arm-none-eabi/9.2.1/thumb/v7e-m+fp/hard\libgcc.a(_udivmoddi4.o)
                                  0x8 (size before relaxing)
                0x0002f788                __exidx_end = .

.rel.dyn        0x0002f788        0x0
 .rel.iplt      0x0002f788        0x0 c:/program files (x86)/gnu tools arm embedded/9 2019-q4-major/bin/../lib/gcc/arm-none-eabi/9.2.1/thumb/v7e-m+fp/hard/crtbegin.o
                0x0002f788                . = ALIGN (0x4)
                0x0002f788                __etext = .

.data           0x20002ae8       0xc0 load address 0x0002f788
                0x20002ae8                __data_start__ = .
 *(vtable)
 *(.data*)
 .data.log_backend_cb_rtt_log_backend
                0x20002ae8        0x8 _build/nrf52840_xxaa/nrf_log_default_backends.c.o
 .data.m_rtc_inst
                0x20002af0        0x8 _build/nrf52840_xxaa/app_timer2.c.o
 .data.app_uart_inst
                0x20002af8       0x14 _build/nrf52840_xxaa/app_uart_fifo.c.o
 .data.SystemCoreClock
                0x20002b0c        0x4 _build/nrf52840_xxaa/system_nrf52840.c.o
                0x20002b0c                SystemCoreClock
 .data.m_adv_uuids
                0x20002b10        0x4 _build/nrf52840_xxaa/main.c.o
 .data.m_ble_nus_max_data_len
                0x20002b14        0x2 _build/nrf52840_xxaa/main.c.o
 .data.m_conn_handle
                0x20002b16        0x2 _build/nrf52840_xxaa/main.c.o
 .data.m_nus    0x20002b18       0x1c _build/nrf52840_xxaa/main.c.o
 .data.m_nus_link_ctx_storage
                0x20002b34        0x8 _build/nrf52840_xxaa/main.c.o
 .data._impure_ptr
                0x20002b3c        0x4 c:/program files (x86)/gnu tools arm embedded/9 2019-q4-major/bin/../lib/gcc/arm-none-eabi/9.2.1/../../../../arm-none-eabi/lib/thumb/v7e-m+fp/hard\libc_nano.a(lib_a-impure.o)
                0x20002b3c                _impure_ptr
 .data.impure_data
                0x20002b40       0x60 c:/program files (x86)/gnu tools arm embedded/9 2019-q4-major/bin/../lib/gcc/arm-none-eabi/9.2.1/../../../../arm-none-eabi/lib/thumb/v7e-m+fp/hard\libc_nano.a(lib_a-impure.o)
                0x20002ba0                . = ALIGN (0x4)
                0x20002ba0                PROVIDE (__preinit_array_start = .)
 *(.preinit_array)
                0x20002ba0                PROVIDE (__preinit_array_end = .)
                0x20002ba0                . = ALIGN (0x4)
                0x20002ba0                PROVIDE (__init_array_start = .)
 *(SORT_BY_NAME(.init_array.*))
 *(.init_array)
 .init_array    0x20002ba0        0x4 c:/program files (x86)/gnu tools arm embedded/9 2019-q4-major/bin/../lib/gcc/arm-none-eabi/9.2.1/thumb/v7e-m+fp/hard/crtbegin.o
                0x20002ba4                PROVIDE (__init_array_end = .)
                0x20002ba4                . = ALIGN (0x4)
                [!provide]                PROVIDE (__fini_array_start = .)
 *(SORT_BY_NAME(.fini_array.*))
 *(.fini_array)
 .fini_array    0x20002ba4        0x4 c:/program files (x86)/gnu tools arm embedded/9 2019-q4-major/bin/../lib/gcc/arm-none-eabi/9.2.1/thumb/v7e-m+fp/hard/crtbegin.o
                [!provide]                PROVIDE (__fini_array_end = .)
 *(.jcr*)
                0x20002ba8                . = ALIGN (0x4)
                0x20002ba8                __data_end__ = .
LOAD c:/program files (x86)/gnu tools arm embedded/9 2019-q4-major/bin/../lib/gcc/arm-none-eabi/9.2.1/thumb/v7e-m+fp/hard/crti.o
LOAD c:/program files (x86)/gnu tools arm embedded/9 2019-q4-major/bin/../lib/gcc/arm-none-eabi/9.2.1/thumb/v7e-m+fp/hard/crtbegin.o
LOAD c:/program files (x86)/gnu tools arm embedded/9 2019-q4-major/bin/../lib/gcc/arm-none-eabi/9.2.1/../../../../arm-none-eabi/lib/thumb/v7e-m+fp/hard/crt0.o
LOAD _build/nrf52840_xxaa/gcc_startup_nrf52840.S.o
LOAD _build/nrf52840_xxaa/nrf_log_backend_rtt.c.o
LOAD _build/nrf52840_xxaa/nrf_log_backend_serial.c.o
LOAD _build/nrf52840_xxaa/nrf_log_default_backends.c.o
LOAD _build/nrf52840_xxaa/nrf_log_frontend.c.o
LOAD _build/nrf52840_xxaa/nrf_log_str_formatter.c.o
LOAD _build/nrf52840_xxaa/app_button.c.o
LOAD _build/nrf52840_xxaa/app_error.c.o
LOAD _build/nrf52840_xxaa/app_error_handler_gcc.c.o
LOAD _build/nrf52840_xxaa/app_error_weak.c.o
LOAD _build/nrf52840_xxaa/app_fifo.c.o
LOAD _build/nrf52840_xxaa/app_scheduler.c.o
LOAD _build/nrf52840_xxaa/app_timer2.c.o
LOAD _build/nrf52840_xxaa/app_uart_fifo.c.o
LOAD _build/nrf52840_xxaa/app_util_platform.c.o
LOAD _build/nrf52840_xxaa/drv_rtc.c.o
LOAD _build/nrf52840_xxaa/hardfault_implementation.c.o
LOAD _build/nrf52840_xxaa/nrf_assert.c.o
LOAD _build/nrf52840_xxaa/nrf_atfifo.c.o
LOAD _build/nrf52840_xxaa/nrf_atflags.c.o
LOAD _build/nrf52840_xxaa/nrf_atomic.c.o
LOAD _build/nrf52840_xxaa/nrf_balloc.c.o
LOAD _build/nrf52840_xxaa/nrf_fprintf.c.o
LOAD _build/nrf52840_xxaa/nrf_fprintf_format.c.o
LOAD _build/nrf52840_xxaa/nrf_memobj.c.o
LOAD _build/nrf52840_xxaa/nrf_pwr_mgmt.c.o
LOAD _build/nrf52840_xxaa/nrf_ringbuf.c.o
LOAD _build/nrf52840_xxaa/nrf_section_iter.c.o
LOAD _build/nrf52840_xxaa/nrf_sortlist.c.o
LOAD _build/nrf52840_xxaa/nrf_strerror.c.o
LOAD _build/nrf52840_xxaa/retarget.c.o
LOAD _build/nrf52840_xxaa/system_nrf52840.c.o
LOAD _build/nrf52840_xxaa/boards.c.o
LOAD _build/nrf52840_xxaa/nrf_drv_clock.c.o
LOAD _build/nrf52840_xxaa/nrf_drv_uart.c.o
LOAD _build/nrf52840_xxaa/nrfx_atomic.c.o
LOAD _build/nrf52840_xxaa/nrfx_clock.c.o
LOAD _build/nrf52840_xxaa/nrfx_gpiote.c.o
LOAD _build/nrf52840_xxaa/nrfx_prs.c.o
LOAD _build/nrf52840_xxaa/nrfx_uart.c.o
LOAD _build/nrf52840_xxaa/nrfx_uarte.c.o
LOAD _build/nrf52840_xxaa/bsp.c.o
LOAD _build/nrf52840_xxaa/bsp_btn_ble.c.o
LOAD _build/nrf52840_xxaa/main.c.o
LOAD _build/nrf52840_xxaa/SEGGER_RTT.c.o
LOAD _build/nrf52840_xxaa/SEGGER_RTT_Syscalls_GCC.c.o
LOAD _build/nrf52840_xxaa/SEGGER_RTT_printf.c.o
LOAD _build/nrf52840_xxaa/ble_advdata.c.o
LOAD _build/nrf52840_xxaa/ble_advertising.c.o
LOAD _build/nrf52840_xxaa/ble_conn_params.c.o
LOAD _build/nrf52840_xxaa/ble_conn_state.c.o
LOAD _build/nrf52840_xxaa/ble_link_ctx_manager.c.o
LOAD _build/nrf52840_xxaa/ble_srv_common.c.o
LOAD _build/nrf52840_xxaa/nrf_ble_gatt.c.o
LOAD _build/nrf52840_xxaa/nrf_ble_qwr.c.o
LOAD _build/nrf52840_xxaa/utf.c.o
LOAD _build/nrf52840_xxaa/ble_nus.c.o
LOAD _build/nrf52840_xxaa/nrf_sdh.c.o
LOAD _build/nrf52840_xxaa/nrf_sdh_ble.c.o
LOAD _build/nrf52840_xxaa/nrf_sdh_soc.c.o
LOAD c:/program files (x86)/gnu tools arm embedded/9 2019-q4-major/bin/../lib/gcc/arm-none-eabi/9.2.1/../../../../arm-none-eabi/lib/thumb/v7e-m+fp/hard\libc_nano.a
LOAD c:/program files (x86)/gnu tools arm embedded/9 2019-q4-major/bin/../lib/gcc/arm-none-eabi/9.2.1/../../../../arm-none-eabi/lib/thumb/v7e-m+fp/hard\libnosys.a
LOAD c:/program files (x86)/gnu tools arm embedded/9 2019-q4-major/bin/../lib/gcc/arm-none-eabi/9.2.1/../../../../arm-none-eabi/lib/thumb/v7e-m+fp/hard\libm.a
START GROUP
LOAD c:/program files (x86)/gnu tools arm embedded/9 2019-q4-major/bin/../lib/gcc/arm-none-eabi/9.2.1/thumb/v7e-m+fp/hard\libgcc.a
LOAD c:/program files (x86)/gnu tools arm embedded/9 2019-q4-major/bin/../lib/gcc/arm-none-eabi/9.2.1/../../../../arm-none-eabi/lib/thumb/v7e-m+fp/hard\libg_nano.a
LOAD c:/program files (x86)/gnu tools arm embedded/9 2019-q4-major/bin/../lib/gcc/arm-none-eabi/9.2.1/../../../../arm-none-eabi/lib/thumb/v7e-m+fp/hard\libc_nano.a
END GROUP
START GROUP
LOAD c:/program files (x86)/gnu tools arm embedded/9 2019-q4-major/bin/../lib/gcc/arm-none-eabi/9.2.1/thumb/v7e-m+fp/hard\libgcc.a
LOAD c:/program files (x86)/gnu tools arm embedded/9 2019-q4-major/bin/../lib/gcc/arm-none-eabi/9.2.1/../../../../arm-none-eabi/lib/thumb/v7e-m+fp/hard\libc_nano.a
END GROUP
LOAD c:/program files (x86)/gnu tools arm embedded/9 2019-q4-major/bin/../lib/gcc/arm-none-eabi/9.2.1/thumb/v7e-m+fp/hard/crtend.o
LOAD c:/program files (x86)/gnu tools arm embedded/9 2019-q4-major/bin/../lib/gcc/arm-none-eabi/9.2.1/thumb/v7e-m+fp/hard/crtn.o
START GROUP
LOAD c:/program files (x86)/gnu tools arm embedded/9 2019-q4-major/bin/../lib/gcc/arm-none-eabi/9.2.1/thumb/v7e-m+fp/hard\libgcc.a
LOAD c:/program files (x86)/gnu tools arm embedded/9 2019-q4-major/bin/../lib/gcc/arm-none-eabi/9.2.1/../../../../arm-none-eabi/lib/thumb/v7e-m+fp/hard\libc.a
LOAD c:/program files (x86)/gnu tools arm embedded/9 2019-q4-major/bin/../lib/gcc/arm-none-eabi/9.2.1/../../../../arm-none-eabi/lib/thumb/v7e-m+fp/hard\libnosys.a
END GROUP

.igot.plt       0x20002ba8        0x0 load address 0x0002f848
 .igot.plt      0x20002ba8        0x0 c:/program files (x86)/gnu tools arm embedded/9 2019-q4-major/bin/../lib/gcc/arm-none-eabi/9.2.1/thumb/v7e-m+fp/hard/crtbegin.o
                0x20002ba8                . = ALIGN (0x4)

.mem_section_dummy_ram

.cli_sorted_cmd_ptrs
                0x20002ba8        0x0
                [!provide]                PROVIDE (__start_cli_sorted_cmd_ptrs = .)
 *(.cli_sorted_cmd_ptrs)
                [!provide]                PROVIDE (__stop_cli_sorted_cmd_ptrs = .)

.fs_data        0x20002ba8        0x0
                [!provide]                PROVIDE (__start_fs_data = .)
 *(.fs_data)
                [!provide]                PROVIDE (__stop_fs_data = .)

.log_dynamic_data
                0x20002ba8        0x0
                0x20002ba8                PROVIDE (__start_log_dynamic_data = .)
 *(SORT_BY_NAME(.log_dynamic_data*))
                [!provide]                PROVIDE (__stop_log_dynamic_data = .)

.log_filter_data
                0x20002ba8        0x0
                [!provide]                PROVIDE (__start_log_filter_data = .)
 *(SORT_BY_NAME(.log_filter_data*))
                [!provide]                PROVIDE (__stop_log_filter_data = .)

.bss            0x20002ba8     0x136c load address 0x0002f848
                0x20002ba8                . = ALIGN (0x4)
                0x20002ba8                __bss_start__ = .
 *(.bss*)
 .bss           0x20002ba8       0x1c c:/program files (x86)/gnu tools arm embedded/9 2019-q4-major/bin/../lib/gcc/arm-none-eabi/9.2.1/thumb/v7e-m+fp/hard/crtbegin.o
 .bss.m_host_present
                0x20002bc4        0x1 _build/nrf52840_xxaa/nrf_log_backend_rtt.c.o
 *fill*         0x20002bc5        0x3 
 .bss.m_string_buff
                0x20002bc8       0x40 _build/nrf52840_xxaa/nrf_log_backend_rtt.c.o
 .bss.log_mempool_nrf_balloc_cb
                0x20002c08        0x8 _build/nrf52840_xxaa/nrf_log_frontend.c.o
 .bss.log_mempool_nrf_balloc_pool_mem
                0x20002c10       0xc0 _build/nrf52840_xxaa/nrf_log_frontend.c.o
 .bss.log_mempool_nrf_balloc_pool_stack
                0x20002cd0        0x8 _build/nrf52840_xxaa/nrf_log_frontend.c.o
 .bss.m_log_data
                0x20002cd8      0x420 _build/nrf52840_xxaa/nrf_log_frontend.c.o
 .bss.m_log_push_ringbuf_buf
                0x200030f8       0x80 _build/nrf52840_xxaa/nrf_log_frontend.c.o
 .bss.m_log_push_ringbuf_cb
                0x20003178       0x18 _build/nrf52840_xxaa/nrf_log_frontend.c.o
 .bss.m_button_count
                0x20003190        0x1 _build/nrf52840_xxaa/app_button.c.o
 *fill*         0x20003191        0x3 
 .bss.m_detection_delay
                0x20003194        0x4 _build/nrf52840_xxaa/app_button.c.o
 .bss.m_detection_delay_timer_id_data
                0x20003198       0x20 _build/nrf52840_xxaa/app_button.c.o
 .bss.m_pin_active
                0x200031b8        0x8 _build/nrf52840_xxaa/app_button.c.o
 .bss.m_pin_states
                0x200031c0       0x20 _build/nrf52840_xxaa/app_button.c.o
 .bss.mp_buttons
                0x200031e0        0x4 _build/nrf52840_xxaa/app_button.c.o
 .bss.m_app_timer_sortlist_sortlist_cb
                0x200031e4        0x4 _build/nrf52840_xxaa/app_timer2.c.o
 .bss.m_base_counter
                0x200031e8        0x8 _build/nrf52840_xxaa/app_timer2.c.o
 .bss.m_global_active
                0x200031f0        0x1 _build/nrf52840_xxaa/app_timer2.c.o
 *fill*         0x200031f1        0x3 
 .bss.m_req_fifo_data
                0x200031f4       0x58 _build/nrf52840_xxaa/app_timer2.c.o
 .bss.m_req_fifo_inst
                0x2000324c       0x10 _build/nrf52840_xxaa/app_timer2.c.o
 *fill*         0x2000325c        0x4 
 .bss.m_stamp64
                0x20003260        0x8 _build/nrf52840_xxaa/app_timer2.c.o
 .bss.mp_active_timer
                0x20003268        0x4 _build/nrf52840_xxaa/app_timer2.c.o
 .bss.m_event_handler
                0x2000326c        0x4 _build/nrf52840_xxaa/app_uart_fifo.c.o
 .bss.m_rx_fifo
                0x20003270       0x10 _build/nrf52840_xxaa/app_uart_fifo.c.o
 .bss.m_rx_ovf  0x20003280        0x1 _build/nrf52840_xxaa/app_uart_fifo.c.o
 *fill*         0x20003281        0x3 
 .bss.m_tx_fifo
                0x20003284       0x10 _build/nrf52840_xxaa/app_uart_fifo.c.o
 .bss.rx_buffer
                0x20003294        0x1 _build/nrf52840_xxaa/app_uart_fifo.c.o
 *fill*         0x20003295        0x3 
 .bss.tx_buffer
                0x20003298        0x1 _build/nrf52840_xxaa/app_uart_fifo.c.o
 *fill*         0x20003299        0x3 
 .bss.m_cb      0x2000329c        0x8 _build/nrf52840_xxaa/drv_rtc.c.o
 .bss.m_handlers
                0x200032a4        0x4 _build/nrf52840_xxaa/drv_rtc.c.o
 .bss.m_handlers_iter
                0x200032a8        0x8 _build/nrf52840_xxaa/nrf_pwr_mgmt.c.o
 .bss.m_shutdown_started
                0x200032b0        0x1 _build/nrf52840_xxaa/nrf_pwr_mgmt.c.o
 *fill*         0x200032b1        0x3 
 .bss.m_sysoff_mtx
                0x200032b4        0x4 _build/nrf52840_xxaa/nrf_pwr_mgmt.c.o
 .bss.m_clock_cb
                0x200032b8       0x14 _build/nrf52840_xxaa/nrf_drv_clock.c.o
 .bss.m_contexts
                0x200032cc        0x8 _build/nrf52840_xxaa/nrf_drv_uart.c.o
 .bss.m_handlers
                0x200032d4        0x8 _build/nrf52840_xxaa/nrf_drv_uart.c.o
 .bss.m_clock_cb
                0x200032dc        0x8 _build/nrf52840_xxaa/nrfx_clock.c.o
 *fill*         0x200032e4        0x4 
 .bss.m_cb      0x200032e8       0x6c _build/nrf52840_xxaa/nrfx_gpiote.c.o
 .bss.m_prs_box_4
                0x20003354        0x8 _build/nrf52840_xxaa/nrfx_prs.c.o
 *fill*         0x2000335c        0x4 
 .bss.m_cb      0x20003360       0x2c _build/nrf52840_xxaa/nrfx_uart.c.o
 *fill*         0x2000338c        0x4 
 .bss.m_cb      0x20003390       0x24 _build/nrf52840_xxaa/nrfx_uarte.c.o
 .bss.current_long_push_pin_no.9458
                0x200033b4        0x1 _build/nrf52840_xxaa/bsp.c.o
 .bss.m_alert_on
                0x200033b5        0x1 _build/nrf52840_xxaa/bsp.c.o
 *fill*         0x200033b6        0x2 
 .bss.m_bsp_alert_tmr_data
                0x200033b8       0x20 _build/nrf52840_xxaa/bsp.c.o
 .bss.m_bsp_button_tmr_data
                0x200033d8       0x20 _build/nrf52840_xxaa/bsp.c.o
 .bss.m_bsp_leds_tmr_data
                0x200033f8       0x20 _build/nrf52840_xxaa/bsp.c.o
 .bss.m_events_list
                0x20003418        0x3 _build/nrf52840_xxaa/bsp.c.o
 *fill*         0x2000341b        0x1 
 .bss.m_indication_type
                0x2000341c        0x4 _build/nrf52840_xxaa/bsp.c.o
 .bss.m_leds_clear
                0x20003420        0x1 _build/nrf52840_xxaa/bsp.c.o
 *fill*         0x20003421        0x3 
 .bss.m_registered_callback
                0x20003424        0x4 _build/nrf52840_xxaa/bsp.c.o
 .bss.m_stable_state
                0x20003428        0x1 _build/nrf52840_xxaa/bsp.c.o
 *fill*         0x20003429        0x3 
 .bss.release_event_at_push.9459
                0x2000342c        0x1 _build/nrf52840_xxaa/bsp.c.o
 *fill*         0x2000342d        0x3 
 .bss.m_error_handler
                0x20003430        0x4 _build/nrf52840_xxaa/bsp_btn_ble.c.o
 .bss.m_num_connections
                0x20003434        0x4 _build/nrf52840_xxaa/bsp_btn_ble.c.o
 .bss.data_array.12752
                0x20003438       0xf4 _build/nrf52840_xxaa/main.c.o
 .bss.index.12753
                0x2000352c        0x1 _build/nrf52840_xxaa/main.c.o
 *fill*         0x2000352d        0x3 
 .bss.m_advertising
                0x20003530      0x434 _build/nrf52840_xxaa/main.c.o
 .bss.m_gatt    0x20003964       0x14 _build/nrf52840_xxaa/main.c.o
 .bss.m_nus_link_ctx_storage_ctx_data_pool
                0x20003978        0x4 _build/nrf52840_xxaa/main.c.o
 .bss.m_qwr     0x2000397c        0xc _build/nrf52840_xxaa/main.c.o
 .bss.rx_buf.12770
                0x20003988      0x100 _build/nrf52840_xxaa/main.c.o
 .bss.tx_buf.12771
                0x20003a88      0x100 _build/nrf52840_xxaa/main.c.o
 .bss._acDownBuffer
                0x20003b88       0x10 _build/nrf52840_xxaa/SEGGER_RTT.c.o
 .bss._acUpBuffer
                0x20003b98      0x200 _build/nrf52840_xxaa/SEGGER_RTT.c.o
 .bss.m_conn_params_config
                0x20003d98       0x1c _build/nrf52840_xxaa/ble_conn_params.c.o
 .bss.m_conn_params_instances
                0x20003db4       0x14 _build/nrf52840_xxaa/ble_conn_params.c.o
 .bss.m_preferred_conn_params
                0x20003dc8        0x8 _build/nrf52840_xxaa/ble_conn_params.c.o
 .bss.m_timer_data
                0x20003dd0       0x20 _build/nrf52840_xxaa/ble_conn_params.c.o
 .bss.m_bcs     0x20003df0       0x7c _build/nrf52840_xxaa/ble_conn_state.c.o
 .bss.m_nrf_sdh_continue
                0x20003e6c        0x1 _build/nrf52840_xxaa/nrf_sdh.c.o
 .bss.m_nrf_sdh_enabled
                0x20003e6d        0x1 _build/nrf52840_xxaa/nrf_sdh.c.o
 .bss.m_nrf_sdh_suspended
                0x20003e6e        0x1 _build/nrf52840_xxaa/nrf_sdh.c.o
 .bss.m_stack_is_enabled
                0x20003e6f        0x1 _build/nrf52840_xxaa/nrf_sdh_ble.c.o
 .bss.__malloc_free_list
                0x20003e70        0x4 c:/program files (x86)/gnu tools arm embedded/9 2019-q4-major/bin/../lib/gcc/arm-none-eabi/9.2.1/../../../../arm-none-eabi/lib/thumb/v7e-m+fp/hard\libc_nano.a(lib_a-nano-mallocr.o)
                0x20003e70                __malloc_free_list
 .bss.__malloc_sbrk_start
                0x20003e74        0x4 c:/program files (x86)/gnu tools arm embedded/9 2019-q4-major/bin/../lib/gcc/arm-none-eabi/9.2.1/../../../../arm-none-eabi/lib/thumb/v7e-m+fp/hard\libc_nano.a(lib_a-nano-mallocr.o)
                0x20003e74                __malloc_sbrk_start
 .bss.heap_end.5507
                0x20003e78        0x4 c:/program files (x86)/gnu tools arm embedded/9 2019-q4-major/bin/../lib/gcc/arm-none-eabi/9.2.1/../../../../arm-none-eabi/lib/thumb/v7e-m+fp/hard\libnosys.a(sbrk.o)
 *(COMMON)
 COMMON         0x20003e7c        0xc _build/nrf52840_xxaa/app_util_platform.c.o
                0x20003e7c                nrf_nvic_state
 COMMON         0x20003e88        0x2 _build/nrf52840_xxaa/nrf_drv_uart.c.o
                0x20003e88                nrf_drv_uart_use_easy_dma
 *fill*         0x20003e8a        0x2 
 COMMON         0x20003e8c       0x78 _build/nrf52840_xxaa/SEGGER_RTT.c.o
                0x20003e8c                _SEGGER_RTT
 COMMON         0x20003f04        0x9 c:/program files (x86)/gnu tools arm embedded/9 2019-q4-major/bin/../lib/gcc/arm-none-eabi/9.2.1/../../../../arm-none-eabi/lib/thumb/v7e-m+fp/hard\libc_nano.a(lib_a-lock.o)
                0x20003f04                __lock___atexit_recursive_mutex
                0x20003f05                __lock___arc4random_mutex
                0x20003f06                __lock___env_recursive_mutex
                0x20003f07                __lock___sinit_recursive_mutex
                0x20003f08                __lock___malloc_recursive_mutex
                0x20003f09                __lock___at_quick_exit_mutex
                0x20003f0a                __lock___dd_hash_mutex
                0x20003f0b                __lock___tz_mutex
                0x20003f0c                __lock___sfp_recursive_mutex
 *fill*         0x20003f0d        0x3 
 COMMON         0x20003f10        0x4 c:/program files (x86)/gnu tools arm embedded/9 2019-q4-major/bin/../lib/gcc/arm-none-eabi/9.2.1/../../../../arm-none-eabi/lib/thumb/v7e-m+fp/hard\libc_nano.a(lib_a-reent.o)
                0x20003f10                errno
                0x20003f14                . = ALIGN (0x4)
                0x20003f14                __bss_end__ = .

.heap           0x20003f18     0x2000
                0x20003f18                __HeapBase = .
                0x20003f18                __end__ = .
                0x20003f18                PROVIDE (end = .)
 *(.heap*)
 .heap          0x20003f18     0x2000 _build/nrf52840_xxaa/gcc_startup_nrf52840.S.o
                0x20005f18                __HeapLimit = .

.stack_dummy    0x20003f18     0x2000
 *(.stack*)
 .stack         0x20003f18     0x2000 _build/nrf52840_xxaa/gcc_startup_nrf52840.S.o
                0x20040000                __StackTop = (ORIGIN (RAM) + LENGTH (RAM))
                0x2003e000                __StackLimit = (__StackTop - SIZEOF (.stack_dummy))
                0x20040000                PROVIDE (__stack = __StackTop)
                0x00000001                ASSERT ((__StackLimit >= __HeapLimit), region RAM overflowed with stack)
                0x000000c0                DataInitFlashUsed = (__bss_start__ - __data_start__)
                0x00009788                CodeFlashUsed = (__etext - ORIGIN (FLASH))
                0x00009848                TotalFlashUsed = (CodeFlashUsed + DataInitFlashUsed)
                0x00000001                ASSERT ((TotalFlashUsed <= LENGTH (FLASH)), region FLASH overflowed with .data and user data)
OUTPUT(_build/nrf52840_xxaa.out elf32-littlearm)

.ARM.attributes
                0x00000000       0x30
 .ARM.attributes
                0x00000000       0x1e c:/program files (x86)/gnu tools arm embedded/9 2019-q4-major/bin/../lib/gcc/arm-none-eabi/9.2.1/thumb/v7e-m+fp/hard/crti.o
 .ARM.attributes
                0x0000001e       0x34 c:/program files (x86)/gnu tools arm embedded/9 2019-q4-major/bin/../lib/gcc/arm-none-eabi/9.2.1/thumb/v7e-m+fp/hard/crtbegin.o
 .ARM.attributes
                0x00000052       0x1c c:/program files (x86)/gnu tools arm embedded/9 2019-q4-major/bin/../lib/gcc/arm-none-eabi/9.2.1/../../../../arm-none-eabi/lib/thumb/v7e-m+fp/hard/crt0.o
 .ARM.attributes
                0x0000006e       0x20 _build/nrf52840_xxaa/gcc_startup_nrf52840.S.o
 .ARM.attributes
                0x0000008e       0x34 _build/nrf52840_xxaa/nrf_log_backend_rtt.c.o
 .ARM.attributes
                0x000000c2       0x34 _build/nrf52840_xxaa/nrf_log_backend_serial.c.o
 .ARM.attributes
                0x000000f6       0x34 _build/nrf52840_xxaa/nrf_log_default_backends.c.o
 .ARM.attributes
                0x0000012a       0x34 _build/nrf52840_xxaa/nrf_log_frontend.c.o
 .ARM.attributes
                0x0000015e       0x34 _build/nrf52840_xxaa/nrf_log_str_formatter.c.o
 .ARM.attributes
                0x00000192       0x34 _build/nrf52840_xxaa/app_button.c.o
 .ARM.attributes
                0x000001c6       0x34 _build/nrf52840_xxaa/app_error.c.o
 .ARM.attributes
                0x000001fa       0x34 _build/nrf52840_xxaa/app_error_weak.c.o
 .ARM.attributes
                0x0000022e       0x34 _build/nrf52840_xxaa/app_fifo.c.o
 .ARM.attributes
                0x00000262       0x34 _build/nrf52840_xxaa/app_timer2.c.o
 .ARM.attributes
                0x00000296       0x34 _build/nrf52840_xxaa/app_uart_fifo.c.o
 .ARM.attributes
                0x000002ca       0x34 _build/nrf52840_xxaa/app_util_platform.c.o
 .ARM.attributes
                0x000002fe       0x34 _build/nrf52840_xxaa/drv_rtc.c.o
 .ARM.attributes
                0x00000332       0x34 _build/nrf52840_xxaa/nrf_atfifo.c.o
 .ARM.attributes
                0x00000366       0x34 _build/nrf52840_xxaa/nrf_atflags.c.o
 .ARM.attributes
                0x0000039a       0x34 _build/nrf52840_xxaa/nrf_atomic.c.o
 .ARM.attributes
                0x000003ce       0x34 _build/nrf52840_xxaa/nrf_balloc.c.o
 .ARM.attributes
                0x00000402       0x34 _build/nrf52840_xxaa/nrf_fprintf.c.o
 .ARM.attributes
                0x00000436       0x34 _build/nrf52840_xxaa/nrf_fprintf_format.c.o
 .ARM.attributes
                0x0000046a       0x34 _build/nrf52840_xxaa/nrf_memobj.c.o
 .ARM.attributes
                0x0000049e       0x34 _build/nrf52840_xxaa/nrf_pwr_mgmt.c.o